Archive member included to satisfy reference by file (symbol)

c:/program files (x86)/atollic/truestudio for arm 6.0.0/armtools/bin/../lib/gcc/arm-atollic-eabi/5.3.1/../../../../arm-atollic-eabi/lib/armv7-m\libc_nano.a(lib_a-init.o)
                              src\startup_stm32l1xx_hd.o (__libc_init_array)
c:/program files (x86)/atollic/truestudio for arm 6.0.0/armtools/bin/../lib/gcc/arm-atollic-eabi/5.3.1/../../../../arm-atollic-eabi/lib/armv7-m\libc_nano.a(lib_a-strlen.o)
                              src\tiny_printf.o (strlen)
c:/program files (x86)/atollic/truestudio for arm 6.0.0/armtools/bin/../lib/gcc/arm-atollic-eabi/5.3.1/../../../../arm-atollic-eabi/lib/armv7-m\libm.a(lib_a-w_atan2.o)
                              src\i2c.o (atan2)
c:/program files (x86)/atollic/truestudio for arm 6.0.0/armtools/bin/../lib/gcc/arm-atollic-eabi/5.3.1/../../../../arm-atollic-eabi/lib/armv7-m\libm.a(lib_a-e_atan2.o)
                              c:/program files (x86)/atollic/truestudio for arm 6.0.0/armtools/bin/../lib/gcc/arm-atollic-eabi/5.3.1/../../../../arm-atollic-eabi/lib/armv7-m\libm.a(lib_a-w_atan2.o) (__ieee754_atan2)
c:/program files (x86)/atollic/truestudio for arm 6.0.0/armtools/bin/../lib/gcc/arm-atollic-eabi/5.3.1/../../../../arm-atollic-eabi/lib/armv7-m\libm.a(lib_a-s_atan.o)
                              c:/program files (x86)/atollic/truestudio for arm 6.0.0/armtools/bin/../lib/gcc/arm-atollic-eabi/5.3.1/../../../../arm-atollic-eabi/lib/armv7-m\libm.a(lib_a-e_atan2.o) (atan)
c:/program files (x86)/atollic/truestudio for arm 6.0.0/armtools/bin/../lib/gcc/arm-atollic-eabi/5.3.1/../../../../arm-atollic-eabi/lib/armv7-m\libm.a(lib_a-s_fabs.o)
                              c:/program files (x86)/atollic/truestudio for arm 6.0.0/armtools/bin/../lib/gcc/arm-atollic-eabi/5.3.1/../../../../arm-atollic-eabi/lib/armv7-m\libm.a(lib_a-e_atan2.o) (fabs)
c:/program files (x86)/atollic/truestudio for arm 6.0.0/armtools/bin/../lib/gcc/arm-atollic-eabi/5.3.1/armv7-m\libgcc.a(_arm_addsubdf3.o)
                              src\i2c.o (__aeabi_dsub)
c:/program files (x86)/atollic/truestudio for arm 6.0.0/armtools/bin/../lib/gcc/arm-atollic-eabi/5.3.1/armv7-m\libgcc.a(_arm_muldivdf3.o)
                              src\i2c.o (__aeabi_dmul)
c:/program files (x86)/atollic/truestudio for arm 6.0.0/armtools/bin/../lib/gcc/arm-atollic-eabi/5.3.1/armv7-m\libgcc.a(_arm_cmpdf2.o)
                              src\bug_0.o (__aeabi_dcmplt)
c:/program files (x86)/atollic/truestudio for arm 6.0.0/armtools/bin/../lib/gcc/arm-atollic-eabi/5.3.1/armv7-m\libgcc.a(_arm_fixdfsi.o)
                              src\i2c.o (__aeabi_d2iz)
c:/program files (x86)/atollic/truestudio for arm 6.0.0/armtools/bin/../lib/gcc/arm-atollic-eabi/5.3.1/armv7-m\libgcc.a(_arm_fixunsdfsi.o)
                              src\bluetooth.o (__aeabi_d2uiz)
c:/program files (x86)/atollic/truestudio for arm 6.0.0/armtools/bin/../lib/gcc/arm-atollic-eabi/5.3.1/armv7-m\libgcc.a(_arm_truncdfsf2.o)
                              src\i2c.o (__aeabi_d2f)
c:/program files (x86)/atollic/truestudio for arm 6.0.0/armtools/bin/../lib/gcc/arm-atollic-eabi/5.3.1/armv7-m\libgcc.a(_arm_addsubsf3.o)
                              src\i2c.o (__aeabi_fsub)
c:/program files (x86)/atollic/truestudio for arm 6.0.0/armtools/bin/../lib/gcc/arm-atollic-eabi/5.3.1/armv7-m\libgcc.a(_arm_muldivsf3.o)
                              src\i2c.o (__aeabi_fmul)
c:/program files (x86)/atollic/truestudio for arm 6.0.0/armtools/bin/../lib/gcc/arm-atollic-eabi/5.3.1/armv7-m\libgcc.a(_arm_cmpsf2.o)
                              src\i2c.o (__aeabi_fcmplt)
c:/program files (x86)/atollic/truestudio for arm 6.0.0/armtools/bin/../lib/gcc/arm-atollic-eabi/5.3.1/../../../../arm-atollic-eabi/lib/armv7-m\libnosys.a(write.o)
                              src\tiny_printf.o (_write)
c:/program files (x86)/atollic/truestudio for arm 6.0.0/armtools/bin/../lib/gcc/arm-atollic-eabi/5.3.1/../../../../arm-atollic-eabi/lib/armv7-m\libnosys.a(errno.o)
                              c:/program files (x86)/atollic/truestudio for arm 6.0.0/armtools/bin/../lib/gcc/arm-atollic-eabi/5.3.1/../../../../arm-atollic-eabi/lib/armv7-m\libnosys.a(write.o) (errno)

Allocating common symbols
Common symbol       size              file

gI2C_Timeout        0x2               src\i2c.o
gDataBuffer         0x10              src\i2c.o
goal_bearing        0x4               src\bluetooth.o
obstacle_forward    0x8               src\bug_0.o
errno               0x4               c:/program files (x86)/atollic/truestudio for arm 6.0.0/armtools/bin/../lib/gcc/arm-atollic-eabi/5.3.1/../../../../arm-atollic-eabi/lib/armv7-m\libnosys.a(errno.o)
running             0x4               src\bluetooth.o
avoidance_aktiv     0x4               src\bug_0.o
indicatorTimeStamp  0x8               src\runIndicatorLED.o
debug               0x4               src\bluetooth.o
RightSensorCaptureStruc
                    0x10              src\sensor.o
change_goal_request
[...]
Memory Configuration

Name             Origin             Length             Attributes
FLASH            0x08000000         0x00080000         xr
RAM              0x20000000         0x00014000         xrw
MEMORY_B1        0x60000000         0x00000000         xr
*default*        0x00000000         0xffffffff

Linker script and memory map

LOAD c:/program files (x86)/atollic/truestudio for arm 6.0.0/armtools/bin/../lib/gcc/arm-atollic-eabi/5.3.1/armv7-m/crti.o
LOAD c:/program files (x86)/atollic/truestudio for arm 6.0.0/armtools/bin/../lib/gcc/arm-atollic-eabi/5.3.1/armv7-m/crtbegin.o
LOAD Libraries\STM32L1xx_StdPeriph_Driver\src\misc.o
LOAD Libraries\STM32L1xx_StdPeriph_Driver\src\stm32l1xx_adc.o
LOAD Libraries\STM32L1xx_StdPeriph_Driver\src\stm32l1xx_aes.o
LOAD Libraries\STM32L1xx_StdPeriph_Driver\src\stm32l1xx_aes_util.o
LOAD Libraries\STM32L1xx_StdPeriph_Driver\src\stm32l1xx_comp.o
LOAD Libraries\STM32L1xx_StdPeriph_Driver\src\stm32l1xx_crc.o
LOAD Libraries\STM32L1xx_StdPeriph_Driver\src\stm32l1xx_dac.o
LOAD Libraries\STM32L1xx_StdPeriph_Driver\src\stm32l1xx_dbgmcu.o
LOAD Libraries\STM32L1xx_StdPeriph_Driver\src\stm32l1xx_dma.o
LOAD Libraries\STM32L1xx_StdPeriph_Driver\src\stm32l1xx_exti.o
LOAD Libraries\STM32L1xx_StdPeriph_Driver\src\stm32l1xx_flash.o
LOAD Libraries\STM32L1xx_StdPeriph_Driver\src\stm32l1xx_flash_ramfunc.o
LOAD Libraries\STM32L1xx_StdPeriph_Driver\src\stm32l1xx_fsmc.o
LOAD Libraries\STM32L1xx_StdPeriph_Driver\src\stm32l1xx_gpio.o
LOAD Libraries\STM32L1xx_StdPeriph_Driver\src\stm32l1xx_i2c.o
LOAD Libraries\STM32L1xx_StdPeriph_Driver\src\stm32l1xx_iwdg.o
LOAD Libraries\STM32L1xx_StdPeriph_Driver\src\stm32l1xx_lcd.o
LOAD Libraries\STM32L1xx_StdPeriph_Driver\src\stm32l1xx_opamp.o
LOAD Libraries\STM32L1xx_StdPeriph_Driver\src\stm32l1xx_pwr.o
LOAD Libraries\STM32L1xx_StdPeriph_Driver\src\stm32l1xx_rcc.o
LOAD Libraries\STM32L1xx_StdPeriph_Driver\src\stm32l1xx_rtc.o
LOAD Libraries\STM32L1xx_StdPeriph_Driver\src\stm32l1xx_sdio.o
LOAD Libraries\STM32L1xx_StdPeriph_Driver\src\stm32l1xx_spi.o
LOAD Libraries\STM32L1xx_StdPeriph_Driver\src\stm32l1xx_syscfg.o
LOAD Libraries\STM32L1xx_StdPeriph_Driver\src\stm32l1xx_tim.o
LOAD Libraries\STM32L1xx_StdPeriph_Driver\src\stm32l1xx_usart.o
LOAD Libraries\STM32L1xx_StdPeriph_Driver\src\stm32l1xx_wwdg.o
LOAD src\HMC5883L.o
LOAD src\bluetooth.o
LOAD src\bug_0.o
LOAD src\i2c.o
LOAD src\main.o
LOAD src\motorctrl.o
LOAD src\runIndicatorLED.o
LOAD src\sensor.o
LOAD src\startup_stm32l1xx_hd.o
LOAD src\stm32l1xx_it.o
LOAD src\system_stm32l1xx.o
LOAD src\tiny_printf.o
START GROUP
LOAD c:/program files (x86)/atollic/truestudio for arm 6.0.0/armtools/bin/../lib/gcc/arm-atollic-eabi/5.3.1/../../../../arm-atollic-eabi/lib/armv7-m\libc_nano.a
LOAD c:/program files (x86)/atollic/truestudio for arm 6.0.0/armtools/bin/../lib/gcc/arm-atollic-eabi/5.3.1/../../../../arm-atollic-eabi/lib/armv7-m\libm.a
END GROUP
                0x00000080                malloc_getpagesize_P = 0x80
START GROUP
LOAD c:/program files (x86)/atollic/truestudio for arm 6.0.0/armtools/bin/../lib/gcc/arm-atollic-eabi/5.3.1/armv7-m\libgcc.a
LOAD c:/program files (x86)/atollic/truestudio for arm 6.0.0/armtools/bin/../lib/gcc/arm-atollic-eabi/5.3.1/../../../../arm-atollic-eabi/lib/armv7-m\libc_nano.a
END GROUP
START GROUP
LOAD c:/program files (x86)/atollic/truestudio for arm 6.0.0/armtools/bin/../lib/gcc/arm-atollic-eabi/5.3.1/armv7-m\libgcc.a
LOAD c:/program files (x86)/atollic/truestudio for arm 6.0.0/armtools/bin/../lib/gcc/arm-atollic-eabi/5.3.1/../../../../arm-atollic-eabi/lib/armv7-m\libc_nano.a
LOAD c:/program files (x86)/atollic/truestudio for arm 6.0.0/armtools/bin/../lib/gcc/arm-atollic-eabi/5.3.1/../../../../arm-atollic-eabi/lib/armv7-m\libnosys.a
END GROUP
START GROUP
LOAD c:/program files (x86)/atollic/truestudio for arm 6.0.0/armtools/bin/../lib/gcc/arm-atollic-eabi/5.3.1/armv7-m\libgcc.a
LOAD c:/program files (x86)/atollic/truestudio for arm 6.0.0/armtools/bin/../lib/gcc/arm-atollic-eabi/5.3.1/../../../../arm-atollic-eabi/lib/armv7-m\libc_nano.a
LOAD c:/program files (x86)/atollic/truestudio for arm 6.0.0/armtools/bin/../lib/gcc/arm-atollic-eabi/5.3.1/../../../../arm-atollic-eabi/lib/armv7-m\libnosys.a
END GROUP
LOAD c:/program files (x86)/atollic/truestudio for arm 6.0.0/armtools/bin/../lib/gcc/arm-atollic-eabi/5.3.1/armv7-m/crtend.o
LOAD c:/program files (x86)/atollic/truestudio for arm 6.0.0/armtools/bin/../lib/gcc/arm-atollic-eabi/5.3.1/armv7-m/crtn.o
                0x20014000                _estack = 0x20014000
                0x00000000                _Min_Heap_Size = 0x0
                0x00000400                _Min_Stack_Size = 0x400

.isr_vector     0x08000000      0x13c
                0x08000000                . = ALIGN (0x4)
 *(.isr_vector)
 .isr_vector    0x08000000      0x13c src\startup_stm32l1xx_hd.o
                0x08000000                g_pfnVectors
                0x0800013c                . = ALIGN (0x4)

.text           0x08000140     0x3df4
                0x08000140                . = ALIGN (0x4)
 *(.text)
 .text          0x08000140       0x40 c:/program files (x86)/atollic/truestudio for arm 6.0.0/armtools/bin/../lib/gcc/arm-atollic-eabi/5.3.1/armv7-m/crtbegin.o
 .text          0x08000180      0x370 c:/program files (x86)/atollic/truestudio for arm 6.0.0/armtools/bin/../lib/gcc/arm-atollic-eabi/5.3.1/armv7-m\libgcc.a(_arm_addsubdf3.o)
                0x08000180                __aeabi_drsub
                0x08000188                __aeabi_dsub
                0x08000188                __subdf3
                0x0800018c                __aeabi_dadd
                0x0800018c                __adddf3
                0x08000404                __floatunsidf
                0x08000404                __aeabi_ui2d
                0x08000424                __floatsidf
                0x08000424                __aeabi_i2d
                0x08000448                __aeabi_f2d
                0x08000448                __extendsfdf2
                0x08000484                __floatundidf
                0x08000484                __aeabi_ul2d
                0x08000494                __floatdidf
                0x08000494                __aeabi_l2d
 .text          0x080004f0      0x424 c:/program files (x86)/atollic/truestudio for arm 6.0.0/armtools/bin/../lib/gcc/arm-atollic-eabi/5.3.1/armv7-m\libgcc.a(_arm_muldivdf3.o)
                0x080004f0                __aeabi_dmul
                0x080004f0                __muldf3
                0x08000744                __divdf3
                0x08000744                __aeabi_ddiv
 .text          0x08000914      0x110 c:/program files (x86)/atollic/truestudio for arm 6.0.0/armtools/bin/../lib/gcc/arm-atollic-eabi/5.3.1/armv7-m\libgcc.a(_arm_cmpdf2.o)
                0x08000914                __gtdf2
                0x08000914                __gedf2
                0x0800091c                __ltdf2
                0x0800091c                __ledf2
                0x08000924                __nedf2
                0x08000924                __eqdf2
                0x08000924                __cmpdf2
                0x080009a0                __aeabi_cdrcmple
                0x080009b0                __aeabi_cdcmpeq
                0x080009b0                __aeabi_cdcmple
                0x080009c0                __aeabi_dcmpeq
                0x080009d4                __aeabi_dcmplt
                0x080009e8                __aeabi_dcmple
                0x080009fc                __aeabi_dcmpge
                0x08000a10                __aeabi_dcmpgt
 .text          0x08000a24       0x50 c:/program files (x86)/atollic/truestudio for arm 6.0.0/armtools/bin/../lib/gcc/arm-atollic-eabi/5.3.1/armv7-m\libgcc.a(_arm_fixdfsi.o)
                0x08000a24                __aeabi_d2iz
                0x08000a24                __fixdfsi
 .text          0x08000a74       0x40 c:/program files (x86)/atollic/truestudio for arm 6.0.0/armtools/bin/../lib/gcc/arm-atollic-eabi/5.3.1/armv7-m\libgcc.a(_arm_fixunsdfsi.o)
                0x08000a74                __aeabi_d2uiz
                0x08000a74                __fixunsdfsi
 *(.text*)
 .text.NVIC_Init
                0x08000ab4       0xc0 Libraries\STM32L1xx_StdPeriph_Driver\src\misc.o
                0x08000ab4                NVIC_Init
 .text.GPIO_Init
                0x08000b74      0x12c Libraries\STM32L1xx_StdPeriph_Driver\src\stm32l1xx_gpio.o
                0x08000b74                GPIO_Init
 .text.GPIO_ReadOutputDataBit
                0x08000ca0       0x38 Libraries\STM32L1xx_StdPeriph_Driver\src\stm32l1xx_gpio.o
                0x08000ca0                GPIO_ReadOutputDataBit
 .text.GPIO_WriteBit
                0x08000cd8       0x30 Libraries\STM32L1xx_StdPeriph_Driver\src\stm32l1xx_gpio.o
                0x08000cd8                GPIO_WriteBit
 .text.GPIO_ToggleBits
                0x08000d08       0x28 Libraries\STM32L1xx_StdPeriph_Driver\src\stm32l1xx_gpio.o
                0x08000d08                GPIO_ToggleBits
 .text.GPIO_PinAFConfig
                0x08000d30       0x90 Libraries\STM32L1xx_StdPeriph_Driver\src\stm32l1xx_gpio.o
                0x08000d30                GPIO_PinAFConfig
 .text.I2C_DeInit
                0x08000dc0       0x48 Libraries\STM32L1xx_StdPeriph_Driver\src\stm32l1xx_i2c.o
                0x08000dc0                I2C_DeInit
 .text.I2C_Init
                0x08000e08      0x184 Libraries\STM32L1xx_StdPeriph_Driver\src\stm32l1xx_i2c.o
                0x08000e08                I2C_Init
 .text.I2C_Cmd  0x08000f8c       0x40 Libraries\STM32L1xx_StdPeriph_Driver\src\stm32l1xx_i2c.o
                0x08000f8c                I2C_Cmd
 .text.I2C_GenerateSTOP
                0x08000fcc       0x40 Libraries\STM32L1xx_StdPeriph_Driver\src\stm32l1xx_i2c.o
                0x08000fcc                I2C_GenerateSTOP
 .text.I2C_AcknowledgeConfig
                0x0800100c       0x40 Libraries\STM32L1xx_StdPeriph_Driver\src\stm32l1xx_i2c.o
                0x0800100c                I2C_AcknowledgeConfig
 .text.RCC_GetClocksFreq
                0x0800104c      0x1b4 Libraries\STM32L1xx_StdPeriph_Driver\src\stm32l1xx_rcc.o
                0x0800104c                RCC_GetClocksFreq
 .text.RCC_AHBPeriphClockCmd
                0x08001200       0x3c Libraries\STM32L1xx_StdPeriph_Driver\src\stm32l1xx_rcc.o
                0x08001200                RCC_AHBPeriphClockCmd
 .text.RCC_APB2PeriphClockCmd
                0x0800123c       0x3c Libraries\STM32L1xx_StdPeriph_Driver\src\stm32l1xx_rcc.o
                0x0800123c                RCC_APB2PeriphClockCmd
 .text.RCC_APB1PeriphClockCmd
                0x08001278       0x3c Libraries\STM32L1xx_StdPeriph_Driver\src\stm32l1xx_rcc.o
                0x08001278                RCC_APB1PeriphClockCmd
 .text.RCC_APB1PeriphResetCmd
                0x080012b4       0x3c Libraries\STM32L1xx_StdPeriph_Driver\src\stm32l1xx_rcc.o
                0x080012b4                RCC_APB1PeriphResetCmd
 .text.TIM_TimeBaseInit
                0x080012f0       0xa4 Libraries\STM32L1xx_StdPeriph_Driver\src\stm32l1xx_tim.o
                0x080012f0                TIM_TimeBaseInit
 .text.TIM_Cmd  0x08001394       0x40 Libraries\STM32L1xx_StdPeriph_Driver\src\stm32l1xx_tim.o
                0x08001394                TIM_Cmd
 .text.TIM_OC3Init
                0x080013d4       0x84 Libraries\STM32L1xx_StdPeriph_Driver\src\stm32l1xx_tim.o
                0x080013d4                TIM_OC3Init
 .text.TIM_OC4Init
                0x08001458       0x88 Libraries\STM32L1xx_StdPeriph_Driver\src\stm32l1xx_tim.o
                0x08001458                TIM_OC4Init
 .text.TIM_OC3PreloadConfig
                0x080014e0       0x38 Libraries\STM32L1xx_StdPeriph_Driver\src\stm32l1xx_tim.o
                0x080014e0                TIM_OC3PreloadConfig
 .text.TIM_OC4PreloadConfig
                0x08001518       0x3c Libraries\STM32L1xx_StdPeriph_Driver\src\stm32l1xx_tim.o
                0x08001518                TIM_OC4PreloadConfig
 .text.TIM_ICInit
                0x08001554       0xa8 Libraries\STM32L1xx_StdPeriph_Driver\src\stm32l1xx_tim.o
                0x08001554                TIM_ICInit
 .text.TIM_GetCapture1
                0x080015fc       0x18 Libraries\STM32L1xx_StdPeriph_Driver\src\stm32l1xx_tim.o
                0x080015fc                TIM_GetCapture1
 .text.TIM_GetCapture3
                0x08001614       0x18 Libraries\STM32L1xx_StdPeriph_Driver\src\stm32l1xx_tim.o
                0x08001614                TIM_GetCapture3
 .text.TIM_GetCapture4
                0x0800162c       0x18 Libraries\STM32L1xx_StdPeriph_Driver\src\stm32l1xx_tim.o
                0x0800162c                TIM_GetCapture4
 .text.TIM_SetIC1Prescaler
                0x08001644       0x38 Libraries\STM32L1xx_StdPeriph_Driver\src\stm32l1xx_tim.o
                0x08001644                TIM_SetIC1Prescaler
 .text.TIM_SetIC2Prescaler
                0x0800167c       0x3c Libraries\STM32L1xx_StdPeriph_Driver\src\stm32l1xx_tim.o
                0x0800167c                TIM_SetIC2Prescaler
 .text.TIM_SetIC3Prescaler
                0x080016b8       0x38 Libraries\STM32L1xx_StdPeriph_Driver\src\stm32l1xx_tim.o
                0x080016b8                TIM_SetIC3Prescaler
 .text.TIM_SetIC4Prescaler
                0x080016f0       0x3c Libraries\STM32L1xx_StdPeriph_Driver\src\stm32l1xx_tim.o
                0x080016f0                TIM_SetIC4Prescaler
 .text.TIM_ITConfig
                0x0800172c       0x48 Libraries\STM32L1xx_StdPeriph_Driver\src\stm32l1xx_tim.o
                0x0800172c                TIM_ITConfig
 .text.TIM_GetITStatus
                0x08001774       0x54 Libraries\STM32L1xx_StdPeriph_Driver\src\stm32l1xx_tim.o
                0x08001774                TIM_GetITStatus
 .text.TIM_ClearITPendingBit
                0x080017c8       0x20 Libraries\STM32L1xx_StdPeriph_Driver\src\stm32l1xx_tim.o
                0x080017c8                TIM_ClearITPendingBit
 .text.TI1_Config
                0x080017e8       0x84 Libraries\STM32L1xx_StdPeriph_Driver\src\stm32l1xx_tim.o
 .text.TI2_Config
                0x0800186c       0x98 Libraries\STM32L1xx_StdPeriph_Driver\src\stm32l1xx_tim.o
 .text.TI3_Config
                0x08001904       0x90 Libraries\STM32L1xx_StdPeriph_Driver\src\stm32l1xx_tim.o
 .text.TI4_Config
                0x08001994       0x9c Libraries\STM32L1xx_StdPeriph_Driver\src\stm32l1xx_tim.o
 .text.USART_Init
                0x08001a30      0x168 Libraries\STM32L1xx_StdPeriph_Driver\src\stm32l1xx_usart.o
                0x08001a30                USART_Init
 .text.USART_Cmd
                0x08001b98       0x40 Libraries\STM32L1xx_StdPeriph_Driver\src\stm32l1xx_usart.o
                0x08001b98                USART_Cmd
 .text.USART_SendData
                0x08001bd8       0x24 Libraries\STM32L1xx_StdPeriph_Driver\src\stm32l1xx_usart.o
                0x08001bd8                USART_SendData
 .text.USART_ReceiveData
                0x08001bfc       0x20 Libraries\STM32L1xx_StdPeriph_Driver\src\stm32l1xx_usart.o
                0x08001bfc                USART_ReceiveData
 .text.USART_ITConfig
                0x08001c1c       0x90 Libraries\STM32L1xx_StdPeriph_Driver\src\stm32l1xx_usart.o
                0x08001c1c                USART_ITConfig
 .text.USART_GetITStatus
                0x08001cac       0xb4 Libraries\STM32L1xx_StdPeriph_Driver\src\stm32l1xx_usart.o
                0x08001cac                USART_GetITStatus
 .text.USART_ClearITPendingBit
                0x08001d60       0x38 Libraries\STM32L1xx_StdPeriph_Driver\src\stm32l1xx_usart.o
                0x08001d60                USART_ClearITPendingBit
 .text.readDataHMC5883L
                0x08001d98       0x34 src\HMC5883L.o
                0x08001d98                readDataHMC5883L
 .text.writeBytesToCompass
                0x08001dcc       0x40 src\HMC5883L.o
                0x08001dcc                writeBytesToCompass
 .text.initTimerMagnetometer
                0x08001e0c       0x68 src\HMC5883L.o
                0x08001e0c                initTimerMagnetometer
 .text.TIM11_IRQHandler
                0x08001e74       0x30 src\HMC5883L.o
                0x08001e74                TIM11_IRQHandler
 .text.compass_get_heading
                0x08001ea4       0x14 src\HMC5883L.o
                0x08001ea4                compass_get_heading
 .text.initUSART3
                0x08001eb8       0xd8 src\bluetooth.o
                0x08001eb8                initUSART3
 .text.PutcUART3
                0x08001f90       0x24 src\bluetooth.o
                0x08001f90                PutcUART3
 .text.USART3_IRQHandler
                0x08001fb4       0xc4 src\bluetooth.o
                0x08001fb4                USART3_IRQHandler
 .text.sendValue
                0x08002078       0x60 src\bluetooth.o
                0x08002078                sendValue
 .text.init     0x080020d8       0x6c src\bug_0.o
                0x080020d8                init
 .text.run      0x08002144      0x1ac src\bug_0.o
                0x08002144                run
 .text.stop     0x080022f0       0x14 src\bug_0.o
                0x080022f0                stop
 .text.go_forward
                0x08002304       0x14 src\bug_0.o
                0x08002304                go_forward
 .text.turn_left
                0x08002318       0x24 src\bug_0.o
                0x08002318                turn_left
 .text.turn_left_one_wheel
                0x0800233c       0x1c src\bug_0.o
                0x0800233c                turn_left_one_wheel
 .text.turn_right
                0x08002358       0x24 src\bug_0.o
                0x08002358                turn_right
 .text.turn_right_one_wheel
                0x0800237c       0x20 src\bug_0.o
                0x0800237c                turn_right_one_wheel
 .text.turn     0x0800239c      0x118 src\bug_0.o
                0x0800239c                turn
 .text.initI2C1
                0x080024b4       0xc8 src\i2c.o
                0x080024b4                initI2C1
 .text.writeByteI2C1
                0x0800257c       0x2c src\i2c.o
                0x0800257c                writeByteI2C1
 .text.readByteI2C1
                0x080025a8       0x3c src\i2c.o
                0x080025a8                readByteI2C1
 .text.I2C_Master_BufferRead
                0x080025e4      0x4a4 src\i2c.o
                0x080025e4                I2C_Master_BufferRead
 .text.I2C_Master_BufferWrite
                0x08002a88      0x168 src\i2c.o
                0x08002a88                I2C_Master_BufferWrite
 .text.readDataCompass
                0x08002bf0       0xf4 src\i2c.o
                0x08002bf0                readDataCompass
 *fill*         0x08002ce4        0x4 
 .text.main     0x08002ce8       0x34 src\main.o
                0x08002ce8                main
 .text.InitializeOutput
                0x08002d1c       0x58 src\motorctrl.o
                0x08002d1c                InitializeOutput
 .text.InitializeTimer
                0x08002d74       0x90 src\motorctrl.o
                0x08002d74                InitializeTimer
 .text.Motor_init
                0x08002e04       0x10 src\motorctrl.o
                0x08002e04                Motor_init
 .text.right_motor_set_speed
                0x08002e14       0x60 src\motorctrl.o
                0x08002e14                right_motor_set_speed
 .text.left_motor_set_speed
                0x08002e74       0x5c src\motorctrl.o
                0x08002e74                left_motor_set_speed
 .text.init_indicator_LED
                0x08002ed0       0x14 src\runIndicatorLED.o
                0x08002ed0                init_indicator_LED
 .text.init_indicator_LED_pin
                0x08002ee4       0x34 src\runIndicatorLED.o
                0x08002ee4                init_indicator_LED_pin
 .text.init_indicator_LED_trigtim
                0x08002f18       0x60 src\runIndicatorLED.o
                0x08002f18                init_indicator_LED_trigtim
 .text.init_indicator_LED_trigtim_interrupt
                0x08002f78       0x28 src\runIndicatorLED.o
                0x08002f78                init_indicator_LED_trigtim_interrupt
 .text.TIM6_IRQHandler
                0x08002fa0       0x44 src\runIndicatorLED.o
                0x08002fa0                TIM6_IRQHandler
 .text.sensorInit
                0x08002fe4       0x20 src\sensor.o
                0x08002fe4                sensorInit
 .text.initSensorCaptureStruc
                0x08003004       0x60 src\sensor.o
                0x08003004                initSensorCaptureStruc
 .text.sensorInitCallTimer
                0x08003064       0x58 src\sensor.o
                0x08003064                sensorInitCallTimer
 .text.sensorInitCallTimerInterrupt
                0x080030bc       0x28 src\sensor.o
                0x080030bc                sensorInitCallTimerInterrupt
 .text.sensorInitTriggerTimer
                0x080030e4       0x48 src\sensor.o
                0x080030e4                sensorInitTriggerTimer
 .text.sensorInitTriggerTimerInterrup
                0x0800312c       0x28 src\sensor.o
                0x0800312c                sensorInitTriggerTimerInterrup
 .text.sensorInitTriggerPin
                0x08003154       0x58 src\sensor.o
                0x08003154                sensorInitTriggerPin
 .text.sensorInitCaptureTimer
                0x080031ac       0x9c src\sensor.o
                0x080031ac                sensorInitCaptureTimer
 .text.sensorInitCaptureTimerInterrup
                0x08003248       0x28 src\sensor.o
                0x08003248                sensorInitCaptureTimerInterrup
 .text.sensorInitCapturePins
                0x08003270       0x74 src\sensor.o
                0x08003270                sensorInitCapturePins
 .text.leftSensorMeasure
                0x080032e4       0x3c src\sensor.o
                0x080032e4                leftSensorMeasure
 .text.rightSensorMeasure
                0x08003320       0x3c src\sensor.o
                0x08003320                rightSensorMeasure
 .text.forwardSensorMeasure
                0x0800335c       0x3c src\sensor.o
                0x0800335c                forwardSensorMeasure
 .text.TIM7_IRQHandler
                0x08003398       0x88 src\sensor.o
                0x08003398                TIM7_IRQHandler
 .text.TIM3_IRQHandler
                0x08003420       0x1c src\sensor.o
                0x08003420                TIM3_IRQHandler
 .text.TIM10_IRQHandler
                0x0800343c       0x60 src\sensor.o
                0x0800343c                TIM10_IRQHandler
 .text.leftSensorCaptureHandler
                0x0800349c       0x60 src\sensor.o
                0x0800349c                leftSensorCaptureHandler
 .text.rightSensorCaptureHandler
                0x080034fc       0x60 src\sensor.o
                0x080034fc                rightSensorCaptureHandler
 .text.forwardSensorCaptureHandler
                0x0800355c       0x60 src\sensor.o
                0x0800355c                forwardSensorCaptureHandler
 *fill*         0x080035bc        0x4 
 .text.leftSensorGetDistance
                0x080035c0       0x94 src\sensor.o
                0x080035c0                leftSensorGetDistance
 *fill*         0x08003654        0x4 
 .text.rightSensorGetDistance
                0x08003658       0x94 src\sensor.o
                0x08003658                rightSensorGetDistance
 *fill*         0x080036ec        0x4 
 .text.forwardSensorGetDistance
                0x080036f0       0x94 src\sensor.o
                0x080036f0                forwardSensorGetDistance
 .text.computeEchoDuration
                0x08003784       0x4c src\sensor.o
                0x08003784                computeEchoDuration
 .text.Reset_Handler
                0x080037d0       0x50 src\startup_stm32l1xx_hd.o
                0x080037d0                Reset_Handler
 .text.Default_Handler
                0x08003820        0x2 src\startup_stm32l1xx_hd.o
                0x08003820                RTC_Alarm_IRQHandler
                0x08003820                EXTI2_IRQHandler
                0x08003820                COMP_ACQ_IRQHandler
                0x08003820                USB_HP_IRQHandler
                0x08003820                PVD_IRQHandler
                0x08003820                SDIO_IRQHandler
                0x08003820                EXTI3_IRQHandler
                0x08003820                EXTI0_IRQHandler
                0x08003820                I2C2_EV_IRQHandler
                0x08003820                SPI1_IRQHandler
                0x08003820                USB_FS_WKUP_IRQHandler
                0x08003820                DMA2_Channel2_IRQHandler
                0x08003820                DMA1_Channel4_IRQHandler
                0x08003820                ADC1_IRQHandler
                0x08003820                DMA1_Channel7_IRQHandler
                0x08003820                LCD_IRQHandler
                0x08003820                UART5_IRQHandler
                0x08003820                TIM4_IRQHandler
                0x08003820                DMA2_Channel1_IRQHandler
                0x08003820                I2C1_EV_IRQHandler
                0x08003820                DMA1_Channel6_IRQHandler
                0x08003820                UART4_IRQHandler
                0x08003820                DMA2_Channel4_IRQHandler
                0x08003820                RCC_IRQHandler
                0x08003820                DMA1_Channel1_IRQHandler
                0x08003820                Default_Handler
                0x08003820                EXTI15_10_IRQHandler
                0x08003820                TIM5_IRQHandler
                0x08003820                EXTI9_5_IRQHandler
                0x08003820                TIM9_IRQHandler
                0x08003820                TAMPER_STAMP_IRQHandler
                0x08003820                RTC_WKUP_IRQHandler
                0x08003820                SPI2_IRQHandler
                0x08003820                DMA2_Channel5_IRQHandler
                0x08003820                DMA1_Channel5_IRQHandler
                0x08003820                USB_LP_IRQHandler
                0x08003820                EXTI4_IRQHandler
                0x08003820                DMA1_Channel3_IRQHandler
                0x08003820                COMP_IRQHandler
                0x08003820                WWDG_IRQHandler
                0x08003820                TIM2_IRQHandler
                0x08003820                DAC_IRQHandler
                0x08003820                EXTI1_IRQHandler
                0x08003820                AES_IRQHandler
                0x08003820                USART2_IRQHandler
                0x08003820                I2C2_ER_IRQHandler
                0x08003820                DMA1_Channel2_IRQHandler
                0x08003820                FLASH_IRQHandler
                0x08003820                USART1_IRQHandler
                0x08003820                SPI3_IRQHandler
                0x08003820                I2C1_ER_IRQHandler
                0x08003820                DMA2_Channel3_IRQHandler
 *fill*         0x08003822        0x2 
 .text.NMI_Handler
                0x08003824        0xc src\stm32l1xx_it.o
                0x08003824                NMI_Handler
 .text.HardFault_Handler
                0x08003830        0x8 src\stm32l1xx_it.o
                0x08003830                HardFault_Handler
 .text.MemManage_Handler
                0x08003838        0x8 src\stm32l1xx_it.o
                0x08003838                MemManage_Handler
 .text.BusFault_Handler
                0x08003840        0x8 src\stm32l1xx_it.o
                0x08003840                BusFault_Handler
 .text.UsageFault_Handler
                0x08003848        0x8 src\stm32l1xx_it.o
                0x08003848                UsageFault_Handler
 .text.SVC_Handler
                0x08003850        0xc src\stm32l1xx_it.o
                0x08003850                SVC_Handler
 .text.DebugMon_Handler
                0x0800385c        0xc src\stm32l1xx_it.o
                0x0800385c                DebugMon_Handler
 .text.PendSV_Handler
                0x08003868        0xc src\stm32l1xx_it.o
                0x08003868                PendSV_Handler
 .text.SysTick_Handler
                0x08003874        0xc src\stm32l1xx_it.o
                0x08003874                SysTick_Handler
 .text.SystemInit
                0x08003880       0x68 src\system_stm32l1xx.o
                0x08003880                SystemInit
 .text.SetSysClock
                0x080038e8      0x120 src\system_stm32l1xx.o
 .text.__libc_init_array
                0x08003a08       0x4c c:/program files (x86)/atollic/truestudio for arm 6.0.0/armtools/bin/../lib/gcc/arm-atollic-eabi/5.3.1/../../../../arm-atollic-eabi/lib/armv7-m\libc_nano.a(lib_a-init.o)
                0x08003a08                __libc_init_array
 .text.atan2    0x08003a54        0x4 c:/program files (x86)/atollic/truestudio for arm 6.0.0/armtools/bin/../lib/gcc/arm-atollic-eabi/5.3.1/../../../../arm-atollic-eabi/lib/armv7-m\libm.a(lib_a-w_atan2.o)
                0x08003a54                atan2
 .text.__ieee754_atan2
                0x08003a58      0x19c c:/program files (x86)/atollic/truestudio for arm 6.0.0/armtools/bin/../lib/gcc/arm-atollic-eabi/5.3.1/../../../../arm-atollic-eabi/lib/armv7-m\libm.a(lib_a-e_atan2.o)
                0x08003a58                __ieee754_atan2
 *fill*         0x08003bf4        0x4 
 .text.atan     0x08003bf8      0x31c c:/program files (x86)/atollic/truestudio for arm 6.0.0/armtools/bin/../lib/gcc/arm-atollic-eabi/5.3.1/../../../../arm-atollic-eabi/lib/armv7-m\libm.a(lib_a-s_atan.o)
                0x08003bf8                atan
 .text.fabs     0x08003f14        0x6 c:/program files (x86)/atollic/truestudio for arm 6.0.0/armtools/bin/../lib/gcc/arm-atollic-eabi/5.3.1/../../../../arm-atollic-eabi/lib/armv7-m\libm.a(lib_a-s_fabs.o)
                0x08003f14                fabs
 *(.glue_7)
 .glue_7        0x08003f1a        0x0 linker stubs
 *(.glue_7t)
 .glue_7t       0x08003f1a        0x0 linker stubs
 *(.eh_frame)
 *fill*         0x08003f1a        0x2 
 .eh_frame      0x08003f1c        0x0 c:/program files (x86)/atollic/truestudio for arm 6.0.0/armtools/bin/../lib/gcc/arm-atollic-eabi/5.3.1/armv7-m/crtbegin.o
 *(.init)
 .init          0x08003f1c        0x4 c:/program files (x86)/atollic/truestudio for arm 6.0.0/armtools/bin/../lib/gcc/arm-atollic-eabi/5.3.1/armv7-m/crti.o
                0x08003f1c                _init
 .init          0x08003f20        0x8 c:/program files (x86)/atollic/truestudio for arm 6.0.0/armtools/bin/../lib/gcc/arm-atollic-eabi/5.3.1/armv7-m/crtn.o
 *(.fini)
 .fini          0x08003f28        0x4 c:/program files (x86)/atollic/truestudio for arm 6.0.0/armtools/bin/../lib/gcc/arm-atollic-eabi/5.3.1/armv7-m/crti.o
                0x08003f28                _fini
 .fini          0x08003f2c        0x8 c:/program files (x86)/atollic/truestudio for arm 6.0.0/armtools/bin/../lib/gcc/arm-atollic-eabi/5.3.1/armv7-m/crtn.o
                0x08003f34                . = ALIGN (0x4)
                0x08003f34                _etext = .

.vfp11_veneer   0x08003f34        0x0
 .vfp11_veneer  0x08003f34        0x0 linker stubs

.v4_bx          0x08003f34        0x0
 .v4_bx         0x08003f34        0x0 linker stubs

.iplt           0x08003f34        0x0
 .iplt          0x08003f34        0x0 c:/program files (x86)/atollic/truestudio for arm 6.0.0/armtools/bin/../lib/gcc/arm-atollic-eabi/5.3.1/armv7-m/crtbegin.o

.rodata         0x08003f38       0x40
                0x08003f38                . = ALIGN (0x4)
 *(.rodata)
 *(.rodata*)
 .rodata.atanlo
                0x08003f38       0x20 c:/program files (x86)/atollic/truestudio for arm 6.0.0/armtools/bin/../lib/gcc/arm-atollic-eabi/5.3.1/../../../../arm-atollic-eabi/lib/armv7-m\libm.a(lib_a-s_atan.o)
 .rodata.atanhi
                0x08003f58       0x20 c:/program files (x86)/atollic/truestudio for arm 6.0.0/armtools/bin/../lib/gcc/arm-atollic-eabi/5.3.1/../../../../arm-atollic-eabi/lib/armv7-m\libm.a(lib_a-s_atan.o)
                0x08003f78                . = ALIGN (0x4)

.rel.dyn        0x08003f78        0x0
 .rel.iplt      0x08003f78        0x0 c:/program files (x86)/atollic/truestudio for arm 6.0.0/armtools/bin/../lib/gcc/arm-atollic-eabi/5.3.1/armv7-m/crtbegin.o

.ARM.extab
 *(.ARM.extab* .gnu.linkonce.armextab.*)

.ARM            0x08003f78        0x0
                0x08003f78                __exidx_start = .
 *(.ARM.exidx*)
                0x08003f78                __exidx_end = .

.preinit_array  0x08003f78        0x0
                0x08003f78                PROVIDE (__preinit_array_start, .)
 *(.preinit_array*)
                0x08003f78                PROVIDE (__preinit_array_end, .)

.init_array     0x08003f78        0x4
                0x08003f78                PROVIDE (__init_array_start, .)
 *(SORT(.init_array.*))
 *(.init_array*)
 .init_array    0x08003f78        0x4 c:/program files (x86)/atollic/truestudio for arm 6.0.0/armtools/bin/../lib/gcc/arm-atollic-eabi/5.3.1/armv7-m/crtbegin.o
                0x08003f7c                PROVIDE (__init_array_end, .)

.fini_array     0x08003f7c        0x4
                [!provide]                PROVIDE (__fini_array_start, .)
 *(SORT(.fini_array.*))
 *(.fini_array*)
 .fini_array    0x08003f7c        0x4 c:/program files (x86)/atollic/truestudio for arm 6.0.0/armtools/bin/../lib/gcc/arm-atollic-eabi/5.3.1/armv7-m/crtbegin.o
                [!provide]                PROVIDE (__fini_array_end, .)
                0x08003f80                _sidata = LOADADDR (.data)

.data           0x20000000       0x1c load address 0x08003f80
                0x20000000                . = ALIGN (0x4)
                0x20000000                _sdata = .
 *(.data)
 *(.data*)
 .data.PLLMulTable
                0x20000000        0x9 Libraries\STM32L1xx_StdPeriph_Driver\src\stm32l1xx_rcc.o
 *fill*         0x20000009        0x3 
 .data.APBAHBPrescTable
                0x2000000c       0x10 Libraries\STM32L1xx_StdPeriph_Driver\src\stm32l1xx_rcc.o
                0x2000001c                . = ALIGN (0x4)
                0x2000001c                _edata = .

.igot.plt       0x2000001c        0x0 load address 0x08003f9c
 .igot.plt      0x2000001c        0x0 c:/program files (x86)/atollic/truestudio for arm 6.0.0/armtools/bin/../lib/gcc/arm-atollic-eabi/5.3.1/armv7-m/crtbegin.o
                0x2000001c                . = ALIGN (0x4)

.bss            0x20000020       0xb4 load address 0x08003f9c
                0x20000020                _sbss = .
                0x20000020                __bss_start__ = _sbss
 *(.bss)
 .bss           0x20000020       0x1c c:/program files (x86)/atollic/truestudio for arm 6.0.0/armtools/bin/../lib/gcc/arm-atollic-eabi/5.3.1/armv7-m/crtbegin.o
 *(.bss*)
 .bss.compassHeading
                0x2000003c        0x4 src\HMC5883L.o
                0x2000003c                compassHeading
 .bss.counter   0x20000040        0x4 src\motorctrl.o
                0x20000040                counter
 .bss.counter2  0x20000044        0x4 src\motorctrl.o
                0x20000044                counter2
 .bss.selectSensor
                0x20000048        0x4 src\sensor.o
                0x20000048                selectSensor
 *(COMMON)
 COMMON         0x2000004c       0x10 src\bluetooth.o
                0x2000004c                goal_bearing
                0x20000050                running
                0x20000054                debug
                0x20000058                change_goal_request
 *fill*         0x2000005c        0x4 
 COMMON         0x20000060       0x24 src\bug_0.o
                0x20000060                obstacle_forward
                0x20000068                avoidance_aktiv
                0x20000070                obstacle_left
                0x20000078                obstacle_right
                0x20000080                bearing
 COMMON         0x20000084       0x14 src\i2c.o
                0x20000084                gI2C_Timeout
                0x20000088                gDataBuffer
 COMMON         0x20000098        0x8 src\runIndicatorLED.o
                0x20000098                indicatorTimeStamp
 COMMON         0x200000a0       0x34 src\sensor.o
                0x200000a0                RightSensorCaptureStruc
                0x200000b0                LeftSensorCaptureStruc
                0x200000c0                ForwardSensorCaptureStruc
                0x200000d0                sensorCaptureHandler
                0x200000d4                . = ALIGN (0x4)
                0x200000d4                _ebss = .
                0x200000d4                __bss_end__ = _ebss

._user_heap_stack
                0x200000d4      0x400 load address 0x08003f9c
                0x200000d4                . = ALIGN (0x4)
                [!provide]                PROVIDE (end, .)
                [!provide]                PROVIDE (_end, .)
                0x200000d4                . = (. + _Min_Heap_Size)
                0x200004d4                . = (. + _Min_Stack_Size)
 *fill*         0x200000d4      0x400 
                0x200004d4                . = ALIGN (0x4)

.memory_b1_text
 *(.mb1text)
 *(.mb1text*)
 *(.mb1rodata)
 *(.mb1rodata*)

/DISCARD/
 libc.a(*)
 libm.a(*)
 libgcc.a(*)

.ARM.attributes
                0x00000000       0x29
 *(.ARM.attributes)
 .ARM.attributes
                0x00000000       0x1d c:/program files (x86)/atollic/truestudio for arm 6.0.0/armtools/bin/../lib/gcc/arm-atollic-eabi/5.3.1/armv7-m/crti.o
 .ARM.attributes
                0x0000001d       0x2d c:/program files (x86)/atollic/truestudio for arm 6.0.0/armtools/bin/../lib/gcc/arm-atollic-eabi/5.3.1/armv7-m/crtbegin.o
 .ARM.attributes
                0x0000004a       0x33 Libraries\STM32L1xx_StdPeriph_Driver\src\misc.o
 .ARM.attributes
                0x0000007d       0x33 Libraries\STM32L1xx_StdPeriph_Driver\src\stm32l1xx_gpio.o
 .ARM.attributes
                0x000000b0       0x33 Libraries\STM32L1xx_StdPeriph_Driver\src\stm32l1xx_i2c.o
 .ARM.attributes
                0x000000e3       0x33 Libraries\STM32L1xx_StdPeriph_Driver\src\stm32l1xx_rcc.o
 .ARM.attributes
                0x00000116       0x33 Libraries\STM32L1xx_StdPeriph_Driver\src\stm32l1xx_tim.o
 .ARM.attributes
                0x00000149       0x33 Libraries\STM32L1xx_StdPeriph_Driver\src\stm32l1xx_usart.o
 .ARM.attributes
                0x0000017c       0x33 src\HMC5883L.o
 .ARM.attributes
                0x000001af       0x33 src\bluetooth.o
 .ARM.attributes
                0x000001e2       0x33 src\bug_0.o
 .ARM.attributes
                0x00000215       0x33 src\i2c.o
 .ARM.attributes
                0x00000248       0x33 src\main.o
 .ARM.attributes
                0x0000027b       0x33 src\motorctrl.o
 .ARM.attributes
                0x000002ae       0x33 src\runIndicatorLED.o
 .ARM.attributes
                0x000002e1       0x33 src\sensor.o
 .ARM.attributes
                0x00000314       0x21 src\startup_stm32l1xx_hd.o
 .ARM.attributes
                0x00000335       0x33 src\stm32l1xx_it.o
 .ARM.attributes
                0x00000368       0x33 src\system_stm32l1xx.o
 .ARM.attributes
                0x0000039b       0x2d c:/program files (x86)/atollic/truestudio for arm 6.0.0/armtools/bin/../lib/gcc/arm-atollic-eabi/5.3.1/../../../../arm-atollic-eabi/lib/armv7-m\libc_nano.a(lib_a-init.o)
 .ARM.attributes
                0x000003c8       0x2d c:/program files (x86)/atollic/truestudio for arm 6.0.0/armtools/bin/../lib/gcc/arm-atollic-eabi/5.3.1/../../../../arm-atollic-eabi/lib/armv7-m\libm.a(lib_a-w_atan2.o)
 .ARM.attributes
                0x000003f5       0x2d c:/program files (x86)/atollic/truestudio for arm 6.0.0/armtools/bin/../lib/gcc/arm-atollic-eabi/5.3.1/../../../../arm-atollic-eabi/lib/armv7-m\libm.a(lib_a-e_atan2.o)
 .ARM.attributes
                0x00000422       0x2d c:/program files (x86)/atollic/truestudio for arm 6.0.0/armtools/bin/../lib/gcc/arm-atollic-eabi/5.3.1/../../../../arm-atollic-eabi/lib/armv7-m\libm.a(lib_a-s_atan.o)
 .ARM.attributes
                0x0000044f       0x2d c:/program files (x86)/atollic/truestudio for arm 6.0.0/armtools/bin/../lib/gcc/arm-atollic-eabi/5.3.1/../../../../arm-atollic-eabi/lib/armv7-m\libm.a(lib_a-s_fabs.o)
 .ARM.attributes
                0x0000047c       0x1d c:/program files (x86)/atollic/truestudio for arm 6.0.0/armtools/bin/../lib/gcc/arm-atollic-eabi/5.3.1/armv7-m\libgcc.a(_arm_addsubdf3.o)
 .ARM.attributes
                0x00000499       0x1d c:/program files (x86)/atollic/truestudio for arm 6.0.0/armtools/bin/../lib/gcc/arm-atollic-eabi/5.3.1/armv7-m\libgcc.a(_arm_muldivdf3.o)
 .ARM.attributes
                0x000004b6       0x1d c:/program files (x86)/atollic/truestudio for arm 6.0.0/armtools/bin/../lib/gcc/arm-atollic-eabi/5.3.1/armv7-m\libgcc.a(_arm_cmpdf2.o)
 .ARM.attributes
                0x000004d3       0x1d c:/program files (x86)/atollic/truestudio for arm 6.0.0/armtools/bin/../lib/gcc/arm-atollic-eabi/5.3.1/armv7-m\libgcc.a(_arm_fixdfsi.o)
 .ARM.attributes
                0x000004f0       0x1d c:/program files (x86)/atollic/truestudio for arm 6.0.0/armtools/bin/../lib/gcc/arm-atollic-eabi/5.3.1/armv7-m\libgcc.a(_arm_fixunsdfsi.o)
 .ARM.attributes
                0x0000050d       0x1d c:/program files (x86)/atollic/truestudio for arm 6.0.0/armtools/bin/../lib/gcc/arm-atollic-eabi/5.3.1/armv7-m/crtn.o
OUTPUT(vrs_projekt_bug0.elf elf32-littlearm)

.debug_info     0x00000000     0x8211
 .debug_info    0x00000000      0x55a Libraries\STM32L1xx_StdPeriph_Driver\src\misc.o
 .debug_info    0x0000055a      0x65f Libraries\STM32L1xx_StdPeriph_Driver\src\stm32l1xx_gpio.o
 .debug_info    0x00000bb9      0xb04 Libraries\STM32L1xx_StdPeriph_Driver\src\stm32l1xx_i2c.o
 .debug_info    0x000016bd      0xa29 Libraries\STM32L1xx_StdPeriph_Driver\src\stm32l1xx_rcc.o
 .debug_info    0x000020e6     0x196f Libraries\STM32L1xx_StdPeriph_Driver\src\stm32l1xx_tim.o
 .debug_info    0x00003a55      0x9ce Libraries\STM32L1xx_StdPeriph_Driver\src\stm32l1xx_usart.o
 .debug_info    0x00004423      0x667 src\HMC5883L.o
 .debug_info    0x00004a8a      0x737 src\bluetooth.o
 .debug_info    0x000051c1      0x276 src\bug_0.o
 .debug_info    0x00005437      0xb70 src\i2c.o
 .debug_info    0x00005fa7      0x1f6 src\main.o
 .debug_info    0x0000619d      0x680 src\motorctrl.o
 .debug_info    0x0000681d      0x7ba src\runIndicatorLED.o
 .debug_info    0x00006fd7      0xb11 src\sensor.o
 .debug_info    0x00007ae8       0x8e src\startup_stm32l1xx_hd.o
 .debug_info    0x00007b76      0x133 src\stm32l1xx_it.o
 .debug_info    0x00007ca9      0x568 src\system_stm32l1xx.o

.debug_abbrev   0x00000000     0x16ca
 .debug_abbrev  0x00000000      0x149 Libraries\STM32L1xx_StdPeriph_Driver\src\misc.o
 .debug_abbrev  0x00000149      0x1a9 Libraries\STM32L1xx_StdPeriph_Driver\src\stm32l1xx_gpio.o
 .debug_abbrev  0x000002f2      0x168 Libraries\STM32L1xx_StdPeriph_Driver\src\stm32l1xx_i2c.o
 .debug_abbrev  0x0000045a      0x1e7 Libraries\STM32L1xx_StdPeriph_Driver\src\stm32l1xx_rcc.o
 .debug_abbrev  0x00000641      0x1b4 Libraries\STM32L1xx_StdPeriph_Driver\src\stm32l1xx_tim.o
 .debug_abbrev  0x000007f5      0x159 Libraries\STM32L1xx_StdPeriph_Driver\src\stm32l1xx_usart.o
 .debug_abbrev  0x0000094e      0x18d src\HMC5883L.o
 .debug_abbrev  0x00000adb      0x187 src\bluetooth.o
 .debug_abbrev  0x00000c62      0x110 src\bug_0.o
 .debug_abbrev  0x00000d72      0x215 src\i2c.o
 .debug_abbrev  0x00000f87       0xcd src\main.o
 .debug_abbrev  0x00001054      0x153 src\motorctrl.o
 .debug_abbrev  0x000011a7      0x151 src\runIndicatorLED.o
 .debug_abbrev  0x000012f8      0x210 src\sensor.o
 .debug_abbrev  0x00001508       0x12 src\startup_stm32l1xx_hd.o
 .debug_abbrev  0x0000151a       0x67 src\stm32l1xx_it.o
 .debug_abbrev  0x00001581      0x149 src\system_stm32l1xx.o

.debug_aranges  0x00000000      0xa80
 .debug_aranges
                0x00000000       0x40 Libraries\STM32L1xx_StdPeriph_Driver\src\misc.o
 .debug_aranges
                0x00000040       0x88 Libraries\STM32L1xx_StdPeriph_Driver\src\stm32l1xx_gpio.o
 .debug_aranges
                0x000000c8      0x120 Libraries\STM32L1xx_StdPeriph_Driver\src\stm32l1xx_i2c.o
 .debug_aranges
                0x000001e8      0x148 Libraries\STM32L1xx_StdPeriph_Driver\src\stm32l1xx_rcc.o
 .debug_aranges
                0x00000330      0x2b8 Libraries\STM32L1xx_StdPeriph_Driver\src\stm32l1xx_tim.o
 .debug_aranges
                0x000005e8      0x100 Libraries\STM32L1xx_StdPeriph_Driver\src\stm32l1xx_usart.o
 .debug_aranges
                0x000006e8       0x40 src\HMC5883L.o
 .debug_aranges
                0x00000728       0x38 src\bluetooth.o
 .debug_aranges
                0x00000760       0x60 src\bug_0.o
 .debug_aranges
                0x000007c0       0x88 src\i2c.o
 .debug_aranges
                0x00000848       0x30 src\main.o
 .debug_aranges
                0x00000878       0x40 src\motorctrl.o
 .debug_aranges
                0x000008b8       0x40 src\runIndicatorLED.o
 .debug_aranges
                0x000008f8       0xd0 src\sensor.o
 .debug_aranges
                0x000009c8       0x28 src\startup_stm32l1xx_hd.o
 .debug_aranges
                0x000009f0       0x60 src\stm32l1xx_it.o
 .debug_aranges
                0x00000a50       0x30 src\system_stm32l1xx.o

.debug_ranges   0x00000000      0x990
 .debug_ranges  0x00000000       0x30 Libraries\STM32L1xx_StdPeriph_Driver\src\misc.o
 .debug_ranges  0x00000030       0x78 Libraries\STM32L1xx_StdPeriph_Driver\src\stm32l1xx_gpio.o
 .debug_ranges  0x000000a8      0x110 Libraries\STM32L1xx_StdPeriph_Driver\src\stm32l1xx_i2c.o
 .debug_ranges  0x000001b8      0x138 Libraries\STM32L1xx_StdPeriph_Driver\src\stm32l1xx_rcc.o
 .debug_ranges  0x000002f0      0x2a8 Libraries\STM32L1xx_StdPeriph_Driver\src\stm32l1xx_tim.o
 .debug_ranges  0x00000598       0xf0 Libraries\STM32L1xx_StdPeriph_Driver\src\stm32l1xx_usart.o
 .debug_ranges  0x00000688       0x30 src\HMC5883L.o
 .debug_ranges  0x000006b8       0x28 src\bluetooth.o
 .debug_ranges  0x000006e0       0x68 src\bug_0.o
 .debug_ranges  0x00000748       0x78 src\i2c.o
 .debug_ranges  0x000007c0       0x20 src\main.o
 .debug_ranges  0x000007e0       0x30 src\motorctrl.o
 .debug_ranges  0x00000810       0x30 src\runIndicatorLED.o
 .debug_ranges  0x00000840       0xc0 src\sensor.o
 .debug_ranges  0x00000900       0x20 src\startup_stm32l1xx_hd.o
 .debug_ranges  0x00000920       0x50 src\stm32l1xx_it.o
 .debug_ranges  0x00000970       0x20 src\system_stm32l1xx.o

.debug_line     0x00000000     0x3b32
 .debug_line    0x00000000      0x242 Libraries\STM32L1xx_StdPeriph_Driver\src\misc.o
 .debug_line    0x00000242      0x35d Libraries\STM32L1xx_StdPeriph_Driver\src\stm32l1xx_gpio.o
 .debug_line    0x0000059f      0x4e4 Libraries\STM32L1xx_StdPeriph_Driver\src\stm32l1xx_i2c.o
 .debug_line    0x00000a83      0x521 Libraries\STM32L1xx_StdPeriph_Driver\src\stm32l1xx_rcc.o
 .debug_line    0x00000fa4      0x989 Libraries\STM32L1xx_StdPeriph_Driver\src\stm32l1xx_tim.o
 .debug_line    0x0000192d      0x4af Libraries\STM32L1xx_StdPeriph_Driver\src\stm32l1xx_usart.o
 .debug_line    0x00001ddc      0x239 src\HMC5883L.o
 .debug_line    0x00002015      0x287 src\bluetooth.o
 .debug_line    0x0000229c      0x267 src\bug_0.o
 .debug_line    0x00002503      0x744 src\i2c.o
 .debug_line    0x00002c47      0x190 src\main.o
 .debug_line    0x00002dd7      0x26f src\motorctrl.o
 .debug_line    0x00003046      0x24c src\runIndicatorLED.o
 .debug_line    0x00003292      0x423 src\sensor.o
 .debug_line    0x000036b5       0x7c src\startup_stm32l1xx_hd.o
 .debug_line    0x00003731      0x1e7 src\stm32l1xx_it.o
 .debug_line    0x00003918      0x21a src\system_stm32l1xx.o

.debug_str      0x00000000     0x2c99
 .debug_str     0x00000000      0x3db Libraries\STM32L1xx_StdPeriph_Driver\src\misc.o
                                0x428 (size before relaxing)
 .debug_str     0x000003db      0x33a Libraries\STM32L1xx_StdPeriph_Driver\src\stm32l1xx_gpio.o
                                0x525 (size before relaxing)
 .debug_str     0x00000715      0x45a Libraries\STM32L1xx_StdPeriph_Driver\src\stm32l1xx_i2c.o
                                0x6bf (size before relaxing)
 .debug_str     0x00000b6f      0x4b2 Libraries\STM32L1xx_StdPeriph_Driver\src\stm32l1xx_rcc.o
                                0x769 (size before relaxing)
 .debug_str     0x00001021      0x9ef Libraries\STM32L1xx_StdPeriph_Driver\src\stm32l1xx_tim.o
                                0xc9f (size before relaxing)
 .debug_str     0x00001a10      0x42a Libraries\STM32L1xx_StdPeriph_Driver\src\stm32l1xx_usart.o
                                0x6e9 (size before relaxing)
 .debug_str     0x00001e3a      0x4b8 src\HMC5883L.o
                                0x852 (size before relaxing)
 .debug_str     0x000022f2       0xab src\bluetooth.o
                                0x8e0 (size before relaxing)
 .debug_str     0x0000239d       0xb9 src\bug_0.o
                                0x29d (size before relaxing)
 .debug_str     0x00002456      0x231 src\i2c.o
                                0x73e (size before relaxing)
 .debug_str     0x00002687       0x3f src\main.o
                                0x260 (size before relaxing)
 .debug_str     0x000026c6       0xba src\motorctrl.o
                                0x5c1 (size before relaxing)
 .debug_str     0x00002780       0xb4 src\runIndicatorLED.o
                                0x976 (size before relaxing)
 .debug_str     0x00002834      0x311 src\sensor.o
                                0xc7a (size before relaxing)
 .debug_str     0x00002b45       0xa6 src\stm32l1xx_it.o
                                0x235 (size before relaxing)
 .debug_str     0x00002beb       0xae src\system_stm32l1xx.o
                                0x394 (size before relaxing)

.comment        0x00000000       0x7e
 .comment       0x00000000       0x7e Libraries\STM32L1xx_StdPeriph_Driver\src\misc.o
                                 0x7f (size before relaxing)
 .comment       0x0000007e       0x7f Libraries\STM32L1xx_StdPeriph_Driver\src\stm32l1xx_gpio.o
 .comment       0x0000007e       0x7f Libraries\STM32L1xx_StdPeriph_Driver\src\stm32l1xx_i2c.o
 .comment       0x0000007e       0x7f Libraries\STM32L1xx_StdPeriph_Driver\src\stm32l1xx_rcc.o
 .comment       0x0000007e       0x7f Libraries\STM32L1xx_StdPeriph_Driver\src\stm32l1xx_tim.o
 .comment       0x0000007e       0x7f Libraries\STM32L1xx_StdPeriph_Driver\src\stm32l1xx_usart.o
 .comment       0x0000007e       0x7f src\HMC5883L.o
 .comment       0x0000007e       0x7f src\bluetooth.o
 .comment       0x0000007e       0x7f src\bug_0.o
 .comment       0x0000007e       0x7f src\i2c.o
 .comment       0x0000007e       0x7f src\main.o
 .comment       0x0000007e       0x7f src\motorctrl.o
 .comment       0x0000007e       0x7f src\runIndicatorLED.o
 .comment       0x0000007e       0x7f src\sensor.o
 .comment       0x0000007e       0x7f src\stm32l1xx_it.o
 .comment       0x0000007e       0x7f src\system_stm32l1xx.o

.debug_frame    0x00000000     0x2bf4
 .debug_frame   0x00000000       0xd8 Libraries\STM32L1xx_StdPeriph_Driver\src\misc.o
 .debug_frame   0x000000d8      0x23c Libraries\STM32L1xx_StdPeriph_Driver\src\stm32l1xx_gpio.o
 .debug_frame   0x00000314      0x530 Libraries\STM32L1xx_StdPeriph_Driver\src\stm32l1xx_i2c.o
 .debug_frame   0x00000844      0x5e4 Libraries\STM32L1xx_StdPeriph_Driver\src\stm32l1xx_rcc.o
 .debug_frame   0x00000e28      0xd14 Libraries\STM32L1xx_StdPeriph_Driver\src\stm32l1xx_tim.o
 .debug_frame   0x00001b3c      0x490 Libraries\STM32L1xx_StdPeriph_Driver\src\stm32l1xx_usart.o
 .debug_frame   0x00001fcc       0xb8 src\HMC5883L.o
 .debug_frame   0x00002084       0xa0 src\bluetooth.o
 .debug_frame   0x00002124      0x148 src\bug_0.o
 .debug_frame   0x0000226c      0x224 src\i2c.o
 .debug_frame   0x00002490       0x6c src\main.o
 .debug_frame   0x000024fc       0xbc src\motorctrl.o
 .debug_frame   0x000025b8       0xbc src\runIndicatorLED.o
 .debug_frame   0x00002674      0x308 src\sensor.o
 .debug_frame   0x0000297c      0x110 src\stm32l1xx_it.o
 .debug_frame   0x00002a8c       0x7c src\system_stm32l1xx.o
 .debug_frame   0x00002b08       0x2c c:/program files (x86)/atollic/truestudio for arm 6.0.0/armtools/bin/../lib/gcc/arm-atollic-eabi/5.3.1/../../../../arm-atollic-eabi/lib/armv7-m\libc_nano.a(lib_a-init.o)
 .debug_frame   0x00002b34       0x20 c:/program files (x86)/atollic/truestudio for arm 6.0.0/armtools/bin/../lib/gcc/arm-atollic-eabi/5.3.1/../../../../arm-atollic-eabi/lib/armv7-m\libm.a(lib_a-w_atan2.o)
 .debug_frame   0x00002b54       0x48 c:/program files (x86)/atollic/truestudio for arm 6.0.0/armtools/bin/../lib/gcc/arm-atollic-eabi/5.3.1/../../../../arm-atollic-eabi/lib/armv7-m\libm.a(lib_a-e_atan2.o)
 .debug_frame   0x00002b9c       0x38 c:/program files (x86)/atollic/truestudio for arm 6.0.0/armtools/bin/../lib/gcc/arm-atollic-eabi/5.3.1/../../../../arm-atollic-eabi/lib/armv7-m\libm.a(lib_a-s_atan.o)
 .debug_frame   0x00002bd4       0x20 c:/program files (x86)/atollic/truestudio for arm 6.0.0/armtools/bin/../lib/gcc/arm-atollic-eabi/5.3.1/../../../../arm-atollic-eabi/lib/armv7-m\libm.a(lib_a-s_fabs.o)

.stabstr        0x00000000       0x3f
 .stabstr       0x00000000       0x3f c:/program files (x86)/atollic/truestudio for arm 6.0.0/armtools/bin/../lib/gcc/arm-atollic-eabi/5.3.1/../../../../arm-atollic-eabi/lib/armv7-m\libnosys.a(write.o)

Cross Reference Table

Symbol                                            File
ADC1_IRQHandler                                   src\startup_stm32l1xx_hd.o
ADC_AnalogWatchdogCmd                             Libraries\STM32L1xx_StdPeriph_Driver\src\stm32l1xx_adc.o
ADC_AnalogWatchdogSingleChannelConfig             Libraries\STM32L1xx_StdPeriph_Driver\src\stm32l1xx_adc.o
ADC_AnalogWatchdogThresholdsConfig                Libraries\STM32L1xx_StdPeriph_Driver\src\stm32l1xx_adc.o
ADC_AutoInjectedConvCmd                           Libraries\STM32L1xx_StdPeriph_Driver\src\stm32l1xx_adc.o
ADC_BankSelection                                 Libraries\STM32L1xx_StdPeriph_Driver\src\stm32l1xx_adc.o
ADC_ClearFlag                                     Libraries\STM32L1xx_StdPeriph_Driver\src\stm32l1xx_adc.o
ADC_ClearITPendingBit                             Libraries\STM32L1xx_StdPeriph_Driver\src\stm32l1xx_adc.o
ADC_Cmd                                           Libraries\STM32L1xx_StdPeriph_Driver\src\stm32l1xx_adc.o
ADC_CommonInit                                    Libraries\STM32L1xx_StdPeriph_Driver\src\stm32l1xx_adc.o
ADC_CommonStructInit                              Libraries\STM32L1xx_StdPeriph_Driver\src\stm32l1xx_adc.o
ADC_ContinuousModeCmd                             Libraries\STM32L1xx_StdPeriph_Driver\src\stm32l1xx_adc.o
ADC_DMACmd                                        Libraries\STM32L1xx_StdPeriph_Driver\src\stm32l1xx_adc.o
ADC_DMARequestAfterLastTransferCmd                Libraries\STM32L1xx_StdPeriph_Driver\src\stm32l1xx_adc.o
ADC_DeInit                                        Libraries\STM32L1xx_StdPeriph_Driver\src\stm32l1xx_adc.o
ADC_DelaySelectionConfig                          Libraries\STM32L1xx_StdPeriph_Driver\src\stm32l1xx_adc.o
ADC_DiscModeChannelCountConfig                    Libraries\STM32L1xx_StdPeriph_Driver\src\stm32l1xx_adc.o
ADC_DiscModeCmd                                   Libraries\STM32L1xx_StdPeriph_Driver\src\stm32l1xx_adc.o
ADC_EOCOnEachRegularChannelCmd                    Libraries\STM32L1xx_StdPeriph_Driver\src\stm32l1xx_adc.o
ADC_ExternalTrigInjectedConvConfig                Libraries\STM32L1xx_StdPeriph_Driver\src\stm32l1xx_adc.o
ADC_ExternalTrigInjectedConvEdgeConfig            Libraries\STM32L1xx_StdPeriph_Driver\src\stm32l1xx_adc.o
ADC_GetConversionValue                            Libraries\STM32L1xx_StdPeriph_Driver\src\stm32l1xx_adc.o
ADC_GetFlagStatus                                 Libraries\STM32L1xx_StdPeriph_Driver\src\stm32l1xx_adc.o
ADC_GetITStatus                                   Libraries\STM32L1xx_StdPeriph_Driver\src\stm32l1xx_adc.o
ADC_GetInjectedConversionValue                    Libraries\STM32L1xx_StdPeriph_Driver\src\stm32l1xx_adc.o
ADC_GetSoftwareStartConvStatus                    Libraries\STM32L1xx_StdPeriph_Driver\src\stm32l1xx_adc.o
ADC_GetSoftwareStartInjectedConvCmdStatus         Libraries\STM32L1xx_StdPeriph_Driver\src\stm32l1xx_adc.o
ADC_ITConfig                                      Libraries\STM32L1xx_StdPeriph_Driver\src\stm32l1xx_adc.o
ADC_Init                                          Libraries\STM32L1xx_StdPeriph_Driver\src\stm32l1xx_adc.o
ADC_InjectedChannelConfig                         Libraries\STM32L1xx_StdPeriph_Driver\src\stm32l1xx_adc.o
ADC_InjectedDiscModeCmd                           Libraries\STM32L1xx_StdPeriph_Driver\src\stm32l1xx_adc.o
ADC_InjectedSequencerLengthConfig                 Libraries\STM32L1xx_StdPeriph_Driver\src\stm32l1xx_adc.o
ADC_PowerDownCmd                                  Libraries\STM32L1xx_StdPeriph_Driver\src\stm32l1xx_adc.o
ADC_RegularChannelConfig                          Libraries\STM32L1xx_StdPeriph_Driver\src\stm32l1xx_adc.o
ADC_SetInjectedOffset                             Libraries\STM32L1xx_StdPeriph_Driver\src\stm32l1xx_adc.o
ADC_SoftwareStartConv                             Libraries\STM32L1xx_StdPeriph_Driver\src\stm32l1xx_adc.o
ADC_SoftwareStartInjectedConv                     Libraries\STM32L1xx_StdPeriph_Driver\src\stm32l1xx_adc.o
ADC_StructInit                                    Libraries\STM32L1xx_StdPeriph_Driver\src\stm32l1xx_adc.o
ADC_TempSensorVrefintCmd                          Libraries\STM32L1xx_StdPeriph_Driver\src\stm32l1xx_adc.o
AES_CBC_Decrypt                                   Libraries\STM32L1xx_StdPeriph_Driver\src\stm32l1xx_aes_util.o
AES_CBC_Encrypt                                   Libraries\STM32L1xx_StdPeriph_Driver\src\stm32l1xx_aes_util.o
AES_CTR_Decrypt                                   Libraries\STM32L1xx_StdPeriph_Driver\src\stm32l1xx_aes_util.o
AES_CTR_Encrypt                                   Libraries\STM32L1xx_StdPeriph_Driver\src\stm32l1xx_aes_util.o
AES_ClearFlag                                     Libraries\STM32L1xx_StdPeriph_Driver\src\stm32l1xx_aes.o
                                                  Libraries\STM32L1xx_StdPeriph_Driver\src\stm32l1xx_aes_util.o
AES_ClearITPendingBit                             Libraries\STM32L1xx_StdPeriph_Driver\src\stm32l1xx_aes.o
AES_Cmd                                           Libraries\STM32L1xx_StdPeriph_Driver\src\stm32l1xx_aes.o
                                                  Libraries\STM32L1xx_StdPeriph_Driver\src\stm32l1xx_aes_util.o
AES_DMAConfig                                     Libraries\STM32L1xx_StdPeriph_Driver\src\stm32l1xx_aes.o
AES_DeInit                                        Libraries\STM32L1xx_StdPeriph_Driver\src\stm32l1xx_aes.o
AES_ECB_Decrypt                                   Libraries\STM32L1xx_StdPeriph_Driver\src\stm32l1xx_aes_util.o
AES_ECB_Encrypt                                   Libraries\STM32L1xx_StdPeriph_Driver\src\stm32l1xx_aes_util.o
AES_GetFlagStatus                                 Libraries\STM32L1xx_StdPeriph_Driver\src\stm32l1xx_aes.o
                                                  Libraries\STM32L1xx_StdPeriph_Driver\src\stm32l1xx_aes_util.o
AES_GetITStatus                                   Libraries\STM32L1xx_StdPeriph_Driver\src\stm32l1xx_aes.o
AES_IRQHandler                                    src\startup_stm32l1xx_hd.o
AES_ITConfig                                      Libraries\STM32L1xx_StdPeriph_Driver\src\stm32l1xx_aes.o
AES_IVInit                                        Libraries\STM32L1xx_StdPeriph_Driver\src\stm32l1xx_aes.o
                                                  Libraries\STM32L1xx_StdPeriph_Driver\src\stm32l1xx_aes_util.o
AES_IVStructInit                                  Libraries\STM32L1xx_StdPeriph_Driver\src\stm32l1xx_aes.o
AES_Init                                          Libraries\STM32L1xx_StdPeriph_Driver\src\stm32l1xx_aes.o
                                                  Libraries\STM32L1xx_StdPeriph_Driver\src\stm32l1xx_aes_util.o
AES_KeyInit                                       Libraries\STM32L1xx_StdPeriph_Driver\src\stm32l1xx_aes.o
                                                  Libraries\STM32L1xx_StdPeriph_Driver\src\stm32l1xx_aes_util.o
AES_KeyStructInit                                 Libraries\STM32L1xx_StdPeriph_Driver\src\stm32l1xx_aes.o
AES_ReadIV                                        Libraries\STM32L1xx_StdPeriph_Driver\src\stm32l1xx_aes.o
AES_ReadKey                                       Libraries\STM32L1xx_StdPeriph_Driver\src\stm32l1xx_aes.o
AES_ReadSubData                                   Libraries\STM32L1xx_StdPeriph_Driver\src\stm32l1xx_aes.o
                                                  Libraries\STM32L1xx_StdPeriph_Driver\src\stm32l1xx_aes_util.o
AES_StructInit                                    Libraries\STM32L1xx_StdPeriph_Driver\src\stm32l1xx_aes.o
AES_WriteSubData                                  Libraries\STM32L1xx_StdPeriph_Driver\src\stm32l1xx_aes.o
                                                  Libraries\STM32L1xx_StdPeriph_Driver\src\stm32l1xx_aes_util.o
AHBPrescTable                                     src\system_stm32l1xx.o
BusFault_Handler                                  src\stm32l1xx_it.o
                                                  src\startup_stm32l1xx_hd.o
COMP_ACQ_IRQHandler                               src\startup_stm32l1xx_hd.o
COMP_Cmd                                          Libraries\STM32L1xx_StdPeriph_Driver\src\stm32l1xx_comp.o
COMP_DeInit                                       Libraries\STM32L1xx_StdPeriph_Driver\src\stm32l1xx_comp.o
COMP_GetOutputLevel                               Libraries\STM32L1xx_StdPeriph_Driver\src\stm32l1xx_comp.o
COMP_IRQHandler                                   src\startup_stm32l1xx_hd.o
COMP_Init                                         Libraries\STM32L1xx_StdPeriph_Driver\src\stm32l1xx_comp.o
COMP_SW1SwitchConfig                              Libraries\STM32L1xx_StdPeriph_Driver\src\stm32l1xx_comp.o
COMP_VrefintOutputCmd                             Libraries\STM32L1xx_StdPeriph_Driver\src\stm32l1xx_comp.o
COMP_WindowCmd                                    Libraries\STM32L1xx_StdPeriph_Driver\src\stm32l1xx_comp.o
CRC_CalcBlockCRC                                  Libraries\STM32L1xx_StdPeriph_Driver\src\stm32l1xx_crc.o
CRC_CalcCRC                                       Libraries\STM32L1xx_StdPeriph_Driver\src\stm32l1xx_crc.o
CRC_GetCRC                                        Libraries\STM32L1xx_StdPeriph_Driver\src\stm32l1xx_crc.o
CRC_GetIDRegister                                 Libraries\STM32L1xx_StdPeriph_Driver\src\stm32l1xx_crc.o
CRC_ResetDR                                       Libraries\STM32L1xx_StdPeriph_Driver\src\stm32l1xx_crc.o
CRC_SetIDRegister                                 Libraries\STM32L1xx_StdPeriph_Driver\src\stm32l1xx_crc.o
DAC_ClearFlag                                     Libraries\STM32L1xx_StdPeriph_Driver\src\stm32l1xx_dac.o
DAC_ClearITPendingBit                             Libraries\STM32L1xx_StdPeriph_Driver\src\stm32l1xx_dac.o
DAC_Cmd                                           Libraries\STM32L1xx_StdPeriph_Driver\src\stm32l1xx_dac.o
DAC_DMACmd                                        Libraries\STM32L1xx_StdPeriph_Driver\src\stm32l1xx_dac.o
DAC_DeInit                                        Libraries\STM32L1xx_StdPeriph_Driver\src\stm32l1xx_dac.o
DAC_DualSoftwareTriggerCmd                        Libraries\STM32L1xx_StdPeriph_Driver\src\stm32l1xx_dac.o
DAC_GetDataOutputValue                            Libraries\STM32L1xx_StdPeriph_Driver\src\stm32l1xx_dac.o
DAC_GetFlagStatus                                 Libraries\STM32L1xx_StdPeriph_Driver\src\stm32l1xx_dac.o
DAC_GetITStatus                                   Libraries\STM32L1xx_StdPeriph_Driver\src\stm32l1xx_dac.o
DAC_IRQHandler                                    src\startup_stm32l1xx_hd.o
DAC_ITConfig                                      Libraries\STM32L1xx_StdPeriph_Driver\src\stm32l1xx_dac.o
DAC_Init                                          Libraries\STM32L1xx_StdPeriph_Driver\src\stm32l1xx_dac.o
DAC_SetChannel1Data                               Libraries\STM32L1xx_StdPeriph_Driver\src\stm32l1xx_dac.o
DAC_SetChannel2Data                               Libraries\STM32L1xx_StdPeriph_Driver\src\stm32l1xx_dac.o
DAC_SetDualChannelData                            Libraries\STM32L1xx_StdPeriph_Driver\src\stm32l1xx_dac.o
DAC_SoftwareTriggerCmd                            Libraries\STM32L1xx_StdPeriph_Driver\src\stm32l1xx_dac.o
DAC_StructInit                                    Libraries\STM32L1xx_StdPeriph_Driver\src\stm32l1xx_dac.o
DAC_WaveGenerationCmd                             Libraries\STM32L1xx_StdPeriph_Driver\src\stm32l1xx_dac.o
DATA_EEPROM_EraseByte                             Libraries\STM32L1xx_StdPeriph_Driver\src\stm32l1xx_flash.o
DATA_EEPROM_EraseDoubleWord                       Libraries\STM32L1xx_StdPeriph_Driver\src\stm32l1xx_flash_ramfunc.o
DATA_EEPROM_EraseHalfWord                         Libraries\STM32L1xx_StdPeriph_Driver\src\stm32l1xx_flash.o
DATA_EEPROM_EraseWord                             Libraries\STM32L1xx_StdPeriph_Driver\src\stm32l1xx_flash.o
DATA_EEPROM_FastProgramByte                       Libraries\STM32L1xx_StdPeriph_Driver\src\stm32l1xx_flash.o
DATA_EEPROM_FastProgramHalfWord                   Libraries\STM32L1xx_StdPeriph_Driver\src\stm32l1xx_flash.o
DATA_EEPROM_FastProgramWord                       Libraries\STM32L1xx_StdPeriph_Driver\src\stm32l1xx_flash.o
DATA_EEPROM_FixedTimeProgramCmd                   Libraries\STM32L1xx_StdPeriph_Driver\src\stm32l1xx_flash.o
DATA_EEPROM_Lock                                  Libraries\STM32L1xx_StdPeriph_Driver\src\stm32l1xx_flash.o
DATA_EEPROM_ProgramByte                           Libraries\STM32L1xx_StdPeriph_Driver\src\stm32l1xx_flash.o
DATA_EEPROM_ProgramDoubleWord                     Libraries\STM32L1xx_StdPeriph_Driver\src\stm32l1xx_flash_ramfunc.o
DATA_EEPROM_ProgramHalfWord                       Libraries\STM32L1xx_StdPeriph_Driver\src\stm32l1xx_flash.o
DATA_EEPROM_ProgramWord                           Libraries\STM32L1xx_StdPeriph_Driver\src\stm32l1xx_flash.o
DATA_EEPROM_Unlock                                Libraries\STM32L1xx_StdPeriph_Driver\src\stm32l1xx_flash.o
DBGMCU_APB1PeriphConfig                           Libraries\STM32L1xx_StdPeriph_Driver\src\stm32l1xx_dbgmcu.o
DBGMCU_APB2PeriphConfig                           Libraries\STM32L1xx_StdPeriph_Driver\src\stm32l1xx_dbgmcu.o
DBGMCU_Config                                     Libraries\STM32L1xx_StdPeriph_Driver\src\stm32l1xx_dbgmcu.o
DBGMCU_GetDEVID                                   Libraries\STM32L1xx_StdPeriph_Driver\src\stm32l1xx_dbgmcu.o
DBGMCU_GetREVID                                   Libraries\STM32L1xx_StdPeriph_Driver\src\stm32l1xx_dbgmcu.o
DMA1_Channel1_IRQHandler                          src\startup_stm32l1xx_hd.o
DMA1_Channel2_IRQHandler                          src\startup_stm32l1xx_hd.o
DMA1_Channel3_IRQHandler                          src\startup_stm32l1xx_hd.o
DMA1_Channel4_IRQHandler                          src\startup_stm32l1xx_hd.o
DMA1_Channel5_IRQHandler                          src\startup_stm32l1xx_hd.o
DMA1_Channel6_IRQHandler                          src\startup_stm32l1xx_hd.o
DMA1_Channel7_IRQHandler                          src\startup_stm32l1xx_hd.o
DMA2_Channel1_IRQHandler                          src\startup_stm32l1xx_hd.o
DMA2_Channel2_IRQHandler                          src\startup_stm32l1xx_hd.o
DMA2_Channel3_IRQHandler                          src\startup_stm32l1xx_hd.o
DMA2_Channel4_IRQHandler                          src\startup_stm32l1xx_hd.o
DMA2_Channel5_IRQHandler                          src\startup_stm32l1xx_hd.o
DMA_ClearFlag                                     Libraries\STM32L1xx_StdPeriph_Driver\src\stm32l1xx_dma.o
DMA_ClearITPendingBit                             Libraries\STM32L1xx_StdPeriph_Driver\src\stm32l1xx_dma.o
DMA_Cmd                                           Libraries\STM32L1xx_StdPeriph_Driver\src\stm32l1xx_dma.o
DMA_DeInit                                        Libraries\STM32L1xx_StdPeriph_Driver\src\stm32l1xx_dma.o
DMA_GetCurrDataCounter                            Libraries\STM32L1xx_StdPeriph_Driver\src\stm32l1xx_dma.o
DMA_GetFlagStatus                                 Libraries\STM32L1xx_StdPeriph_Driver\src\stm32l1xx_dma.o
DMA_GetITStatus                                   Libraries\STM32L1xx_StdPeriph_Driver\src\stm32l1xx_dma.o
DMA_ITConfig                                      Libraries\STM32L1xx_StdPeriph_Driver\src\stm32l1xx_dma.o
DMA_Init                                          Libraries\STM32L1xx_StdPeriph_Driver\src\stm32l1xx_dma.o
DMA_SetCurrDataCounter                            Libraries\STM32L1xx_StdPeriph_Driver\src\stm32l1xx_dma.o
DMA_StructInit                                    Libraries\STM32L1xx_StdPeriph_Driver\src\stm32l1xx_dma.o
DebugMon_Handler                                  src\stm32l1xx_it.o
                                                  src\startup_stm32l1xx_hd.o
Default_Handler                                   src\startup_stm32l1xx_hd.o
EXTI0_IRQHandler                                  src\startup_stm32l1xx_hd.o
EXTI15_10_IRQHandler                              src\startup_stm32l1xx_hd.o
EXTI1_IRQHandler                                  src\startup_stm32l1xx_hd.o
EXTI2_IRQHandler                                  src\startup_stm32l1xx_hd.o
EXTI3_IRQHandler                                  src\startup_stm32l1xx_hd.o
EXTI4_IRQHandler                                  src\startup_stm32l1xx_hd.o
EXTI9_5_IRQHandler                                src\startup_stm32l1xx_hd.o
EXTI_ClearFlag                                    Libraries\STM32L1xx_StdPeriph_Driver\src\stm32l1xx_exti.o
EXTI_ClearITPendingBit                            Libraries\STM32L1xx_StdPeriph_Driver\src\stm32l1xx_exti.o
EXTI_DeInit                                       Libraries\STM32L1xx_StdPeriph_Driver\src\stm32l1xx_exti.o
EXTI_GenerateSWInterrupt                          Libraries\STM32L1xx_StdPeriph_Driver\src\stm32l1xx_exti.o
EXTI_GetFlagStatus                                Libraries\STM32L1xx_StdPeriph_Driver\src\stm32l1xx_exti.o
EXTI_GetITStatus                                  Libraries\STM32L1xx_StdPeriph_Driver\src\stm32l1xx_exti.o
EXTI_Init                                         Libraries\STM32L1xx_StdPeriph_Driver\src\stm32l1xx_exti.o
EXTI_StructInit                                   Libraries\STM32L1xx_StdPeriph_Driver\src\stm32l1xx_exti.o
FLASH_ClearFlag                                   Libraries\STM32L1xx_StdPeriph_Driver\src\stm32l1xx_flash.o
FLASH_ErasePage                                   Libraries\STM32L1xx_StdPeriph_Driver\src\stm32l1xx_flash.o
FLASH_EraseParallelPage                           Libraries\STM32L1xx_StdPeriph_Driver\src\stm32l1xx_flash_ramfunc.o
FLASH_FastProgramWord                             Libraries\STM32L1xx_StdPeriph_Driver\src\stm32l1xx_flash.o
FLASH_GetFlagStatus                               Libraries\STM32L1xx_StdPeriph_Driver\src\stm32l1xx_flash.o
FLASH_GetStatus                                   Libraries\STM32L1xx_StdPeriph_Driver\src\stm32l1xx_flash.o
FLASH_IRQHandler                                  src\startup_stm32l1xx_hd.o
FLASH_ITConfig                                    Libraries\STM32L1xx_StdPeriph_Driver\src\stm32l1xx_flash.o
FLASH_Lock                                        Libraries\STM32L1xx_StdPeriph_Driver\src\stm32l1xx_flash.o
FLASH_OB_BORConfig                                Libraries\STM32L1xx_StdPeriph_Driver\src\stm32l1xx_flash.o
FLASH_OB_BootConfig                               Libraries\STM32L1xx_StdPeriph_Driver\src\stm32l1xx_flash.o
FLASH_OB_GetBOR                                   Libraries\STM32L1xx_StdPeriph_Driver\src\stm32l1xx_flash.o
FLASH_OB_GetRDP                                   Libraries\STM32L1xx_StdPeriph_Driver\src\stm32l1xx_flash.o
FLASH_OB_GetUser                                  Libraries\STM32L1xx_StdPeriph_Driver\src\stm32l1xx_flash.o
FLASH_OB_GetWRP                                   Libraries\STM32L1xx_StdPeriph_Driver\src\stm32l1xx_flash.o
FLASH_OB_GetWRP1                                  Libraries\STM32L1xx_StdPeriph_Driver\src\stm32l1xx_flash.o
FLASH_OB_GetWRP2                                  Libraries\STM32L1xx_StdPeriph_Driver\src\stm32l1xx_flash.o
FLASH_OB_Launch                                   Libraries\STM32L1xx_StdPeriph_Driver\src\stm32l1xx_flash.o
FLASH_OB_Lock                                     Libraries\STM32L1xx_StdPeriph_Driver\src\stm32l1xx_flash.o
FLASH_OB_RDPConfig                                Libraries\STM32L1xx_StdPeriph_Driver\src\stm32l1xx_flash.o
FLASH_OB_Unlock                                   Libraries\STM32L1xx_StdPeriph_Driver\src\stm32l1xx_flash.o
FLASH_OB_UserConfig                               Libraries\STM32L1xx_StdPeriph_Driver\src\stm32l1xx_flash.o
FLASH_OB_WRP1Config                               Libraries\STM32L1xx_StdPeriph_Driver\src\stm32l1xx_flash.o
FLASH_OB_WRP2Config                               Libraries\STM32L1xx_StdPeriph_Driver\src\stm32l1xx_flash.o
FLASH_OB_WRPConfig                                Libraries\STM32L1xx_StdPeriph_Driver\src\stm32l1xx_flash.o
FLASH_PrefetchBufferCmd                           Libraries\STM32L1xx_StdPeriph_Driver\src\stm32l1xx_flash.o
FLASH_ProgramHalfPage                             Libraries\STM32L1xx_StdPeriph_Driver\src\stm32l1xx_flash_ramfunc.o
FLASH_ProgramParallelHalfPage                     Libraries\STM32L1xx_StdPeriph_Driver\src\stm32l1xx_flash_ramfunc.o
FLASH_RUNPowerDownCmd                             Libraries\STM32L1xx_StdPeriph_Driver\src\stm32l1xx_flash_ramfunc.o
FLASH_ReadAccess64Cmd                             Libraries\STM32L1xx_StdPeriph_Driver\src\stm32l1xx_flash.o
FLASH_SLEEPPowerDownCmd                           Libraries\STM32L1xx_StdPeriph_Driver\src\stm32l1xx_flash.o
FLASH_SetLatency                                  Libraries\STM32L1xx_StdPeriph_Driver\src\stm32l1xx_flash.o
FLASH_Unlock                                      Libraries\STM32L1xx_StdPeriph_Driver\src\stm32l1xx_flash.o
FLASH_WaitForLastOperation                        Libraries\STM32L1xx_StdPeriph_Driver\src\stm32l1xx_flash.o
FSMC_NORSRAMCmd                                   Libraries\STM32L1xx_StdPeriph_Driver\src\stm32l1xx_fsmc.o
FSMC_NORSRAMDeInit                                Libraries\STM32L1xx_StdPeriph_Driver\src\stm32l1xx_fsmc.o
FSMC_NORSRAMInit                                  Libraries\STM32L1xx_StdPeriph_Driver\src\stm32l1xx_fsmc.o
FSMC_NORSRAMStructInit                            Libraries\STM32L1xx_StdPeriph_Driver\src\stm32l1xx_fsmc.o
ForwardSensorCaptureStruc                         src\sensor.o
GPIO_DeInit                                       Libraries\STM32L1xx_StdPeriph_Driver\src\stm32l1xx_gpio.o
GPIO_Init                                         Libraries\STM32L1xx_StdPeriph_Driver\src\stm32l1xx_gpio.o
                                                  src\sensor.o
                                                  src\runIndicatorLED.o
                                                  src\motorctrl.o
                                                  src\i2c.o
                                                  src\bluetooth.o
GPIO_PinAFConfig                                  Libraries\STM32L1xx_StdPeriph_Driver\src\stm32l1xx_gpio.o
                                                  src\sensor.o
                                                  src\motorctrl.o
                                                  src\i2c.o
                                                  src\bluetooth.o
GPIO_PinLockConfig                                Libraries\STM32L1xx_StdPeriph_Driver\src\stm32l1xx_gpio.o
GPIO_ReadInputData                                Libraries\STM32L1xx_StdPeriph_Driver\src\stm32l1xx_gpio.o
GPIO_ReadInputDataBit                             Libraries\STM32L1xx_StdPeriph_Driver\src\stm32l1xx_gpio.o
GPIO_ReadOutputData                               Libraries\STM32L1xx_StdPeriph_Driver\src\stm32l1xx_gpio.o
GPIO_ReadOutputDataBit                            Libraries\STM32L1xx_StdPeriph_Driver\src\stm32l1xx_gpio.o
                                                  src\sensor.o
GPIO_ResetBits                                    Libraries\STM32L1xx_StdPeriph_Driver\src\stm32l1xx_gpio.o
GPIO_SetBits                                      Libraries\STM32L1xx_StdPeriph_Driver\src\stm32l1xx_gpio.o
GPIO_StructInit                                   Libraries\STM32L1xx_StdPeriph_Driver\src\stm32l1xx_gpio.o
GPIO_ToggleBits                                   Libraries\STM32L1xx_StdPeriph_Driver\src\stm32l1xx_gpio.o
                                                  src\runIndicatorLED.o
GPIO_Write                                        Libraries\STM32L1xx_StdPeriph_Driver\src\stm32l1xx_gpio.o
GPIO_WriteBit                                     Libraries\STM32L1xx_StdPeriph_Driver\src\stm32l1xx_gpio.o
                                                  src\sensor.o
HardFault_Handler                                 src\stm32l1xx_it.o
                                                  src\startup_stm32l1xx_hd.o
I2C1_ER_IRQHandler                                src\startup_stm32l1xx_hd.o
I2C1_EV_IRQHandler                                src\startup_stm32l1xx_hd.o
I2C2_ER_IRQHandler                                src\startup_stm32l1xx_hd.o
I2C2_EV_IRQHandler                                src\startup_stm32l1xx_hd.o
I2C_ARPCmd                                        Libraries\STM32L1xx_StdPeriph_Driver\src\stm32l1xx_i2c.o
I2C_AcknowledgeConfig                             Libraries\STM32L1xx_StdPeriph_Driver\src\stm32l1xx_i2c.o
                                                  src\i2c.o
I2C_CalculatePEC                                  Libraries\STM32L1xx_StdPeriph_Driver\src\stm32l1xx_i2c.o
I2C_CheckEvent                                    Libraries\STM32L1xx_StdPeriph_Driver\src\stm32l1xx_i2c.o
                                                  src\i2c.o
I2C_ClearFlag                                     Libraries\STM32L1xx_StdPeriph_Driver\src\stm32l1xx_i2c.o
I2C_ClearITPendingBit                             Libraries\STM32L1xx_StdPeriph_Driver\src\stm32l1xx_i2c.o
I2C_Cmd                                           Libraries\STM32L1xx_StdPeriph_Driver\src\stm32l1xx_i2c.o
                                                  src\i2c.o
I2C_DMACmd                                        Libraries\STM32L1xx_StdPeriph_Driver\src\stm32l1xx_i2c.o
I2C_DMALastTransferCmd                            Libraries\STM32L1xx_StdPeriph_Driver\src\stm32l1xx_i2c.o
I2C_DeInit                                        Libraries\STM32L1xx_StdPeriph_Driver\src\stm32l1xx_i2c.o
                                                  src\i2c.o
I2C_DualAddressCmd                                Libraries\STM32L1xx_StdPeriph_Driver\src\stm32l1xx_i2c.o
I2C_FastModeDutyCycleConfig                       Libraries\STM32L1xx_StdPeriph_Driver\src\stm32l1xx_i2c.o
I2C_GeneralCallCmd                                Libraries\STM32L1xx_StdPeriph_Driver\src\stm32l1xx_i2c.o
I2C_GenerateSTART                                 Libraries\STM32L1xx_StdPeriph_Driver\src\stm32l1xx_i2c.o
                                                  src\i2c.o
I2C_GenerateSTOP                                  Libraries\STM32L1xx_StdPeriph_Driver\src\stm32l1xx_i2c.o
                                                  src\i2c.o
I2C_GetFlagStatus                                 Libraries\STM32L1xx_StdPeriph_Driver\src\stm32l1xx_i2c.o
                                                  src\i2c.o
I2C_GetITStatus                                   Libraries\STM32L1xx_StdPeriph_Driver\src\stm32l1xx_i2c.o
I2C_GetLastEvent                                  Libraries\STM32L1xx_StdPeriph_Driver\src\stm32l1xx_i2c.o
I2C_GetPEC                                        Libraries\STM32L1xx_StdPeriph_Driver\src\stm32l1xx_i2c.o
I2C_ITConfig                                      Libraries\STM32L1xx_StdPeriph_Driver\src\stm32l1xx_i2c.o
I2C_Init                                          Libraries\STM32L1xx_StdPeriph_Driver\src\stm32l1xx_i2c.o
                                                  src\i2c.o
I2C_Master_BufferRead                             src\i2c.o
I2C_Master_BufferReadWithoutRegisterAddress       src\i2c.o
I2C_Master_BufferWrite                            src\i2c.o
I2C_Master_BufferWriteWithoutRegisterAddress      src\i2c.o
I2C_NACKPositionConfig                            Libraries\STM32L1xx_StdPeriph_Driver\src\stm32l1xx_i2c.o
I2C_OwnAddress2Config                             Libraries\STM32L1xx_StdPeriph_Driver\src\stm32l1xx_i2c.o
I2C_PECPositionConfig                             Libraries\STM32L1xx_StdPeriph_Driver\src\stm32l1xx_i2c.o
I2C_ReadRegister                                  Libraries\STM32L1xx_StdPeriph_Driver\src\stm32l1xx_i2c.o
I2C_ReceiveData                                   Libraries\STM32L1xx_StdPeriph_Driver\src\stm32l1xx_i2c.o
                                                  src\i2c.o
I2C_SMBusAlertConfig                              Libraries\STM32L1xx_StdPeriph_Driver\src\stm32l1xx_i2c.o
I2C_Send7bitAddress                               Libraries\STM32L1xx_StdPeriph_Driver\src\stm32l1xx_i2c.o
                                                  src\i2c.o
I2C_SendData                                      Libraries\STM32L1xx_StdPeriph_Driver\src\stm32l1xx_i2c.o
                                                  src\i2c.o
I2C_SoftwareResetCmd                              Libraries\STM32L1xx_StdPeriph_Driver\src\stm32l1xx_i2c.o
I2C_StretchClockCmd                               Libraries\STM32L1xx_StdPeriph_Driver\src\stm32l1xx_i2c.o
I2C_StructInit                                    Libraries\STM32L1xx_StdPeriph_Driver\src\stm32l1xx_i2c.o
I2C_TransmitPEC                                   Libraries\STM32L1xx_StdPeriph_Driver\src\stm32l1xx_i2c.o
I2S_Cmd                                           Libraries\STM32L1xx_StdPeriph_Driver\src\stm32l1xx_spi.o
I2S_Init                                          Libraries\STM32L1xx_StdPeriph_Driver\src\stm32l1xx_spi.o
I2S_StructInit                                    Libraries\STM32L1xx_StdPeriph_Driver\src\stm32l1xx_spi.o
IWDG_Enable                                       Libraries\STM32L1xx_StdPeriph_Driver\src\stm32l1xx_iwdg.o
IWDG_GetFlagStatus                                Libraries\STM32L1xx_StdPeriph_Driver\src\stm32l1xx_iwdg.o
IWDG_ReloadCounter                                Libraries\STM32L1xx_StdPeriph_Driver\src\stm32l1xx_iwdg.o
IWDG_SetPrescaler                                 Libraries\STM32L1xx_StdPeriph_Driver\src\stm32l1xx_iwdg.o
IWDG_SetReload                                    Libraries\STM32L1xx_StdPeriph_Driver\src\stm32l1xx_iwdg.o
IWDG_WriteAccessCmd                               Libraries\STM32L1xx_StdPeriph_Driver\src\stm32l1xx_iwdg.o
InitializeOutput                                  src\motorctrl.o
InitializeTimer                                   src\motorctrl.o
LCD_BlinkConfig                                   Libraries\STM32L1xx_StdPeriph_Driver\src\stm32l1xx_lcd.o
LCD_ClearFlag                                     Libraries\STM32L1xx_StdPeriph_Driver\src\stm32l1xx_lcd.o
LCD_ClearITPendingBit                             Libraries\STM32L1xx_StdPeriph_Driver\src\stm32l1xx_lcd.o
LCD_Cmd                                           Libraries\STM32L1xx_StdPeriph_Driver\src\stm32l1xx_lcd.o
LCD_ContrastConfig                                Libraries\STM32L1xx_StdPeriph_Driver\src\stm32l1xx_lcd.o
LCD_DeInit                                        Libraries\STM32L1xx_StdPeriph_Driver\src\stm32l1xx_lcd.o
LCD_DeadTimeConfig                                Libraries\STM32L1xx_StdPeriph_Driver\src\stm32l1xx_lcd.o
LCD_GetFlagStatus                                 Libraries\STM32L1xx_StdPeriph_Driver\src\stm32l1xx_lcd.o
LCD_GetITStatus                                   Libraries\STM32L1xx_StdPeriph_Driver\src\stm32l1xx_lcd.o
LCD_HighDriveCmd                                  Libraries\STM32L1xx_StdPeriph_Driver\src\stm32l1xx_lcd.o
LCD_IRQHandler                                    src\startup_stm32l1xx_hd.o
LCD_ITConfig                                      Libraries\STM32L1xx_StdPeriph_Driver\src\stm32l1xx_lcd.o
LCD_Init                                          Libraries\STM32L1xx_StdPeriph_Driver\src\stm32l1xx_lcd.o
LCD_MuxSegmentCmd                                 Libraries\STM32L1xx_StdPeriph_Driver\src\stm32l1xx_lcd.o
LCD_PulseOnDurationConfig                         Libraries\STM32L1xx_StdPeriph_Driver\src\stm32l1xx_lcd.o
LCD_StructInit                                    Libraries\STM32L1xx_StdPeriph_Driver\src\stm32l1xx_lcd.o
LCD_UpdateDisplayRequest                          Libraries\STM32L1xx_StdPeriph_Driver\src\stm32l1xx_lcd.o
LCD_WaitForSynchro                                Libraries\STM32L1xx_StdPeriph_Driver\src\stm32l1xx_lcd.o
LCD_Write                                         Libraries\STM32L1xx_StdPeriph_Driver\src\stm32l1xx_lcd.o
LeftSensorCaptureStruc                            src\sensor.o
MemManage_Handler                                 src\stm32l1xx_it.o
                                                  src\startup_stm32l1xx_hd.o
Motor_init                                        src\motorctrl.o
                                                  src\bug_0.o
NMI_Handler                                       src\stm32l1xx_it.o
                                                  src\startup_stm32l1xx_hd.o
NVIC_Init                                         Libraries\STM32L1xx_StdPeriph_Driver\src\misc.o
                                                  src\sensor.o
                                                  src\runIndicatorLED.o
                                                  src\bluetooth.o
                                                  src\HMC5883L.o
NVIC_PriorityGroupConfig                          Libraries\STM32L1xx_StdPeriph_Driver\src\misc.o
NVIC_SetVectorTable                               Libraries\STM32L1xx_StdPeriph_Driver\src\misc.o
NVIC_SystemLPConfig                               Libraries\STM32L1xx_StdPeriph_Driver\src\misc.o
OPAMP_Cmd                                         Libraries\STM32L1xx_StdPeriph_Driver\src\stm32l1xx_opamp.o
OPAMP_DeInit                                      Libraries\STM32L1xx_StdPeriph_Driver\src\stm32l1xx_opamp.o
OPAMP_GetFlagStatus                               Libraries\STM32L1xx_StdPeriph_Driver\src\stm32l1xx_opamp.o
OPAMP_LowPowerCmd                                 Libraries\STM32L1xx_StdPeriph_Driver\src\stm32l1xx_opamp.o
OPAMP_OffsetTrimConfig                            Libraries\STM32L1xx_StdPeriph_Driver\src\stm32l1xx_opamp.o
OPAMP_OffsetTrimLowPowerConfig                    Libraries\STM32L1xx_StdPeriph_Driver\src\stm32l1xx_opamp.o
OPAMP_OffsetTrimmingModeSelect                    Libraries\STM32L1xx_StdPeriph_Driver\src\stm32l1xx_opamp.o
OPAMP_PowerRangeSelect                            Libraries\STM32L1xx_StdPeriph_Driver\src\stm32l1xx_opamp.o
OPAMP_SwitchCmd                                   Libraries\STM32L1xx_StdPeriph_Driver\src\stm32l1xx_opamp.o
PLLMulTable                                       src\system_stm32l1xx.o
PVD_IRQHandler                                    src\startup_stm32l1xx_hd.o
PWR_ClearFlag                                     Libraries\STM32L1xx_StdPeriph_Driver\src\stm32l1xx_pwr.o
PWR_DeInit                                        Libraries\STM32L1xx_StdPeriph_Driver\src\stm32l1xx_pwr.o
PWR_EnterLowPowerRunMode                          Libraries\STM32L1xx_StdPeriph_Driver\src\stm32l1xx_pwr.o
PWR_EnterSTANDBYMode                              Libraries\STM32L1xx_StdPeriph_Driver\src\stm32l1xx_pwr.o
PWR_EnterSTOPMode                                 Libraries\STM32L1xx_StdPeriph_Driver\src\stm32l1xx_pwr.o
PWR_EnterSleepMode                                Libraries\STM32L1xx_StdPeriph_Driver\src\stm32l1xx_pwr.o
PWR_FastWakeUpCmd                                 Libraries\STM32L1xx_StdPeriph_Driver\src\stm32l1xx_pwr.o
PWR_GetFlagStatus                                 Libraries\STM32L1xx_StdPeriph_Driver\src\stm32l1xx_pwr.o
PWR_PVDCmd                                        Libraries\STM32L1xx_StdPeriph_Driver\src\stm32l1xx_pwr.o
PWR_PVDLevelConfig                                Libraries\STM32L1xx_StdPeriph_Driver\src\stm32l1xx_pwr.o
PWR_RTCAccessCmd                                  Libraries\STM32L1xx_StdPeriph_Driver\src\stm32l1xx_pwr.o
PWR_UltraLowPowerCmd                              Libraries\STM32L1xx_StdPeriph_Driver\src\stm32l1xx_pwr.o
PWR_VoltageScalingConfig                          Libraries\STM32L1xx_StdPeriph_Driver\src\stm32l1xx_pwr.o
PWR_WakeUpPinCmd                                  Libraries\STM32L1xx_StdPeriph_Driver\src\stm32l1xx_pwr.o
PendSV_Handler                                    src\stm32l1xx_it.o
                                                  src\startup_stm32l1xx_hd.o
PutcUART3                                         src\bluetooth.o
RCC_AHBPeriphClockCmd                             Libraries\STM32L1xx_StdPeriph_Driver\src\stm32l1xx_rcc.o
                                                  src\sensor.o
                                                  src\runIndicatorLED.o
                                                  src\motorctrl.o
                                                  src\i2c.o
                                                  src\bluetooth.o
RCC_AHBPeriphClockLPModeCmd                       Libraries\STM32L1xx_StdPeriph_Driver\src\stm32l1xx_rcc.o
RCC_AHBPeriphResetCmd                             Libraries\STM32L1xx_StdPeriph_Driver\src\stm32l1xx_rcc.o
                                                  Libraries\STM32L1xx_StdPeriph_Driver\src\stm32l1xx_gpio.o
                                                  Libraries\STM32L1xx_StdPeriph_Driver\src\stm32l1xx_aes.o
RCC_APB1PeriphClockCmd                            Libraries\STM32L1xx_StdPeriph_Driver\src\stm32l1xx_rcc.o
                                                  src\sensor.o
                                                  src\runIndicatorLED.o
                                                  src\motorctrl.o
                                                  src\i2c.o
                                                  src\bluetooth.o
RCC_APB1PeriphClockLPModeCmd                      Libraries\STM32L1xx_StdPeriph_Driver\src\stm32l1xx_rcc.o
RCC_APB1PeriphResetCmd                            Libraries\STM32L1xx_StdPeriph_Driver\src\stm32l1xx_rcc.o
                                                  src\i2c.o
                                                  Libraries\STM32L1xx_StdPeriph_Driver\src\stm32l1xx_wwdg.o
                                                  Libraries\STM32L1xx_StdPeriph_Driver\src\stm32l1xx_usart.o
                                                  Libraries\STM32L1xx_StdPeriph_Driver\src\stm32l1xx_tim.o
                                                  Libraries\STM32L1xx_StdPeriph_Driver\src\stm32l1xx_spi.o
                                                  Libraries\STM32L1xx_StdPeriph_Driver\src\stm32l1xx_pwr.o
                                                  Libraries\STM32L1xx_StdPeriph_Driver\src\stm32l1xx_lcd.o
                                                  Libraries\STM32L1xx_StdPeriph_Driver\src\stm32l1xx_i2c.o
                                                  Libraries\STM32L1xx_StdPeriph_Driver\src\stm32l1xx_dac.o
RCC_APB2PeriphClockCmd                            Libraries\STM32L1xx_StdPeriph_Driver\src\stm32l1xx_rcc.o
                                                  src\sensor.o
                                                  src\HMC5883L.o
RCC_APB2PeriphClockLPModeCmd                      Libraries\STM32L1xx_StdPeriph_Driver\src\stm32l1xx_rcc.o
RCC_APB2PeriphResetCmd                            Libraries\STM32L1xx_StdPeriph_Driver\src\stm32l1xx_rcc.o
                                                  Libraries\STM32L1xx_StdPeriph_Driver\src\stm32l1xx_usart.o
                                                  Libraries\STM32L1xx_StdPeriph_Driver\src\stm32l1xx_tim.o
                                                  Libraries\STM32L1xx_StdPeriph_Driver\src\stm32l1xx_syscfg.o
                                                  Libraries\STM32L1xx_StdPeriph_Driver\src\stm32l1xx_spi.o
                                                  Libraries\STM32L1xx_StdPeriph_Driver\src\stm32l1xx_sdio.o
                                                  Libraries\STM32L1xx_StdPeriph_Driver\src\stm32l1xx_adc.o
RCC_AdjustHSICalibrationValue                     Libraries\STM32L1xx_StdPeriph_Driver\src\stm32l1xx_rcc.o
RCC_AdjustMSICalibrationValue                     Libraries\STM32L1xx_StdPeriph_Driver\src\stm32l1xx_rcc.o
RCC_ClearFlag                                     Libraries\STM32L1xx_StdPeriph_Driver\src\stm32l1xx_rcc.o
RCC_ClearITPendingBit                             Libraries\STM32L1xx_StdPeriph_Driver\src\stm32l1xx_rcc.o
RCC_ClockSecuritySystemCmd                        Libraries\STM32L1xx_StdPeriph_Driver\src\stm32l1xx_rcc.o
RCC_DeInit                                        Libraries\STM32L1xx_StdPeriph_Driver\src\stm32l1xx_rcc.o
RCC_GetClocksFreq                                 Libraries\STM32L1xx_StdPeriph_Driver\src\stm32l1xx_rcc.o
                                                  Libraries\STM32L1xx_StdPeriph_Driver\src\stm32l1xx_usart.o
                                                  Libraries\STM32L1xx_StdPeriph_Driver\src\stm32l1xx_spi.o
                                                  Libraries\STM32L1xx_StdPeriph_Driver\src\stm32l1xx_i2c.o
RCC_GetFlagStatus                                 Libraries\STM32L1xx_StdPeriph_Driver\src\stm32l1xx_rcc.o
RCC_GetITStatus                                   Libraries\STM32L1xx_StdPeriph_Driver\src\stm32l1xx_rcc.o
RCC_GetSYSCLKSource                               Libraries\STM32L1xx_StdPeriph_Driver\src\stm32l1xx_rcc.o
RCC_HCLKConfig                                    Libraries\STM32L1xx_StdPeriph_Driver\src\stm32l1xx_rcc.o
RCC_HSEConfig                                     Libraries\STM32L1xx_StdPeriph_Driver\src\stm32l1xx_rcc.o
RCC_HSICmd                                        Libraries\STM32L1xx_StdPeriph_Driver\src\stm32l1xx_rcc.o
RCC_IRQHandler                                    src\startup_stm32l1xx_hd.o
RCC_ITConfig                                      Libraries\STM32L1xx_StdPeriph_Driver\src\stm32l1xx_rcc.o
RCC_LSEClockSecuritySystemCmd                     Libraries\STM32L1xx_StdPeriph_Driver\src\stm32l1xx_rcc.o
RCC_LSEConfig                                     Libraries\STM32L1xx_StdPeriph_Driver\src\stm32l1xx_rcc.o