Archive member included to satisfy reference by file (symbol)

c:/program files (x86)/atollic/truestudio for arm 6.0.0/armtools/bin/../lib/gcc/arm-atollic-eabi/5.3.1/../../../../arm-atollic-eabi/lib/armv7-m\libc_nano.a(lib_a-init.o)
                              src\startup_stm32l1xx_hd.o (__libc_init_array)
c:/program files (x86)/atollic/truestudio for arm 6.0.0/armtools/bin/../lib/gcc/arm-atollic-eabi/5.3.1/../../../../arm-atollic-eabi/lib/armv7-m\libc_nano.a(lib_a-strlen.o)
                              src\tiny_printf.o (strlen)
c:/program files (x86)/atollic/truestudio for arm 6.0.0/armtools/bin/../lib/gcc/arm-atollic-eabi/5.3.1/armv7-m\libgcc.a(_arm_addsubdf3.o)
                              src\dialkomer.o (__aeabi_ui2d)
c:/program files (x86)/atollic/truestudio for arm 6.0.0/armtools/bin/../lib/gcc/arm-atollic-eabi/5.3.1/armv7-m\libgcc.a(_arm_muldivdf3.o)
                              src\dialkomer.o (__aeabi_dmul)
c:/program files (x86)/atollic/truestudio for arm 6.0.0/armtools/bin/../lib/gcc/arm-atollic-eabi/5.3.1/../../../../arm-atollic-eabi/lib/armv7-m\libnosys.a(write.o)
                              src\tiny_printf.o (_write)
c:/program files (x86)/atollic/truestudio for arm 6.0.0/armtools/bin/../lib/gcc/arm-atollic-eabi/5.3.1/../../../../arm-atollic-eabi/lib/armv7-m\libnosys.a(errno.o)
                              c:/program files (x86)/atollic/truestudio for arm 6.0.0/armtools/bin/../lib/gcc/arm-atollic-eabi/5.3.1/../../../../arm-atollic-eabi/lib/armv7-m\libnosys.a(write.o) (errno)

Allocating common symbols
Common symbol       size              file

errno               0x4               c:/program files (x86)/atollic/truestudio for arm 6.0.0/armtools/bin/../lib/gcc/arm-atollic-eabi/5.3.1/../../../../arm-atollic-eabi/lib/armv7-m\libnosys.a(errno.o)
pamatCapture        0x190             src\dialkomer.o
pamatDist           0x320             src\dialkomer.o
TIM_ICInitStructure
                    0xa               src\dialkomer.o

Discarded input sections

 .text          0x00000000        0x0 c:/program files (x86)/atollic/truestudio for arm 6.0.0/armtools/bin/../lib/gcc/arm-atollic-eabi/5.3.1/armv7-m/crti.o
 .data          0x00000000        0x0 c:/program files (x86)/atollic/truestudio for arm 6.0.0/armtools/bin/../lib/gcc/arm-atollic-eabi/5.3.1/armv7-m/crti.o
 .bss           0x00000000        0x0 c:/program files (x86)/atollic/truestudio for arm 6.0.0/armtools/bin/../lib/gcc/arm-atollic-eabi/5.3.1/armv7-m/crti.o
 .data          0x00000000        0x4 c:/program files (x86)/atollic/truestudio for arm 6.0.0/armtools/bin/../lib/gcc/arm-atollic-eabi/5.3.1/armv7-m/crtbegin.o
 .text          0x00000000        0x0 Libraries\STM32L1xx_StdPeriph_Driver\src\misc.o
 .data          0x00000000        0x0 Libraries\STM32L1xx_StdPeriph_Driver\src\misc.o
 .bss           0x00000000        0x0 Libraries\STM32L1xx_StdPeriph_Driver\src\misc.o
 .text.NVIC_PriorityGroupConfig
                0x00000000       0x14 Libraries\STM32L1xx_StdPeriph_Driver\src\misc.o
 .text.NVIC_SetVectorTable
                0x00000000       0x14 Libraries\STM32L1xx_StdPeriph_Driver\src\misc.o
 .text.NVIC_SystemLPConfig
                0x00000000       0x18 Libraries\STM32L1xx_StdPeriph_Driver\src\misc.o
 .text.SysTick_CLKSourceConfig
                0x00000000       0x18 Libraries\STM32L1xx_StdPeriph_Driver\src\misc.o
 .text          0x00000000        0x0 Libraries\STM32L1xx_StdPeriph_Driver\src\stm32l1xx_adc.o
 .data          0x00000000        0x0 Libraries\STM32L1xx_StdPeriph_Driver\src\stm32l1xx_adc.o
 .bss           0x00000000        0x0 Libraries\STM32L1xx_StdPeriph_Driver\src\stm32l1xx_adc.o
 .text.ADC_DeInit
                0x00000000       0x28 Libraries\STM32L1xx_StdPeriph_Driver\src\stm32l1xx_adc.o
 .text.ADC_Init
                0x00000000       0x4c Libraries\STM32L1xx_StdPeriph_Driver\src\stm32l1xx_adc.o
 .text.ADC_StructInit
                0x00000000       0x18 Libraries\STM32L1xx_StdPeriph_Driver\src\stm32l1xx_adc.o
 .text.ADC_CommonInit
                0x00000000       0x14 Libraries\STM32L1xx_StdPeriph_Driver\src\stm32l1xx_adc.o
 .text.ADC_CommonStructInit
                0x00000000        0x6 Libraries\STM32L1xx_StdPeriph_Driver\src\stm32l1xx_adc.o
 .text.ADC_Cmd  0x00000000       0x12 Libraries\STM32L1xx_StdPeriph_Driver\src\stm32l1xx_adc.o
 .text.ADC_BankSelection
                0x00000000       0x12 Libraries\STM32L1xx_StdPeriph_Driver\src\stm32l1xx_adc.o
 .text.ADC_PowerDownCmd
                0x00000000       0x10 Libraries\STM32L1xx_StdPeriph_Driver\src\stm32l1xx_adc.o
 .text.ADC_DelaySelectionConfig
                0x00000000        0xc Libraries\STM32L1xx_StdPeriph_Driver\src\stm32l1xx_adc.o
 .text.ADC_AnalogWatchdogCmd
                0x00000000       0x10 Libraries\STM32L1xx_StdPeriph_Driver\src\stm32l1xx_adc.o
 .text.ADC_AnalogWatchdogThresholdsConfig
                0x00000000        0x6 Libraries\STM32L1xx_StdPeriph_Driver\src\stm32l1xx_adc.o
 .text.ADC_AnalogWatchdogSingleChannelConfig
[...]
Memory Configuration

Name             Origin             Length             Attributes
FLASH            0x08000000         0x00080000         xr
RAM              0x20000000         0x00014000         xrw
MEMORY_B1        0x60000000         0x00000000         xr
*default*        0x00000000         0xffffffff

Linker script and memory map

LOAD c:/program files (x86)/atollic/truestudio for arm 6.0.0/armtools/bin/../lib/gcc/arm-atollic-eabi/5.3.1/armv7-m/crti.o
LOAD c:/program files (x86)/atollic/truestudio for arm 6.0.0/armtools/bin/../lib/gcc/arm-atollic-eabi/5.3.1/armv7-m/crtbegin.o
LOAD Libraries\STM32L1xx_StdPeriph_Driver\src\misc.o
LOAD Libraries\STM32L1xx_StdPeriph_Driver\src\stm32l1xx_adc.o
LOAD Libraries\STM32L1xx_StdPeriph_Driver\src\stm32l1xx_aes.o
LOAD Libraries\STM32L1xx_StdPeriph_Driver\src\stm32l1xx_aes_util.o
LOAD Libraries\STM32L1xx_StdPeriph_Driver\src\stm32l1xx_comp.o
LOAD Libraries\STM32L1xx_StdPeriph_Driver\src\stm32l1xx_crc.o
LOAD Libraries\STM32L1xx_StdPeriph_Driver\src\stm32l1xx_dac.o
LOAD Libraries\STM32L1xx_StdPeriph_Driver\src\stm32l1xx_dbgmcu.o
LOAD Libraries\STM32L1xx_StdPeriph_Driver\src\stm32l1xx_dma.o
LOAD Libraries\STM32L1xx_StdPeriph_Driver\src\stm32l1xx_exti.o
LOAD Libraries\STM32L1xx_StdPeriph_Driver\src\stm32l1xx_flash.o
LOAD Libraries\STM32L1xx_StdPeriph_Driver\src\stm32l1xx_flash_ramfunc.o
LOAD Libraries\STM32L1xx_StdPeriph_Driver\src\stm32l1xx_fsmc.o
LOAD Libraries\STM32L1xx_StdPeriph_Driver\src\stm32l1xx_gpio.o
LOAD Libraries\STM32L1xx_StdPeriph_Driver\src\stm32l1xx_i2c.o
LOAD Libraries\STM32L1xx_StdPeriph_Driver\src\stm32l1xx_iwdg.o
LOAD Libraries\STM32L1xx_StdPeriph_Driver\src\stm32l1xx_lcd.o
LOAD Libraries\STM32L1xx_StdPeriph_Driver\src\stm32l1xx_opamp.o
LOAD Libraries\STM32L1xx_StdPeriph_Driver\src\stm32l1xx_pwr.o
LOAD Libraries\STM32L1xx_StdPeriph_Driver\src\stm32l1xx_rcc.o
LOAD Libraries\STM32L1xx_StdPeriph_Driver\src\stm32l1xx_rtc.o
LOAD Libraries\STM32L1xx_StdPeriph_Driver\src\stm32l1xx_sdio.o
LOAD Libraries\STM32L1xx_StdPeriph_Driver\src\stm32l1xx_spi.o
LOAD Libraries\STM32L1xx_StdPeriph_Driver\src\stm32l1xx_syscfg.o
LOAD Libraries\STM32L1xx_StdPeriph_Driver\src\stm32l1xx_tim.o
LOAD Libraries\STM32L1xx_StdPeriph_Driver\src\stm32l1xx_usart.o
LOAD Libraries\STM32L1xx_StdPeriph_Driver\src\stm32l1xx_wwdg.o
LOAD src\dialkomer.o
LOAD src\kontrolka.o
LOAD src\main.o
LOAD src\sensor.o
LOAD src\startup_stm32l1xx_hd.o
LOAD src\stm32l1xx_it.o
LOAD src\system_stm32l1xx.o
LOAD src\tiny_printf.o
START GROUP
LOAD c:/program files (x86)/atollic/truestudio for arm 6.0.0/armtools/bin/../lib/gcc/arm-atollic-eabi/5.3.1/../../../../arm-atollic-eabi/lib/armv7-m\libc_nano.a
LOAD c:/program files (x86)/atollic/truestudio for arm 6.0.0/armtools/bin/../lib/gcc/arm-atollic-eabi/5.3.1/../../../../arm-atollic-eabi/lib/armv7-m\libm.a
END GROUP
                0x00000080                malloc_getpagesize_P = 0x80
START GROUP
LOAD c:/program files (x86)/atollic/truestudio for arm 6.0.0/armtools/bin/../lib/gcc/arm-atollic-eabi/5.3.1/armv7-m\libgcc.a
LOAD c:/program files (x86)/atollic/truestudio for arm 6.0.0/armtools/bin/../lib/gcc/arm-atollic-eabi/5.3.1/../../../../arm-atollic-eabi/lib/armv7-m\libc_nano.a
END GROUP
START GROUP
LOAD c:/program files (x86)/atollic/truestudio for arm 6.0.0/armtools/bin/../lib/gcc/arm-atollic-eabi/5.3.1/armv7-m\libgcc.a
LOAD c:/program files (x86)/atollic/truestudio for arm 6.0.0/armtools/bin/../lib/gcc/arm-atollic-eabi/5.3.1/../../../../arm-atollic-eabi/lib/armv7-m\libc_nano.a
LOAD c:/program files (x86)/atollic/truestudio for arm 6.0.0/armtools/bin/../lib/gcc/arm-atollic-eabi/5.3.1/../../../../arm-atollic-eabi/lib/armv7-m\libnosys.a
END GROUP
START GROUP
LOAD c:/program files (x86)/atollic/truestudio for arm 6.0.0/armtools/bin/../lib/gcc/arm-atollic-eabi/5.3.1/armv7-m\libgcc.a
LOAD c:/program files (x86)/atollic/truestudio for arm 6.0.0/armtools/bin/../lib/gcc/arm-atollic-eabi/5.3.1/../../../../arm-atollic-eabi/lib/armv7-m\libc_nano.a
LOAD c:/program files (x86)/atollic/truestudio for arm 6.0.0/armtools/bin/../lib/gcc/arm-atollic-eabi/5.3.1/../../../../arm-atollic-eabi/lib/armv7-m\libnosys.a
END GROUP
LOAD c:/program files (x86)/atollic/truestudio for arm 6.0.0/armtools/bin/../lib/gcc/arm-atollic-eabi/5.3.1/armv7-m/crtend.o
LOAD c:/program files (x86)/atollic/truestudio for arm 6.0.0/armtools/bin/../lib/gcc/arm-atollic-eabi/5.3.1/armv7-m/crtn.o
                0x20014000                _estack = 0x20014000
                0x00000000                _Min_Heap_Size = 0x0
                0x00000400                _Min_Stack_Size = 0x400

.isr_vector     0x08000000      0x13c
                0x08000000                . = ALIGN (0x4)
 *(.isr_vector)
 .isr_vector    0x08000000      0x13c src\startup_stm32l1xx_hd.o
                0x08000000                g_pfnVectors
                0x0800013c                . = ALIGN (0x4)

.text           0x0800013c     0x1038
                0x0800013c                . = ALIGN (0x4)
 *(.text)
 .text          0x0800013c       0x40 c:/program files (x86)/atollic/truestudio for arm 6.0.0/armtools/bin/../lib/gcc/arm-atollic-eabi/5.3.1/armv7-m/crtbegin.o
 .text          0x0800017c      0x370 c:/program files (x86)/atollic/truestudio for arm 6.0.0/armtools/bin/../lib/gcc/arm-atollic-eabi/5.3.1/armv7-m\libgcc.a(_arm_addsubdf3.o)
                0x0800017c                __aeabi_drsub
                0x08000184                __aeabi_dsub
                0x08000184                __subdf3
                0x08000188                __aeabi_dadd
                0x08000188                __adddf3
                0x08000400                __floatunsidf
                0x08000400                __aeabi_ui2d
                0x08000420                __floatsidf
                0x08000420                __aeabi_i2d
                0x08000444                __aeabi_f2d
                0x08000444                __extendsfdf2
                0x08000480                __floatundidf
                0x08000480                __aeabi_ul2d
                0x08000490                __floatdidf
                0x08000490                __aeabi_l2d
 .text          0x080004ec      0x424 c:/program files (x86)/atollic/truestudio for arm 6.0.0/armtools/bin/../lib/gcc/arm-atollic-eabi/5.3.1/armv7-m\libgcc.a(_arm_muldivdf3.o)
                0x080004ec                __aeabi_dmul
                0x080004ec                __muldf3
                0x08000740                __divdf3
                0x08000740                __aeabi_ddiv
 *(.text*)
 .text.NVIC_Init
                0x08000910       0x70 Libraries\STM32L1xx_StdPeriph_Driver\src\misc.o
                0x08000910                NVIC_Init
 .text.GPIO_Init
                0x08000980       0x88 Libraries\STM32L1xx_StdPeriph_Driver\src\stm32l1xx_gpio.o
                0x08000980                GPIO_Init
 .text.GPIO_WriteBit
                0x08000a08        0xa Libraries\STM32L1xx_StdPeriph_Driver\src\stm32l1xx_gpio.o
                0x08000a08                GPIO_WriteBit
 .text.GPIO_ToggleBits
                0x08000a12        0xa Libraries\STM32L1xx_StdPeriph_Driver\src\stm32l1xx_gpio.o
                0x08000a12                GPIO_ToggleBits
 .text.GPIO_PinAFConfig
                0x08000a1c       0x24 Libraries\STM32L1xx_StdPeriph_Driver\src\stm32l1xx_gpio.o
                0x08000a1c                GPIO_PinAFConfig
 .text.RCC_AHBPeriphClockCmd
                0x08000a40       0x18 Libraries\STM32L1xx_StdPeriph_Driver\src\stm32l1xx_rcc.o
                0x08000a40                RCC_AHBPeriphClockCmd
 .text.RCC_APB1PeriphClockCmd
                0x08000a58       0x18 Libraries\STM32L1xx_StdPeriph_Driver\src\stm32l1xx_rcc.o
                0x08000a58                RCC_APB1PeriphClockCmd
 .text.TI1_Config
                0x08000a70       0x32 Libraries\STM32L1xx_StdPeriph_Driver\src\stm32l1xx_tim.o
 .text.TI2_Config
                0x08000aa2       0x3a Libraries\STM32L1xx_StdPeriph_Driver\src\stm32l1xx_tim.o
 .text.TIM_TimeBaseInit
                0x08000adc       0x58 Libraries\STM32L1xx_StdPeriph_Driver\src\stm32l1xx_tim.o
                0x08000adc                TIM_TimeBaseInit
 .text.TIM_Cmd  0x08000b34       0x18 Libraries\STM32L1xx_StdPeriph_Driver\src\stm32l1xx_tim.o
                0x08000b34                TIM_Cmd
 .text.TIM_GetCapture2
                0x08000b4c        0x4 Libraries\STM32L1xx_StdPeriph_Driver\src\stm32l1xx_tim.o
                0x08000b4c                TIM_GetCapture2
 .text.TIM_SetIC1Prescaler
                0x08000b50       0x16 Libraries\STM32L1xx_StdPeriph_Driver\src\stm32l1xx_tim.o
                0x08000b50                TIM_SetIC1Prescaler
 .text.TIM_SetIC2Prescaler
                0x08000b66       0x1a Libraries\STM32L1xx_StdPeriph_Driver\src\stm32l1xx_tim.o
                0x08000b66                TIM_SetIC2Prescaler
 .text.TIM_SetIC3Prescaler
                0x08000b80       0x16 Libraries\STM32L1xx_StdPeriph_Driver\src\stm32l1xx_tim.o
                0x08000b80                TIM_SetIC3Prescaler
 .text.TIM_SetIC4Prescaler
                0x08000b96       0x1a Libraries\STM32L1xx_StdPeriph_Driver\src\stm32l1xx_tim.o
                0x08000b96                TIM_SetIC4Prescaler
 .text.TIM_ICInit
                0x08000bb0       0xb4 Libraries\STM32L1xx_StdPeriph_Driver\src\stm32l1xx_tim.o
                0x08000bb0                TIM_ICInit
 .text.TIM_GetITStatus
                0x08000c64       0x16 Libraries\STM32L1xx_StdPeriph_Driver\src\stm32l1xx_tim.o
                0x08000c64                TIM_GetITStatus
 .text.TIM_ClearITPendingBit
                0x08000c7a        0x8 Libraries\STM32L1xx_StdPeriph_Driver\src\stm32l1xx_tim.o
                0x08000c7a                TIM_ClearITPendingBit
 .text.TIM_DMACmd
                0x08000c82       0x12 Libraries\STM32L1xx_StdPeriph_Driver\src\stm32l1xx_tim.o
                0x08000c82                TIM_DMACmd
 .text.TIM_ITConfig
                0x08000c94        0x4 Libraries\STM32L1xx_StdPeriph_Driver\src\stm32l1xx_tim.o
                0x08000c94                TIM_ITConfig
 .text.TIM7_IRQHandler
                0x08000c98       0x38 src\dialkomer.o
                0x08000c98                TIM7_IRQHandler
 .text.TIM5_IRQHandler
                0x08000cd0       0xac src\dialkomer.o
                0x08000cd0                TIM5_IRQHandler
 .text.TIM6_IRQHandler
                0x08000d7c       0x44 src\kontrolka.o
                0x08000d7c                TIM6_IRQHandler
 .text.startup.main
                0x08000dc0       0x1c src\main.o
                0x08000dc0                main
 .text.sensorInitTriggerTimer
                0x08000ddc       0x54 src\sensor.o
                0x08000ddc                sensorInitTriggerTimer
 .text.sensorInitTriggerPin
                0x08000e30       0x34 src\sensor.o
                0x08000e30                sensorInitTriggerPin
 .text.sensorInitCaptureTimer
                0x08000e64       0x9c src\sensor.o
                0x08000e64                sensorInitCaptureTimer
 .text.sensorInit
                0x08000f00       0x12 src\sensor.o
                0x08000f00                sensorInit
 *fill*         0x08000f12        0x2 
 .text.leftSensorMeasure
                0x08000f14       0x24 src\sensor.o
                0x08000f14                leftSensorMeasure
 .text.leftSensorGetDistance
                0x08000f38       0x5c src\sensor.o
                0x08000f38                leftSensorGetDistance
 .text.Reset_Handler
                0x08000f94       0x50 src\startup_stm32l1xx_hd.o
                0x08000f94                Reset_Handler
 .text.Default_Handler
                0x08000fe4        0x2 src\startup_stm32l1xx_hd.o
                0x08000fe4                RTC_Alarm_IRQHandler
                0x08000fe4                EXTI2_IRQHandler
                0x08000fe4                COMP_ACQ_IRQHandler
                0x08000fe4                TIM10_IRQHandler
                0x08000fe4                USB_HP_IRQHandler
                0x08000fe4                PVD_IRQHandler
                0x08000fe4                SDIO_IRQHandler
                0x08000fe4                EXTI3_IRQHandler
                0x08000fe4                EXTI0_IRQHandler
                0x08000fe4                I2C2_EV_IRQHandler
                0x08000fe4                SPI1_IRQHandler
                0x08000fe4                USB_FS_WKUP_IRQHandler
                0x08000fe4                DMA2_Channel2_IRQHandler
                0x08000fe4                DMA1_Channel4_IRQHandler
                0x08000fe4                ADC1_IRQHandler
                0x08000fe4                USART3_IRQHandler
                0x08000fe4                DMA1_Channel7_IRQHandler
                0x08000fe4                LCD_IRQHandler
                0x08000fe4                UART5_IRQHandler
                0x08000fe4                TIM4_IRQHandler
                0x08000fe4                DMA2_Channel1_IRQHandler
                0x08000fe4                I2C1_EV_IRQHandler
                0x08000fe4                DMA1_Channel6_IRQHandler
                0x08000fe4                UART4_IRQHandler
                0x08000fe4                DMA2_Channel4_IRQHandler
                0x08000fe4                TIM3_IRQHandler
                0x08000fe4                RCC_IRQHandler
                0x08000fe4                DMA1_Channel1_IRQHandler
                0x08000fe4                Default_Handler
                0x08000fe4                EXTI15_10_IRQHandler
                0x08000fe4                EXTI9_5_IRQHandler
                0x08000fe4                TIM9_IRQHandler
                0x08000fe4                TAMPER_STAMP_IRQHandler
                0x08000fe4                RTC_WKUP_IRQHandler
                0x08000fe4                SPI2_IRQHandler
                0x08000fe4                DMA2_Channel5_IRQHandler
                0x08000fe4                DMA1_Channel5_IRQHandler
                0x08000fe4                USB_LP_IRQHandler
                0x08000fe4                EXTI4_IRQHandler
                0x08000fe4                DMA1_Channel3_IRQHandler
                0x08000fe4                COMP_IRQHandler
                0x08000fe4                WWDG_IRQHandler
                0x08000fe4                TIM2_IRQHandler
                0x08000fe4                DAC_IRQHandler
                0x08000fe4                EXTI1_IRQHandler
                0x08000fe4                AES_IRQHandler
                0x08000fe4                TIM11_IRQHandler
                0x08000fe4                USART2_IRQHandler
                0x08000fe4                I2C2_ER_IRQHandler
                0x08000fe4                DMA1_Channel2_IRQHandler
                0x08000fe4                FLASH_IRQHandler
                0x08000fe4                USART1_IRQHandler
                0x08000fe4                SPI3_IRQHandler
                0x08000fe4                I2C1_ER_IRQHandler
                0x08000fe4                DMA2_Channel3_IRQHandler
 .text.NMI_Handler
                0x08000fe6        0x2 src\stm32l1xx_it.o
                0x08000fe6                NMI_Handler
 .text.HardFault_Handler
                0x08000fe8        0x2 src\stm32l1xx_it.o
                0x08000fe8                HardFault_Handler
 .text.MemManage_Handler
                0x08000fea        0x2 src\stm32l1xx_it.o
                0x08000fea                MemManage_Handler
 .text.BusFault_Handler
                0x08000fec        0x2 src\stm32l1xx_it.o
                0x08000fec                BusFault_Handler
 .text.UsageFault_Handler
                0x08000fee        0x2 src\stm32l1xx_it.o
                0x08000fee                UsageFault_Handler
 .text.SVC_Handler
                0x08000ff0        0x2 src\stm32l1xx_it.o
                0x08000ff0                SVC_Handler
 .text.DebugMon_Handler
                0x08000ff2        0x2 src\stm32l1xx_it.o
                0x08000ff2                DebugMon_Handler
 .text.PendSV_Handler
                0x08000ff4        0x2 src\stm32l1xx_it.o
                0x08000ff4                PendSV_Handler
 .text.SysTick_Handler
                0x08000ff6        0x2 src\stm32l1xx_it.o
                0x08000ff6                SysTick_Handler
 .text.SystemInit
                0x08000ff8      0x118 src\system_stm32l1xx.o
                0x08000ff8                SystemInit
 .text.__libc_init_array
                0x08001110       0x4c c:/program files (x86)/atollic/truestudio for arm 6.0.0/armtools/bin/../lib/gcc/arm-atollic-eabi/5.3.1/../../../../arm-atollic-eabi/lib/armv7-m\libc_nano.a(lib_a-init.o)
                0x08001110                __libc_init_array
 *(.glue_7)
 .glue_7        0x0800115c        0x0 linker stubs
 *(.glue_7t)
 .glue_7t       0x0800115c        0x0 linker stubs
 *(.eh_frame)
 .eh_frame      0x0800115c        0x0 c:/program files (x86)/atollic/truestudio for arm 6.0.0/armtools/bin/../lib/gcc/arm-atollic-eabi/5.3.1/armv7-m/crtbegin.o
 *(.init)
 .init          0x0800115c        0x4 c:/program files (x86)/atollic/truestudio for arm 6.0.0/armtools/bin/../lib/gcc/arm-atollic-eabi/5.3.1/armv7-m/crti.o
                0x0800115c                _init
 .init          0x08001160        0x8 c:/program files (x86)/atollic/truestudio for arm 6.0.0/armtools/bin/../lib/gcc/arm-atollic-eabi/5.3.1/armv7-m/crtn.o
 *(.fini)
 .fini          0x08001168        0x4 c:/program files (x86)/atollic/truestudio for arm 6.0.0/armtools/bin/../lib/gcc/arm-atollic-eabi/5.3.1/armv7-m/crti.o
                0x08001168                _fini
 .fini          0x0800116c        0x8 c:/program files (x86)/atollic/truestudio for arm 6.0.0/armtools/bin/../lib/gcc/arm-atollic-eabi/5.3.1/armv7-m/crtn.o
                0x08001174                . = ALIGN (0x4)
                0x08001174                _etext = .

.vfp11_veneer   0x08001174        0x0
 .vfp11_veneer  0x08001174        0x0 linker stubs

.v4_bx          0x08001174        0x0
 .v4_bx         0x08001174        0x0 linker stubs

.iplt           0x08001174        0x0
 .iplt          0x08001174        0x0 c:/program files (x86)/atollic/truestudio for arm 6.0.0/armtools/bin/../lib/gcc/arm-atollic-eabi/5.3.1/armv7-m/crtbegin.o

.rel.dyn        0x08001174        0x0
 .rel.iplt      0x08001174        0x0 c:/program files (x86)/atollic/truestudio for arm 6.0.0/armtools/bin/../lib/gcc/arm-atollic-eabi/5.3.1/armv7-m/crtbegin.o

.rodata         0x08001174        0x0
                0x08001174                . = ALIGN (0x4)
 *(.rodata)
 *(.rodata*)
                0x08001174                . = ALIGN (0x4)

.ARM.extab
 *(.ARM.extab* .gnu.linkonce.armextab.*)

.ARM            0x08001174        0x0
                0x08001174                __exidx_start = .
 *(.ARM.exidx*)
                0x08001174                __exidx_end = .

.preinit_array  0x08001174        0x0
                0x08001174                PROVIDE (__preinit_array_start, .)
 *(.preinit_array*)
                0x08001174                PROVIDE (__preinit_array_end, .)

.init_array     0x08001174        0x4
                0x08001174                PROVIDE (__init_array_start, .)
 *(SORT(.init_array.*))
 *(.init_array*)
 .init_array    0x08001174        0x4 c:/program files (x86)/atollic/truestudio for arm 6.0.0/armtools/bin/../lib/gcc/arm-atollic-eabi/5.3.1/armv7-m/crtbegin.o
                0x08001178                PROVIDE (__init_array_end, .)

.fini_array     0x08001178        0x4
                [!provide]                PROVIDE (__fini_array_start, .)
 *(SORT(.fini_array.*))
 *(.fini_array*)
 .fini_array    0x08001178        0x4 c:/program files (x86)/atollic/truestudio for arm 6.0.0/armtools/bin/../lib/gcc/arm-atollic-eabi/5.3.1/armv7-m/crtbegin.o
                [!provide]                PROVIDE (__fini_array_end, .)
                0x0800117c                _sidata = LOADADDR (.data)

.data           0x20000000        0x0 load address 0x0800117c
                0x20000000                . = ALIGN (0x4)
                0x20000000                _sdata = .
 *(.data)
 *(.data*)
                0x20000000                . = ALIGN (0x4)
                0x20000000                _edata = .

.igot.plt       0x20000000        0x0 load address 0x0800117c
 .igot.plt      0x20000000        0x0 c:/program files (x86)/atollic/truestudio for arm 6.0.0/armtools/bin/../lib/gcc/arm-atollic-eabi/5.3.1/armv7-m/crtbegin.o
                0x20000000                . = ALIGN (0x4)

.bss            0x20000000      0x504 load address 0x0800117c
                0x20000000                _sbss = .
                0x20000000                __bss_start__ = _sbss
 *(.bss)
 .bss           0x20000000       0x1c c:/program files (x86)/atollic/truestudio for arm 6.0.0/armtools/bin/../lib/gcc/arm-atollic-eabi/5.3.1/armv7-m/crtbegin.o
 *(.bss*)
 .bss.Capture   0x2000001c        0x4 src\dialkomer.o
                0x2000001c                Capture
 .bss.pocitadlo
                0x20000020        0x4 src\dialkomer.o
                0x20000020                pocitadlo
 .bss.CaptureNumber
                0x20000024        0x4 src\dialkomer.o
                0x20000024                CaptureNumber
 .bss.TIM4Freq  0x20000028        0x4 src\dialkomer.o
                0x20000028                TIM4Freq
 .bss.IC4ReadValue1
                0x2000002c        0x4 src\dialkomer.o
                0x2000002c                IC4ReadValue1
 .bss.IC4ReadValue2
                0x20000030        0x4 src\dialkomer.o
                0x20000030                IC4ReadValue2
 *fill*         0x20000034        0x4 
 .bss.gTimeStamp
                0x20000038        0x8 src\main.o
                0x20000038                gTimeStamp
 .bss.pocitadlo1
                0x20000040        0x4 src\sensor.o
 .bss.TIM4Freq  0x20000044        0x4 src\sensor.o
 *(COMMON)
 COMMON         0x20000048      0x4ba src\dialkomer.o
                0x20000048                pamatCapture
                0x200001d8                pamatDist
                0x200004f8                TIM_ICInitStructure
                0x20000504                . = ALIGN (0x4)
 *fill*         0x20000502        0x2 
                0x20000504                _ebss = .
                0x20000504                __bss_end__ = _ebss

._user_heap_stack
                0x20000504      0x400 load address 0x0800117c
                0x20000504                . = ALIGN (0x4)
                [!provide]                PROVIDE (end, .)
                [!provide]                PROVIDE (_end, .)
                0x20000504                . = (. + _Min_Heap_Size)
                0x20000904                . = (. + _Min_Stack_Size)
 *fill*         0x20000504      0x400 
                0x20000904                . = ALIGN (0x4)

.memory_b1_text
 *(.mb1text)
 *(.mb1text*)
 *(.mb1rodata)
 *(.mb1rodata*)

/DISCARD/
 libc.a(*)
 libm.a(*)
 libgcc.a(*)

.ARM.attributes
                0x00000000       0x29
 *(.ARM.attributes)
 .ARM.attributes
                0x00000000       0x1d c:/program files (x86)/atollic/truestudio for arm 6.0.0/armtools/bin/../lib/gcc/arm-atollic-eabi/5.3.1/armv7-m/crti.o
 .ARM.attributes
                0x0000001d       0x2d c:/program files (x86)/atollic/truestudio for arm 6.0.0/armtools/bin/../lib/gcc/arm-atollic-eabi/5.3.1/armv7-m/crtbegin.o
 .ARM.attributes
                0x0000004a       0x33 Libraries\STM32L1xx_StdPeriph_Driver\src\misc.o
 .ARM.attributes
                0x0000007d       0x33 Libraries\STM32L1xx_StdPeriph_Driver\src\stm32l1xx_gpio.o
 .ARM.attributes
                0x000000b0       0x33 Libraries\STM32L1xx_StdPeriph_Driver\src\stm32l1xx_rcc.o
 .ARM.attributes
                0x000000e3       0x33 Libraries\STM32L1xx_StdPeriph_Driver\src\stm32l1xx_tim.o
 .ARM.attributes
                0x00000116       0x33 src\dialkomer.o
 .ARM.attributes
                0x00000149       0x33 src\kontrolka.o
 .ARM.attributes
                0x0000017c       0x33 src\main.o
 .ARM.attributes
                0x000001af       0x33 src\sensor.o
 .ARM.attributes
                0x000001e2       0x21 src\startup_stm32l1xx_hd.o
 .ARM.attributes
                0x00000203       0x33 src\stm32l1xx_it.o
 .ARM.attributes
                0x00000236       0x33 src\system_stm32l1xx.o
 .ARM.attributes
                0x00000269       0x2d c:/program files (x86)/atollic/truestudio for arm 6.0.0/armtools/bin/../lib/gcc/arm-atollic-eabi/5.3.1/../../../../arm-atollic-eabi/lib/armv7-m\libc_nano.a(lib_a-init.o)
 .ARM.attributes
                0x00000296       0x1d c:/program files (x86)/atollic/truestudio for arm 6.0.0/armtools/bin/../lib/gcc/arm-atollic-eabi/5.3.1/armv7-m\libgcc.a(_arm_addsubdf3.o)
 .ARM.attributes
                0x000002b3       0x1d c:/program files (x86)/atollic/truestudio for arm 6.0.0/armtools/bin/../lib/gcc/arm-atollic-eabi/5.3.1/armv7-m\libgcc.a(_arm_muldivdf3.o)
 .ARM.attributes
                0x000002d0       0x1d c:/program files (x86)/atollic/truestudio for arm 6.0.0/armtools/bin/../lib/gcc/arm-atollic-eabi/5.3.1/armv7-m/crtn.o
OUTPUT(vrs_projekt_bug0.elf elf32-littlearm)

.comment        0x00000000       0x7e
 .comment       0x00000000       0x7e Libraries\STM32L1xx_StdPeriph_Driver\src\misc.o
                                 0x7f (size before relaxing)
 .comment       0x0000007e       0x7f Libraries\STM32L1xx_StdPeriph_Driver\src\stm32l1xx_gpio.o
 .comment       0x0000007e       0x7f Libraries\STM32L1xx_StdPeriph_Driver\src\stm32l1xx_rcc.o
 .comment       0x0000007e       0x7f Libraries\STM32L1xx_StdPeriph_Driver\src\stm32l1xx_tim.o
 .comment       0x0000007e       0x7f src\dialkomer.o
 .comment       0x0000007e       0x7f src\kontrolka.o
 .comment       0x0000007e       0x7f src\main.o
 .comment       0x0000007e       0x7f src\sensor.o
 .comment       0x0000007e       0x7f src\stm32l1xx_it.o
 .comment       0x0000007e       0x7f src\system_stm32l1xx.o

.debug_frame    0x00000000       0x2c
 .debug_frame   0x00000000       0x2c c:/program files (x86)/atollic/truestudio for arm 6.0.0/armtools/bin/../lib/gcc/arm-atollic-eabi/5.3.1/../../../../arm-atollic-eabi/lib/armv7-m\libc_nano.a(lib_a-init.o)

.stabstr        0x00000000       0x3f
 .stabstr       0x00000000       0x3f c:/program files (x86)/atollic/truestudio for arm 6.0.0/armtools/bin/../lib/gcc/arm-atollic-eabi/5.3.1/../../../../arm-atollic-eabi/lib/armv7-m\libnosys.a(write.o)

Cross Reference Table

Symbol                                            File
ADC1_IRQHandler                                   src\startup_stm32l1xx_hd.o
ADC_AnalogWatchdogCmd                             Libraries\STM32L1xx_StdPeriph_Driver\src\stm32l1xx_adc.o
ADC_AnalogWatchdogSingleChannelConfig             Libraries\STM32L1xx_StdPeriph_Driver\src\stm32l1xx_adc.o
ADC_AnalogWatchdogThresholdsConfig                Libraries\STM32L1xx_StdPeriph_Driver\src\stm32l1xx_adc.o
ADC_AutoInjectedConvCmd                           Libraries\STM32L1xx_StdPeriph_Driver\src\stm32l1xx_adc.o
ADC_BankSelection                                 Libraries\STM32L1xx_StdPeriph_Driver\src\stm32l1xx_adc.o
ADC_ClearFlag                                     Libraries\STM32L1xx_StdPeriph_Driver\src\stm32l1xx_adc.o
ADC_ClearITPendingBit                             Libraries\STM32L1xx_StdPeriph_Driver\src\stm32l1xx_adc.o
ADC_Cmd                                           Libraries\STM32L1xx_StdPeriph_Driver\src\stm32l1xx_adc.o
ADC_CommonInit                                    Libraries\STM32L1xx_StdPeriph_Driver\src\stm32l1xx_adc.o
ADC_CommonStructInit                              Libraries\STM32L1xx_StdPeriph_Driver\src\stm32l1xx_adc.o
ADC_ContinuousModeCmd                             Libraries\STM32L1xx_StdPeriph_Driver\src\stm32l1xx_adc.o
ADC_DMACmd                                        Libraries\STM32L1xx_StdPeriph_Driver\src\stm32l1xx_adc.o
ADC_DMARequestAfterLastTransferCmd                Libraries\STM32L1xx_StdPeriph_Driver\src\stm32l1xx_adc.o
ADC_DeInit                                        Libraries\STM32L1xx_StdPeriph_Driver\src\stm32l1xx_adc.o
ADC_DelaySelectionConfig                          Libraries\STM32L1xx_StdPeriph_Driver\src\stm32l1xx_adc.o
ADC_DiscModeChannelCountConfig                    Libraries\STM32L1xx_StdPeriph_Driver\src\stm32l1xx_adc.o
ADC_DiscModeCmd                                   Libraries\STM32L1xx_StdPeriph_Driver\src\stm32l1xx_adc.o
ADC_EOCOnEachRegularChannelCmd                    Libraries\STM32L1xx_StdPeriph_Driver\src\stm32l1xx_adc.o
ADC_ExternalTrigInjectedConvConfig                Libraries\STM32L1xx_StdPeriph_Driver\src\stm32l1xx_adc.o
ADC_ExternalTrigInjectedConvEdgeConfig            Libraries\STM32L1xx_StdPeriph_Driver\src\stm32l1xx_adc.o
ADC_GetConversionValue                            Libraries\STM32L1xx_StdPeriph_Driver\src\stm32l1xx_adc.o
ADC_GetFlagStatus                                 Libraries\STM32L1xx_StdPeriph_Driver\src\stm32l1xx_adc.o
ADC_GetITStatus                                   Libraries\STM32L1xx_StdPeriph_Driver\src\stm32l1xx_adc.o
ADC_GetInjectedConversionValue                    Libraries\STM32L1xx_StdPeriph_Driver\src\stm32l1xx_adc.o
ADC_GetSoftwareStartConvStatus                    Libraries\STM32L1xx_StdPeriph_Driver\src\stm32l1xx_adc.o
ADC_GetSoftwareStartInjectedConvCmdStatus         Libraries\STM32L1xx_StdPeriph_Driver\src\stm32l1xx_adc.o
ADC_ITConfig                                      Libraries\STM32L1xx_StdPeriph_Driver\src\stm32l1xx_adc.o
ADC_Init                                          Libraries\STM32L1xx_StdPeriph_Driver\src\stm32l1xx_adc.o
ADC_InjectedChannelConfig                         Libraries\STM32L1xx_StdPeriph_Driver\src\stm32l1xx_adc.o
ADC_InjectedDiscModeCmd                           Libraries\STM32L1xx_StdPeriph_Driver\src\stm32l1xx_adc.o
ADC_InjectedSequencerLengthConfig                 Libraries\STM32L1xx_StdPeriph_Driver\src\stm32l1xx_adc.o
ADC_PowerDownCmd                                  Libraries\STM32L1xx_StdPeriph_Driver\src\stm32l1xx_adc.o
ADC_RegularChannelConfig                          Libraries\STM32L1xx_StdPeriph_Driver\src\stm32l1xx_adc.o
ADC_SetInjectedOffset                             Libraries\STM32L1xx_StdPeriph_Driver\src\stm32l1xx_adc.o
ADC_SoftwareStartConv                             Libraries\STM32L1xx_StdPeriph_Driver\src\stm32l1xx_adc.o
ADC_SoftwareStartInjectedConv                     Libraries\STM32L1xx_StdPeriph_Driver\src\stm32l1xx_adc.o
ADC_StructInit                                    Libraries\STM32L1xx_StdPeriph_Driver\src\stm32l1xx_adc.o
ADC_TempSensorVrefintCmd                          Libraries\STM32L1xx_StdPeriph_Driver\src\stm32l1xx_adc.o
AES_CBC_Decrypt                                   Libraries\STM32L1xx_StdPeriph_Driver\src\stm32l1xx_aes_util.o
AES_CBC_Encrypt                                   Libraries\STM32L1xx_StdPeriph_Driver\src\stm32l1xx_aes_util.o
AES_CTR_Decrypt                                   Libraries\STM32L1xx_StdPeriph_Driver\src\stm32l1xx_aes_util.o
AES_CTR_Encrypt                                   Libraries\STM32L1xx_StdPeriph_Driver\src\stm32l1xx_aes_util.o
AES_ClearFlag                                     Libraries\STM32L1xx_StdPeriph_Driver\src\stm32l1xx_aes.o
                                                  Libraries\STM32L1xx_StdPeriph_Driver\src\stm32l1xx_aes_util.o
AES_ClearITPendingBit                             Libraries\STM32L1xx_StdPeriph_Driver\src\stm32l1xx_aes.o
AES_Cmd                                           Libraries\STM32L1xx_StdPeriph_Driver\src\stm32l1xx_aes.o
                                                  Libraries\STM32L1xx_StdPeriph_Driver\src\stm32l1xx_aes_util.o
AES_DMAConfig                                     Libraries\STM32L1xx_StdPeriph_Driver\src\stm32l1xx_aes.o
AES_DeInit                                        Libraries\STM32L1xx_StdPeriph_Driver\src\stm32l1xx_aes.o
AES_ECB_Decrypt                                   Libraries\STM32L1xx_StdPeriph_Driver\src\stm32l1xx_aes_util.o
AES_ECB_Encrypt                                   Libraries\STM32L1xx_StdPeriph_Driver\src\stm32l1xx_aes_util.o
AES_GetFlagStatus                                 Libraries\STM32L1xx_StdPeriph_Driver\src\stm32l1xx_aes.o
                                                  Libraries\STM32L1xx_StdPeriph_Driver\src\stm32l1xx_aes_util.o
AES_GetITStatus                                   Libraries\STM32L1xx_StdPeriph_Driver\src\stm32l1xx_aes.o
AES_IRQHandler                                    src\startup_stm32l1xx_hd.o
AES_ITConfig                                      Libraries\STM32L1xx_StdPeriph_Driver\src\stm32l1xx_aes.o
AES_IVInit                                        Libraries\STM32L1xx_StdPeriph_Driver\src\stm32l1xx_aes.o
                                                  Libraries\STM32L1xx_StdPeriph_Driver\src\stm32l1xx_aes_util.o
AES_IVStructInit                                  Libraries\STM32L1xx_StdPeriph_Driver\src\stm32l1xx_aes.o
AES_Init                                          Libraries\STM32L1xx_StdPeriph_Driver\src\stm32l1xx_aes.o
                                                  Libraries\STM32L1xx_StdPeriph_Driver\src\stm32l1xx_aes_util.o
AES_KeyInit                                       Libraries\STM32L1xx_StdPeriph_Driver\src\stm32l1xx_aes.o
                                                  Libraries\STM32L1xx_StdPeriph_Driver\src\stm32l1xx_aes_util.o
AES_KeyStructInit                                 Libraries\STM32L1xx_StdPeriph_Driver\src\stm32l1xx_aes.o
AES_ReadIV                                        Libraries\STM32L1xx_StdPeriph_Driver\src\stm32l1xx_aes.o
AES_ReadKey                                       Libraries\STM32L1xx_StdPeriph_Driver\src\stm32l1xx_aes.o
AES_ReadSubData                                   Libraries\STM32L1xx_StdPeriph_Driver\src\stm32l1xx_aes.o
                                                  Libraries\STM32L1xx_StdPeriph_Driver\src\stm32l1xx_aes_util.o
AES_StructInit                                    Libraries\STM32L1xx_StdPeriph_Driver\src\stm32l1xx_aes.o
AES_WriteSubData                                  Libraries\STM32L1xx_StdPeriph_Driver\src\stm32l1xx_aes.o
                                                  Libraries\STM32L1xx_StdPeriph_Driver\src\stm32l1xx_aes_util.o
AHBPrescTable                                     src\system_stm32l1xx.o
BusFault_Handler                                  src\stm32l1xx_it.o
                                                  src\startup_stm32l1xx_hd.o
COMP_ACQ_IRQHandler                               src\startup_stm32l1xx_hd.o
COMP_Cmd                                          Libraries\STM32L1xx_StdPeriph_Driver\src\stm32l1xx_comp.o
COMP_DeInit                                       Libraries\STM32L1xx_StdPeriph_Driver\src\stm32l1xx_comp.o
COMP_GetOutputLevel                               Libraries\STM32L1xx_StdPeriph_Driver\src\stm32l1xx_comp.o
COMP_IRQHandler                                   src\startup_stm32l1xx_hd.o
COMP_Init                                         Libraries\STM32L1xx_StdPeriph_Driver\src\stm32l1xx_comp.o
COMP_SW1SwitchConfig                              Libraries\STM32L1xx_StdPeriph_Driver\src\stm32l1xx_comp.o
COMP_VrefintOutputCmd                             Libraries\STM32L1xx_StdPeriph_Driver\src\stm32l1xx_comp.o
COMP_WindowCmd                                    Libraries\STM32L1xx_StdPeriph_Driver\src\stm32l1xx_comp.o
CRC_CalcBlockCRC                                  Libraries\STM32L1xx_StdPeriph_Driver\src\stm32l1xx_crc.o
CRC_CalcCRC                                       Libraries\STM32L1xx_StdPeriph_Driver\src\stm32l1xx_crc.o
CRC_GetCRC                                        Libraries\STM32L1xx_StdPeriph_Driver\src\stm32l1xx_crc.o
CRC_GetIDRegister                                 Libraries\STM32L1xx_StdPeriph_Driver\src\stm32l1xx_crc.o
CRC_ResetDR                                       Libraries\STM32L1xx_StdPeriph_Driver\src\stm32l1xx_crc.o
CRC_SetIDRegister                                 Libraries\STM32L1xx_StdPeriph_Driver\src\stm32l1xx_crc.o
Capture                                           src\sensor.o
                                                  src\dialkomer.o
CaptureNumber                                     src\sensor.o
                                                  src\dialkomer.o
DAC_ClearFlag                                     Libraries\STM32L1xx_StdPeriph_Driver\src\stm32l1xx_dac.o
DAC_ClearITPendingBit                             Libraries\STM32L1xx_StdPeriph_Driver\src\stm32l1xx_dac.o
DAC_Cmd                                           Libraries\STM32L1xx_StdPeriph_Driver\src\stm32l1xx_dac.o
DAC_DMACmd                                        Libraries\STM32L1xx_StdPeriph_Driver\src\stm32l1xx_dac.o
DAC_DeInit                                        Libraries\STM32L1xx_StdPeriph_Driver\src\stm32l1xx_dac.o
DAC_DualSoftwareTriggerCmd                        Libraries\STM32L1xx_StdPeriph_Driver\src\stm32l1xx_dac.o
DAC_GetDataOutputValue                            Libraries\STM32L1xx_StdPeriph_Driver\src\stm32l1xx_dac.o
DAC_GetFlagStatus                                 Libraries\STM32L1xx_StdPeriph_Driver\src\stm32l1xx_dac.o
DAC_GetITStatus                                   Libraries\STM32L1xx_StdPeriph_Driver\src\stm32l1xx_dac.o
DAC_IRQHandler                                    src\startup_stm32l1xx_hd.o
DAC_ITConfig                                      Libraries\STM32L1xx_StdPeriph_Driver\src\stm32l1xx_dac.o
DAC_Init                                          Libraries\STM32L1xx_StdPeriph_Driver\src\stm32l1xx_dac.o
DAC_SetChannel1Data                               Libraries\STM32L1xx_StdPeriph_Driver\src\stm32l1xx_dac.o
DAC_SetChannel2Data                               Libraries\STM32L1xx_StdPeriph_Driver\src\stm32l1xx_dac.o
DAC_SetDualChannelData                            Libraries\STM32L1xx_StdPeriph_Driver\src\stm32l1xx_dac.o
DAC_SoftwareTriggerCmd                            Libraries\STM32L1xx_StdPeriph_Driver\src\stm32l1xx_dac.o
DAC_StructInit                                    Libraries\STM32L1xx_StdPeriph_Driver\src\stm32l1xx_dac.o
DAC_WaveGenerationCmd                             Libraries\STM32L1xx_StdPeriph_Driver\src\stm32l1xx_dac.o
DATA_EEPROM_EraseByte                             Libraries\STM32L1xx_StdPeriph_Driver\src\stm32l1xx_flash.o
DATA_EEPROM_EraseDoubleWord                       Libraries\STM32L1xx_StdPeriph_Driver\src\stm32l1xx_flash_ramfunc.o
DATA_EEPROM_EraseHalfWord                         Libraries\STM32L1xx_StdPeriph_Driver\src\stm32l1xx_flash.o
DATA_EEPROM_EraseWord                             Libraries\STM32L1xx_StdPeriph_Driver\src\stm32l1xx_flash.o
DATA_EEPROM_FastProgramByte                       Libraries\STM32L1xx_StdPeriph_Driver\src\stm32l1xx_flash.o
DATA_EEPROM_FastProgramHalfWord                   Libraries\STM32L1xx_StdPeriph_Driver\src\stm32l1xx_flash.o
DATA_EEPROM_FastProgramWord                       Libraries\STM32L1xx_StdPeriph_Driver\src\stm32l1xx_flash.o
DATA_EEPROM_FixedTimeProgramCmd                   Libraries\STM32L1xx_StdPeriph_Driver\src\stm32l1xx_flash.o
DATA_EEPROM_Lock                                  Libraries\STM32L1xx_StdPeriph_Driver\src\stm32l1xx_flash.o
DATA_EEPROM_ProgramByte                           Libraries\STM32L1xx_StdPeriph_Driver\src\stm32l1xx_flash.o
DATA_EEPROM_ProgramDoubleWord                     Libraries\STM32L1xx_StdPeriph_Driver\src\stm32l1xx_flash_ramfunc.o
DATA_EEPROM_ProgramHalfWord                       Libraries\STM32L1xx_StdPeriph_Driver\src\stm32l1xx_flash.o
DATA_EEPROM_ProgramWord                           Libraries\STM32L1xx_StdPeriph_Driver\src\stm32l1xx_flash.o
DATA_EEPROM_Unlock                                Libraries\STM32L1xx_StdPeriph_Driver\src\stm32l1xx_flash.o
DBGMCU_APB1PeriphConfig                           Libraries\STM32L1xx_StdPeriph_Driver\src\stm32l1xx_dbgmcu.o
DBGMCU_APB2PeriphConfig                           Libraries\STM32L1xx_StdPeriph_Driver\src\stm32l1xx_dbgmcu.o
DBGMCU_Config                                     Libraries\STM32L1xx_StdPeriph_Driver\src\stm32l1xx_dbgmcu.o
DBGMCU_GetDEVID                                   Libraries\STM32L1xx_StdPeriph_Driver\src\stm32l1xx_dbgmcu.o
DBGMCU_GetREVID                                   Libraries\STM32L1xx_StdPeriph_Driver\src\stm32l1xx_dbgmcu.o
DMA1_Channel1_IRQHandler                          src\startup_stm32l1xx_hd.o
DMA1_Channel2_IRQHandler                          src\startup_stm32l1xx_hd.o
DMA1_Channel3_IRQHandler                          src\startup_stm32l1xx_hd.o
DMA1_Channel4_IRQHandler                          src\startup_stm32l1xx_hd.o
DMA1_Channel5_IRQHandler                          src\startup_stm32l1xx_hd.o
DMA1_Channel6_IRQHandler                          src\startup_stm32l1xx_hd.o
DMA1_Channel7_IRQHandler                          src\startup_stm32l1xx_hd.o
DMA2_Channel1_IRQHandler                          src\startup_stm32l1xx_hd.o
DMA2_Channel2_IRQHandler                          src\startup_stm32l1xx_hd.o
DMA2_Channel3_IRQHandler                          src\startup_stm32l1xx_hd.o
DMA2_Channel4_IRQHandler                          src\startup_stm32l1xx_hd.o
DMA2_Channel5_IRQHandler                          src\startup_stm32l1xx_hd.o
DMA_ClearFlag                                     Libraries\STM32L1xx_StdPeriph_Driver\src\stm32l1xx_dma.o
DMA_ClearITPendingBit                             Libraries\STM32L1xx_StdPeriph_Driver\src\stm32l1xx_dma.o
DMA_Cmd                                           Libraries\STM32L1xx_StdPeriph_Driver\src\stm32l1xx_dma.o
DMA_DeInit                                        Libraries\STM32L1xx_StdPeriph_Driver\src\stm32l1xx_dma.o
DMA_GetCurrDataCounter                            Libraries\STM32L1xx_StdPeriph_Driver\src\stm32l1xx_dma.o
DMA_GetFlagStatus                                 Libraries\STM32L1xx_StdPeriph_Driver\src\stm32l1xx_dma.o
DMA_GetITStatus                                   Libraries\STM32L1xx_StdPeriph_Driver\src\stm32l1xx_dma.o
DMA_ITConfig                                      Libraries\STM32L1xx_StdPeriph_Driver\src\stm32l1xx_dma.o
DMA_Init                                          Libraries\STM32L1xx_StdPeriph_Driver\src\stm32l1xx_dma.o
DMA_SetCurrDataCounter                            Libraries\STM32L1xx_StdPeriph_Driver\src\stm32l1xx_dma.o
DMA_StructInit                                    Libraries\STM32L1xx_StdPeriph_Driver\src\stm32l1xx_dma.o
DebugMon_Handler                                  src\stm32l1xx_it.o
                                                  src\startup_stm32l1xx_hd.o
Default_Handler                                   src\startup_stm32l1xx_hd.o
EXTI0_IRQHandler                                  src\startup_stm32l1xx_hd.o
EXTI15_10_IRQHandler                              src\startup_stm32l1xx_hd.o
EXTI1_IRQHandler                                  src\startup_stm32l1xx_hd.o
EXTI2_IRQHandler                                  src\startup_stm32l1xx_hd.o
EXTI3_IRQHandler                                  src\startup_stm32l1xx_hd.o
EXTI4_IRQHandler                                  src\startup_stm32l1xx_hd.o
EXTI9_5_IRQHandler                                src\startup_stm32l1xx_hd.o
EXTI_ClearFlag                                    Libraries\STM32L1xx_StdPeriph_Driver\src\stm32l1xx_exti.o
EXTI_ClearITPendingBit                            Libraries\STM32L1xx_StdPeriph_Driver\src\stm32l1xx_exti.o
EXTI_DeInit                                       Libraries\STM32L1xx_StdPeriph_Driver\src\stm32l1xx_exti.o
EXTI_GenerateSWInterrupt                          Libraries\STM32L1xx_StdPeriph_Driver\src\stm32l1xx_exti.o
EXTI_GetFlagStatus                                Libraries\STM32L1xx_StdPeriph_Driver\src\stm32l1xx_exti.o
EXTI_GetITStatus                                  Libraries\STM32L1xx_StdPeriph_Driver\src\stm32l1xx_exti.o
EXTI_Init                                         Libraries\STM32L1xx_StdPeriph_Driver\src\stm32l1xx_exti.o
EXTI_StructInit                                   Libraries\STM32L1xx_StdPeriph_Driver\src\stm32l1xx_exti.o
FLASH_ClearFlag                                   Libraries\STM32L1xx_StdPeriph_Driver\src\stm32l1xx_flash.o
FLASH_ErasePage                                   Libraries\STM32L1xx_StdPeriph_Driver\src\stm32l1xx_flash.o
FLASH_EraseParallelPage                           Libraries\STM32L1xx_StdPeriph_Driver\src\stm32l1xx_flash_ramfunc.o
FLASH_FastProgramWord                             Libraries\STM32L1xx_StdPeriph_Driver\src\stm32l1xx_flash.o
FLASH_GetFlagStatus                               Libraries\STM32L1xx_StdPeriph_Driver\src\stm32l1xx_flash.o
FLASH_GetStatus                                   Libraries\STM32L1xx_StdPeriph_Driver\src\stm32l1xx_flash.o
FLASH_IRQHandler                                  src\startup_stm32l1xx_hd.o
FLASH_ITConfig                                    Libraries\STM32L1xx_StdPeriph_Driver\src\stm32l1xx_flash.o
FLASH_Lock                                        Libraries\STM32L1xx_StdPeriph_Driver\src\stm32l1xx_flash.o
FLASH_OB_BORConfig                                Libraries\STM32L1xx_StdPeriph_Driver\src\stm32l1xx_flash.o
FLASH_OB_BootConfig                               Libraries\STM32L1xx_StdPeriph_Driver\src\stm32l1xx_flash.o
FLASH_OB_GetBOR                                   Libraries\STM32L1xx_StdPeriph_Driver\src\stm32l1xx_flash.o
FLASH_OB_GetRDP                                   Libraries\STM32L1xx_StdPeriph_Driver\src\stm32l1xx_flash.o
FLASH_OB_GetUser                                  Libraries\STM32L1xx_StdPeriph_Driver\src\stm32l1xx_flash.o
FLASH_OB_GetWRP                                   Libraries\STM32L1xx_StdPeriph_Driver\src\stm32l1xx_flash.o
FLASH_OB_GetWRP1                                  Libraries\STM32L1xx_StdPeriph_Driver\src\stm32l1xx_flash.o
FLASH_OB_GetWRP2                                  Libraries\STM32L1xx_StdPeriph_Driver\src\stm32l1xx_flash.o
FLASH_OB_Launch                                   Libraries\STM32L1xx_StdPeriph_Driver\src\stm32l1xx_flash.o
FLASH_OB_Lock                                     Libraries\STM32L1xx_StdPeriph_Driver\src\stm32l1xx_flash.o
FLASH_OB_RDPConfig                                Libraries\STM32L1xx_StdPeriph_Driver\src\stm32l1xx_flash.o
FLASH_OB_Unlock                                   Libraries\STM32L1xx_StdPeriph_Driver\src\stm32l1xx_flash.o
FLASH_OB_UserConfig                               Libraries\STM32L1xx_StdPeriph_Driver\src\stm32l1xx_flash.o
FLASH_OB_WRP1Config                               Libraries\STM32L1xx_StdPeriph_Driver\src\stm32l1xx_flash.o
FLASH_OB_WRP2Config                               Libraries\STM32L1xx_StdPeriph_Driver\src\stm32l1xx_flash.o
FLASH_OB_WRPConfig                                Libraries\STM32L1xx_StdPeriph_Driver\src\stm32l1xx_flash.o
FLASH_PrefetchBufferCmd                           Libraries\STM32L1xx_StdPeriph_Driver\src\stm32l1xx_flash.o
FLASH_ProgramHalfPage                             Libraries\STM32L1xx_StdPeriph_Driver\src\stm32l1xx_flash_ramfunc.o
FLASH_ProgramParallelHalfPage                     Libraries\STM32L1xx_StdPeriph_Driver\src\stm32l1xx_flash_ramfunc.o
FLASH_RUNPowerDownCmd                             Libraries\STM32L1xx_StdPeriph_Driver\src\stm32l1xx_flash_ramfunc.o
FLASH_ReadAccess64Cmd                             Libraries\STM32L1xx_StdPeriph_Driver\src\stm32l1xx_flash.o
FLASH_SLEEPPowerDownCmd                           Libraries\STM32L1xx_StdPeriph_Driver\src\stm32l1xx_flash.o
FLASH_SetLatency                                  Libraries\STM32L1xx_StdPeriph_Driver\src\stm32l1xx_flash.o
FLASH_Unlock                                      Libraries\STM32L1xx_StdPeriph_Driver\src\stm32l1xx_flash.o
FLASH_WaitForLastOperation                        Libraries\STM32L1xx_StdPeriph_Driver\src\stm32l1xx_flash.o
FSMC_NORSRAMCmd                                   Libraries\STM32L1xx_StdPeriph_Driver\src\stm32l1xx_fsmc.o
FSMC_NORSRAMDeInit                                Libraries\STM32L1xx_StdPeriph_Driver\src\stm32l1xx_fsmc.o
FSMC_NORSRAMInit                                  Libraries\STM32L1xx_StdPeriph_Driver\src\stm32l1xx_fsmc.o
FSMC_NORSRAMStructInit                            Libraries\STM32L1xx_StdPeriph_Driver\src\stm32l1xx_fsmc.o
GPIO_DeInit                                       Libraries\STM32L1xx_StdPeriph_Driver\src\stm32l1xx_gpio.o
GPIO_Init                                         Libraries\STM32L1xx_StdPeriph_Driver\src\stm32l1xx_gpio.o
                                                  src\sensor.o
                                                  src\kontrolka.o
                                                  src\dialkomer.o
GPIO_PinAFConfig                                  Libraries\STM32L1xx_StdPeriph_Driver\src\stm32l1xx_gpio.o
                                                  src\sensor.o
                                                  src\dialkomer.o
GPIO_PinLockConfig                                Libraries\STM32L1xx_StdPeriph_Driver\src\stm32l1xx_gpio.o
GPIO_ReadInputData                                Libraries\STM32L1xx_StdPeriph_Driver\src\stm32l1xx_gpio.o
GPIO_ReadInputDataBit                             Libraries\STM32L1xx_StdPeriph_Driver\src\stm32l1xx_gpio.o
GPIO_ReadOutputData                               Libraries\STM32L1xx_StdPeriph_Driver\src\stm32l1xx_gpio.o
GPIO_ReadOutputDataBit                            Libraries\STM32L1xx_StdPeriph_Driver\src\stm32l1xx_gpio.o
GPIO_ResetBits                                    Libraries\STM32L1xx_StdPeriph_Driver\src\stm32l1xx_gpio.o
GPIO_SetBits                                      Libraries\STM32L1xx_StdPeriph_Driver\src\stm32l1xx_gpio.o
GPIO_StructInit                                   Libraries\STM32L1xx_StdPeriph_Driver\src\stm32l1xx_gpio.o
GPIO_ToggleBits                                   Libraries\STM32L1xx_StdPeriph_Driver\src\stm32l1xx_gpio.o
                                                  src\kontrolka.o
GPIO_Write                                        Libraries\STM32L1xx_StdPeriph_Driver\src\stm32l1xx_gpio.o
GPIO_WriteBit                                     Libraries\STM32L1xx_StdPeriph_Driver\src\stm32l1xx_gpio.o
                                                  src\sensor.o
                                                  src\dialkomer.o
HardFault_Handler                                 src\stm32l1xx_it.o
                                                  src\startup_stm32l1xx_hd.o
I2C1_ER_IRQHandler                                src\startup_stm32l1xx_hd.o
I2C1_EV_IRQHandler                                src\startup_stm32l1xx_hd.o
I2C2_ER_IRQHandler                                src\startup_stm32l1xx_hd.o
I2C2_EV_IRQHandler                                src\startup_stm32l1xx_hd.o
I2C_ARPCmd                                        Libraries\STM32L1xx_StdPeriph_Driver\src\stm32l1xx_i2c.o
I2C_AcknowledgeConfig                             Libraries\STM32L1xx_StdPeriph_Driver\src\stm32l1xx_i2c.o
I2C_CalculatePEC                                  Libraries\STM32L1xx_StdPeriph_Driver\src\stm32l1xx_i2c.o
I2C_CheckEvent                                    Libraries\STM32L1xx_StdPeriph_Driver\src\stm32l1xx_i2c.o
I2C_ClearFlag                                     Libraries\STM32L1xx_StdPeriph_Driver\src\stm32l1xx_i2c.o
I2C_ClearITPendingBit                             Libraries\STM32L1xx_StdPeriph_Driver\src\stm32l1xx_i2c.o
I2C_Cmd                                           Libraries\STM32L1xx_StdPeriph_Driver\src\stm32l1xx_i2c.o
I2C_DMACmd                                        Libraries\STM32L1xx_StdPeriph_Driver\src\stm32l1xx_i2c.o
I2C_DMALastTransferCmd                            Libraries\STM32L1xx_StdPeriph_Driver\src\stm32l1xx_i2c.o
I2C_DeInit                                        Libraries\STM32L1xx_StdPeriph_Driver\src\stm32l1xx_i2c.o
I2C_DualAddressCmd                                Libraries\STM32L1xx_StdPeriph_Driver\src\stm32l1xx_i2c.o
I2C_FastModeDutyCycleConfig                       Libraries\STM32L1xx_StdPeriph_Driver\src\stm32l1xx_i2c.o
I2C_GeneralCallCmd                                Libraries\STM32L1xx_StdPeriph_Driver\src\stm32l1xx_i2c.o
I2C_GenerateSTART                                 Libraries\STM32L1xx_StdPeriph_Driver\src\stm32l1xx_i2c.o
I2C_GenerateSTOP                                  Libraries\STM32L1xx_StdPeriph_Driver\src\stm32l1xx_i2c.o
I2C_GetFlagStatus                                 Libraries\STM32L1xx_StdPeriph_Driver\src\stm32l1xx_i2c.o
I2C_GetITStatus                                   Libraries\STM32L1xx_StdPeriph_Driver\src\stm32l1xx_i2c.o
I2C_GetLastEvent                                  Libraries\STM32L1xx_StdPeriph_Driver\src\stm32l1xx_i2c.o
I2C_GetPEC                                        Libraries\STM32L1xx_StdPeriph_Driver\src\stm32l1xx_i2c.o
I2C_ITConfig                                      Libraries\STM32L1xx_StdPeriph_Driver\src\stm32l1xx_i2c.o
I2C_Init                                          Libraries\STM32L1xx_StdPeriph_Driver\src\stm32l1xx_i2c.o
I2C_NACKPositionConfig                            Libraries\STM32L1xx_StdPeriph_Driver\src\stm32l1xx_i2c.o
I2C_OwnAddress2Config                             Libraries\STM32L1xx_StdPeriph_Driver\src\stm32l1xx_i2c.o
I2C_PECPositionConfig                             Libraries\STM32L1xx_StdPeriph_Driver\src\stm32l1xx_i2c.o
I2C_ReadRegister                                  Libraries\STM32L1xx_StdPeriph_Driver\src\stm32l1xx_i2c.o
I2C_ReceiveData                                   Libraries\STM32L1xx_StdPeriph_Driver\src\stm32l1xx_i2c.o
I2C_SMBusAlertConfig                              Libraries\STM32L1xx_StdPeriph_Driver\src\stm32l1xx_i2c.o
I2C_Send7bitAddress                               Libraries\STM32L1xx_StdPeriph_Driver\src\stm32l1xx_i2c.o
I2C_SendData                                      Libraries\STM32L1xx_StdPeriph_Driver\src\stm32l1xx_i2c.o
I2C_SoftwareResetCmd                              Libraries\STM32L1xx_StdPeriph_Driver\src\stm32l1xx_i2c.o
I2C_StretchClockCmd                               Libraries\STM32L1xx_StdPeriph_Driver\src\stm32l1xx_i2c.o
I2C_StructInit                                    Libraries\STM32L1xx_StdPeriph_Driver\src\stm32l1xx_i2c.o
I2C_TransmitPEC                                   Libraries\STM32L1xx_StdPeriph_Driver\src\stm32l1xx_i2c.o
I2S_Cmd                                           Libraries\STM32L1xx_StdPeriph_Driver\src\stm32l1xx_spi.o
I2S_Init                                          Libraries\STM32L1xx_StdPeriph_Driver\src\stm32l1xx_spi.o
I2S_StructInit                                    Libraries\STM32L1xx_StdPeriph_Driver\src\stm32l1xx_spi.o
IC4ReadValue1                                     src\sensor.o
                                                  src\dialkomer.o
IC4ReadValue2                                     src\sensor.o
                                                  src\dialkomer.o
IWDG_Enable                                       Libraries\STM32L1xx_StdPeriph_Driver\src\stm32l1xx_iwdg.o
IWDG_GetFlagStatus                                Libraries\STM32L1xx_StdPeriph_Driver\src\stm32l1xx_iwdg.o
IWDG_ReloadCounter                                Libraries\STM32L1xx_StdPeriph_Driver\src\stm32l1xx_iwdg.o
IWDG_SetPrescaler                                 Libraries\STM32L1xx_StdPeriph_Driver\src\stm32l1xx_iwdg.o
IWDG_SetReload                                    Libraries\STM32L1xx_StdPeriph_Driver\src\stm32l1xx_iwdg.o
IWDG_WriteAccessCmd                               Libraries\STM32L1xx_StdPeriph_Driver\src\stm32l1xx_iwdg.o
LCD_BlinkConfig                                   Libraries\STM32L1xx_StdPeriph_Driver\src\stm32l1xx_lcd.o
LCD_ClearFlag                                     Libraries\STM32L1xx_StdPeriph_Driver\src\stm32l1xx_lcd.o
LCD_ClearITPendingBit                             Libraries\STM32L1xx_StdPeriph_Driver\src\stm32l1xx_lcd.o
LCD_Cmd                                           Libraries\STM32L1xx_StdPeriph_Driver\src\stm32l1xx_lcd.o
LCD_ContrastConfig                                Libraries\STM32L1xx_StdPeriph_Driver\src\stm32l1xx_lcd.o
LCD_DeInit                                        Libraries\STM32L1xx_StdPeriph_Driver\src\stm32l1xx_lcd.o
LCD_DeadTimeConfig                                Libraries\STM32L1xx_StdPeriph_Driver\src\stm32l1xx_lcd.o
LCD_GetFlagStatus                                 Libraries\STM32L1xx_StdPeriph_Driver\src\stm32l1xx_lcd.o
LCD_GetITStatus                                   Libraries\STM32L1xx_StdPeriph_Driver\src\stm32l1xx_lcd.o
LCD_HighDriveCmd                                  Libraries\STM32L1xx_StdPeriph_Driver\src\stm32l1xx_lcd.o
LCD_IRQHandler                                    src\startup_stm32l1xx_hd.o
LCD_ITConfig                                      Libraries\STM32L1xx_StdPeriph_Driver\src\stm32l1xx_lcd.o
LCD_Init                                          Libraries\STM32L1xx_StdPeriph_Driver\src\stm32l1xx_lcd.o
LCD_MuxSegmentCmd                                 Libraries\STM32L1xx_StdPeriph_Driver\src\stm32l1xx_lcd.o
LCD_PulseOnDurationConfig                         Libraries\STM32L1xx_StdPeriph_Driver\src\stm32l1xx_lcd.o
LCD_StructInit                                    Libraries\STM32L1xx_StdPeriph_Driver\src\stm32l1xx_lcd.o
LCD_UpdateDisplayRequest                          Libraries\STM32L1xx_StdPeriph_Driver\src\stm32l1xx_lcd.o
LCD_WaitForSynchro                                Libraries\STM32L1xx_StdPeriph_Driver\src\stm32l1xx_lcd.o
LCD_Write                                         Libraries\STM32L1xx_StdPeriph_Driver\src\stm32l1xx_lcd.o
MemManage_Handler                                 src\stm32l1xx_it.o
                                                  src\startup_stm32l1xx_hd.o
NMI_Handler                                       src\stm32l1xx_it.o
                                                  src\startup_stm32l1xx_hd.o
NVIC_Init                                         Libraries\STM32L1xx_StdPeriph_Driver\src\misc.o
                                                  src\sensor.o
                                                  src\kontrolka.o
                                                  src\dialkomer.o
NVIC_PriorityGroupConfig                          Libraries\STM32L1xx_StdPeriph_Driver\src\misc.o
NVIC_SetVectorTable                               Libraries\STM32L1xx_StdPeriph_Driver\src\misc.o
NVIC_SystemLPConfig                               Libraries\STM32L1xx_StdPeriph_Driver\src\misc.o
OPAMP_Cmd                                         Libraries\STM32L1xx_StdPeriph_Driver\src\stm32l1xx_opamp.o
OPAMP_DeInit                                      Libraries\STM32L1xx_StdPeriph_Driver\src\stm32l1xx_opamp.o
OPAMP_GetFlagStatus                               Libraries\STM32L1xx_StdPeriph_Driver\src\stm32l1xx_opamp.o
OPAMP_LowPowerCmd                                 Libraries\STM32L1xx_StdPeriph_Driver\src\stm32l1xx_opamp.o
OPAMP_OffsetTrimConfig                            Libraries\STM32L1xx_StdPeriph_Driver\src\stm32l1xx_opamp.o
OPAMP_OffsetTrimLowPowerConfig                    Libraries\STM32L1xx_StdPeriph_Driver\src\stm32l1xx_opamp.o
OPAMP_OffsetTrimmingModeSelect                    Libraries\STM32L1xx_StdPeriph_Driver\src\stm32l1xx_opamp.o
OPAMP_PowerRangeSelect                            Libraries\STM32L1xx_StdPeriph_Driver\src\stm32l1xx_opamp.o
OPAMP_SwitchCmd                                   Libraries\STM32L1xx_StdPeriph_Driver\src\stm32l1xx_opamp.o
PLLMulTable                                       src\system_stm32l1xx.o
PVD_IRQHandler                                    src\startup_stm32l1xx_hd.o
PWR_ClearFlag                                     Libraries\STM32L1xx_StdPeriph_Driver\src\stm32l1xx_pwr.o
PWR_DeInit                                        Libraries\STM32L1xx_StdPeriph_Driver\src\stm32l1xx_pwr.o
PWR_EnterLowPowerRunMode                          Libraries\STM32L1xx_StdPeriph_Driver\src\stm32l1xx_pwr.o
PWR_EnterSTANDBYMode                              Libraries\STM32L1xx_StdPeriph_Driver\src\stm32l1xx_pwr.o
PWR_EnterSTOPMode                                 Libraries\STM32L1xx_StdPeriph_Driver\src\stm32l1xx_pwr.o
PWR_EnterSleepMode                                Libraries\STM32L1xx_StdPeriph_Driver\src\stm32l1xx_pwr.o
PWR_FastWakeUpCmd                                 Libraries\STM32L1xx_StdPeriph_Driver\src\stm32l1xx_pwr.o
PWR_GetFlagStatus                                 Libraries\STM32L1xx_StdPeriph_Driver\src\stm32l1xx_pwr.o
PWR_PVDCmd                                        Libraries\STM32L1xx_StdPeriph_Driver\src\stm32l1xx_pwr.o
PWR_PVDLevelConfig                                Libraries\STM32L1xx_StdPeriph_Driver\src\stm32l1xx_pwr.o
PWR_RTCAccessCmd                                  Libraries\STM32L1xx_StdPeriph_Driver\src\stm32l1xx_pwr.o
PWR_UltraLowPowerCmd                              Libraries\STM32L1xx_StdPeriph_Driver\src\stm32l1xx_pwr.o
PWR_VoltageScalingConfig                          Libraries\STM32L1xx_StdPeriph_Driver\src\stm32l1xx_pwr.o
PWR_WakeUpPinCmd                                  Libraries\STM32L1xx_StdPeriph_Driver\src\stm32l1xx_pwr.o
PendSV_Handler                                    src\stm32l1xx_it.o
                                                  src\startup_stm32l1xx_hd.o
RCC_AHBPeriphClockCmd                             Libraries\STM32L1xx_StdPeriph_Driver\src\stm32l1xx_rcc.o
                                                  src\sensor.o
                                                  src\kontrolka.o
                                                  src\dialkomer.o
RCC_AHBPeriphClockLPModeCmd                       Libraries\STM32L1xx_StdPeriph_Driver\src\stm32l1xx_rcc.o
RCC_AHBPeriphResetCmd                             Libraries\STM32L1xx_StdPeriph_Driver\src\stm32l1xx_rcc.o
                                                  Libraries\STM32L1xx_StdPeriph_Driver\src\stm32l1xx_gpio.o
                                                  Libraries\STM32L1xx_StdPeriph_Driver\src\stm32l1xx_aes.o
RCC_APB1PeriphClockCmd                            Libraries\STM32L1xx_StdPeriph_Driver\src\stm32l1xx_rcc.o
                                                  src\sensor.o
                                                  src\kontrolka.o
                                                  src\dialkomer.o
RCC_APB1PeriphClockLPModeCmd                      Libraries\STM32L1xx_StdPeriph_Driver\src\stm32l1xx_rcc.o
RCC_APB1PeriphResetCmd                            Libraries\STM32L1xx_StdPeriph_Driver\src\stm32l1xx_rcc.o
                                                  Libraries\STM32L1xx_StdPeriph_Driver\src\stm32l1xx_wwdg.o
                                                  Libraries\STM32L1xx_StdPeriph_Driver\src\stm32l1xx_usart.o
                                                  Libraries\STM32L1xx_StdPeriph_Driver\src\stm32l1xx_tim.o
                                                  Libraries\STM32L1xx_StdPeriph_Driver\src\stm32l1xx_spi.o
                                                  Libraries\STM32L1xx_StdPeriph_Driver\src\stm32l1xx_pwr.o
                                                  Libraries\STM32L1xx_StdPeriph_Driver\src\stm32l1xx_lcd.o
                                                  Libraries\STM32L1xx_StdPeriph_Driver\src\stm32l1xx_i2c.o
                                                  Libraries\STM32L1xx_StdPeriph_Driver\src\stm32l1xx_dac.o
RCC_APB2PeriphClockCmd                            Libraries\STM32L1xx_StdPeriph_Driver\src\stm32l1xx_rcc.o
RCC_APB2PeriphClockLPModeCmd                      Libraries\STM32L1xx_StdPeriph_Driver\src\stm32l1xx_rcc.o
RCC_APB2PeriphResetCmd                            Libraries\STM32L1xx_StdPeriph_Driver\src\stm32l1xx_rcc.o
                                                  Libraries\STM32L1xx_StdPeriph_Driver\src\stm32l1xx_usart.o
                                                  Libraries\STM32L1xx_StdPeriph_Driver\src\stm32l1xx_tim.o
                                                  Libraries\STM32L1xx_StdPeriph_Driver\src\stm32l1xx_syscfg.o
                                                  Libraries\STM32L1xx_StdPeriph_Driver\src\stm32l1xx_spi.o
                                                  Libraries\STM32L1xx_StdPeriph_Driver\src\stm32l1xx_sdio.o
                                                  Libraries\STM32L1xx_StdPeriph_Driver\src\stm32l1xx_adc.o
RCC_AdjustHSICalibrationValue                     Libraries\STM32L1xx_StdPeriph_Driver\src\stm32l1xx_rcc.o
RCC_AdjustMSICalibrationValue                     Libraries\STM32L1xx_StdPeriph_Driver\src\stm32l1xx_rcc.o
RCC_ClearFlag                                     Libraries\STM32L1xx_StdPeriph_Driver\src\stm32l1xx_rcc.o
RCC_ClearITPendingBit                             Libraries\STM32L1xx_StdPeriph_Driver\src\stm32l1xx_rcc.o
RCC_ClockSecuritySystemCmd                        Libraries\STM32L1xx_StdPeriph_Driver\src\stm32l1xx_rcc.o
RCC_DeInit                                        Libraries\STM32L1xx_StdPeriph_Driver\src\stm32l1xx_rcc.o
RCC_GetClocksFreq                                 Libraries\STM32L1xx_StdPeriph_Driver\src\stm32l1xx_rcc.o
                                                  Libraries\STM32L1xx_StdPeriph_Driver\src\stm32l1xx_usart.o
                                                  Libraries\STM32L1xx_StdPeriph_Driver\src\stm32l1xx_spi.o
                                                  Libraries\STM32L1xx_StdPeriph_Driver\src\stm32l1xx_i2c.o
RCC_GetFlagStatus                                 Libraries\STM32L1xx_StdPeriph_Driver\src\stm32l1xx_rcc.o
RCC_GetITStatus                                   Libraries\STM32L1xx_StdPeriph_Driver\src\stm32l1xx_rcc.o
RCC_GetSYSCLKSource                               Libraries\STM32L1xx_StdPeriph_Driver\src\stm32l1xx_rcc.o
RCC_HCLKConfig                                    Libraries\STM32L1xx_StdPeriph_Driver\src\stm32l1xx_rcc.o
RCC_HSEConfig                                     Libraries\STM32L1xx_StdPeriph_Driver\src\stm32l1xx_rcc.o
RCC_HSICmd                                        Libraries\STM32L1xx_StdPeriph_Driver\src\stm32l1xx_rcc.o
RCC_IRQHandler                                    src\startup_stm32l1xx_hd.o
RCC_ITConfig                                      Libraries\STM32L1xx_StdPeriph_Driver\src\stm32l1xx_rcc.o
RCC_LSEClockSecuritySystemCmd                     Libraries\STM32L1xx_StdPeriph_Driver\src\stm32l1xx_rcc.o
RCC_LSEConfig                                     Libraries\STM32L1xx_StdPeriph_Driver\src\stm32l1xx_rcc.o
RCC_LSICmd                                        Libraries\STM32L1xx_StdPeriph_Driver\src\stm32l1xx_rcc.o
RCC_MCOConfig                                     Libraries\STM32L1xx_StdPeriph_Driver\src\stm32l1xx_rcc.o
RCC_MSICmd                                        Libraries\STM32L1xx_StdPeriph_Driver\src\stm32l1xx_rcc.o
RCC_MSIRangeConfig                                Libraries\STM32L1xx_StdPeriph_Driver\src\stm32l1xx_rcc.o
RCC_PCLK1Config                                   Libraries\STM32L1xx_StdPeriph_Driver\src\stm32l1xx_rcc.o
RCC_PCLK2Config                                   Libraries\STM32L1xx_StdPeriph_Driver\src\stm32l1xx_rcc.o
RCC_PLLCmd                                        Libraries\STM32L1xx_StdPeriph_Driver\src\stm32l1xx_rcc.o
RCC_PLLConfig                                     Libraries\STM32L1xx_StdPeriph_Driver\src\stm32l1xx_rcc.o
RCC_RTCCLKCmd                                     Libraries\STM32L1xx_StdPeriph_Driver\src\stm32l1xx_rcc.o
RCC_RTCCLKConfig                                  Libraries\STM32L1xx_StdPeriph_Driver\src\stm32l1xx_rcc.o
RCC_RTCResetCmd                                   Libraries\STM32L1xx_StdPeriph_Driver\src\stm32l1xx_rcc.o
RCC_SYSCLKConfig                                  Libraries\STM32L1xx_StdPeriph_Driver\src\stm32l1xx_rcc.o
RCC_WaitForHSEStartUp                             Libraries\STM32L1xx_StdPeriph_Driver\src\stm32l1xx_rcc.o
RTC_AlarmCmd                                      Libraries\STM32L1xx_StdPeriph_Driver\src\stm32l1xx_rtc.o
RTC_AlarmStructInit                               Libraries\STM32L1xx_StdPeriph_Driver\src\stm32l1xx_rtc.o
RTC_AlarmSubSecondConfig                          Libraries\STM32L1xx_StdPeriph_Driver\src\stm32l1xx_rtc.o
RTC_Alarm_IRQHandler                              src\startup_stm32l1xx_hd.o
RTC_BypassShadowCmd                               Libraries\STM32L1xx_StdPeriph_Driver\src\stm32l1xx_rtc.o
RTC_CalibOutputCmd                                Libraries\STM32L1xx_StdPeriph_Driver\src\stm32l1xx_rtc.o
RTC_CalibOutputConfig                             Libraries\STM32L1xx_StdPeriph_Driver\src\stm32l1xx_rtc.o
RTC_ClearFlag                                     Libraries\STM32L1xx_StdPeriph_Driver\src\stm32l1xx_rtc.o
RTC_ClearITPendingBit                             Libraries\STM32L1xx_StdPeriph_Driver\src\stm32l1xx_rtc.o
RTC_CoarseCalibCmd                                Libraries\STM32L1xx_StdPeriph_Driver\src\stm32l1xx_rtc.o
RTC_CoarseCalibConfig                             Libraries\STM32L1xx_StdPeriph_Driver\src\stm32l1xx_rtc.o
RTC_DateStructInit                                Libraries\STM32L1xx_StdPeriph_Driver\src\stm32l1xx_rtc.o
RTC_DayLightSavingConfig                          Libraries\STM32L1xx_StdPeriph_Driver\src\stm32l1xx_rtc.o
RTC_DeInit                                        Libraries\STM32L1xx_StdPeriph_Driver\src\stm32l1xx_rtc.o
RTC_EnterInitMode                                 Libraries\STM32L1xx_StdPeriph_Driver\src\stm32l1xx_rtc.o
RTC_ExitInitMode                                  Libraries\STM32L1xx_StdPeriph_Driver\src\stm32l1xx_rtc.o
RTC_GetAlarm                                      Libraries\STM32L1xx_StdPeriph_Driver\src\stm32l1xx_rtc.o
RTC_GetAlarmSubSecond                             Libraries\STM32L1xx_StdPeriph_Driver\src\stm32l1xx_rtc.o
RTC_GetDate                                       Libraries\STM32L1xx_StdPeriph_Driver\src\stm32l1xx_rtc.o
RTC_GetFlagStatus                                 Libraries\STM32L1xx_StdPeriph_Driver\src\stm32l1xx_rtc.o
RTC_GetITStatus                                   Libraries\STM32L1xx_StdPeriph_Driver\src\stm32l1xx_rtc.o
RTC_GetStoreOperation                             Libraries\STM32L1xx_StdPeriph_Driver\src\stm32l1xx_rtc.o
RTC_GetSubSecond                                  Libraries\STM32L1xx_StdPeriph_Driver\src\stm32l1xx_rtc.o
RTC_GetTime                                       Libraries\STM32L1xx_StdPeriph_Driver\src\stm32l1xx_rtc.o
RTC_GetTimeStamp                                  Libraries\STM32L1xx_StdPeriph_Driver\src\stm32l1xx_rtc.o
RTC_GetTimeStampSubSecond                         Libraries\STM32L1xx_StdPeriph_Driver\src\stm32l1xx_rtc.o
RTC_GetWakeUpCounter                              Libraries\STM32L1xx_StdPeriph_Driver\src\stm32l1xx_rtc.o
RTC_ITConfig                                      Libraries\STM32L1xx_StdPeriph_Driver\src\stm32l1xx_rtc.o
RTC_Init                                          Libraries\STM32L1xx_StdPeriph_Driver\src\stm32l1xx_rtc.o
RTC_OutputConfig                                  Libraries\STM32L1xx_StdPeriph_Driver\src\stm32l1xx_rtc.o
RTC_OutputTypeConfig                              Libraries\STM32L1xx_StdPeriph_Driver\src\stm32l1xx_rtc.o
RTC_ReadBackupRegister                            Libraries\STM32L1xx_StdPeriph_Driver\src\stm32l1xx_rtc.o
RTC_RefClockCmd                                   Libraries\STM32L1xx_StdPeriph_Driver\src\stm32l1xx_rtc.o
RTC_SetAlarm                                      Libraries\STM32L1xx_StdPeriph_Driver\src\stm32l1xx_rtc.o
RTC_SetDate                                       Libraries\STM32L1xx_StdPeriph_Driver\src\stm32l1xx_rtc.o
RTC_SetTime                                       Libraries\STM32L1xx_StdPeriph_Driver\src\stm32l1xx_rtc.o
RTC_SetWakeUpCounter                              Libraries\STM32L1xx_StdPeriph_Driver\src\stm32l1xx_rtc.o
RTC_SmoothCalibConfig                             Libraries\STM32L1xx_StdPeriph_Driver\src\stm32l1xx_rtc.o
RTC_StructInit                                    Libraries\STM32L1xx_StdPeriph_Driver\src\stm32l1xx_rtc.o
RTC_SynchroShiftConfig                            Libraries\STM32L1xx_StdPeriph_Driver\src\stm32l1xx_rtc.o
RTC_TamperCmd                                     Libraries\STM32L1xx_StdPeriph_Driver\src\stm32l1xx_rtc.o
RTC_TamperFilterConfig                            Libraries\STM32L1xx_StdPeriph_Driver\src\stm32l1xx_rtc.o
RTC_TamperPinsPrechargeDuration                   Libraries\STM32L1xx_StdPeriph_Driver\src\stm32l1xx_rtc.o
RTC_TamperPullUpCmd                               Libraries\STM32L1xx_StdPeriph_Driver\src\stm32l1xx_rtc.o
RTC_TamperSamplingFreqConfig                      Libraries\STM32L1xx_StdPeriph_Driver\src\stm32l1xx_rtc.o
RTC_TamperTriggerConfig                           Libraries\STM32L1xx_StdPeriph_Driver\src\stm32l1xx_rtc.o
RTC_TimeStampCmd                                  Libraries\STM32L1xx_StdPeriph_Driver\src\stm32l1xx_rtc.o
RTC_TimeStampOnTamperDetectionCmd                 Libraries\STM32L1xx_StdPeriph_Driver\src\stm32l1xx_rtc.o
RTC_TimeStructInit                                Libraries\STM32L1xx_StdPeriph_Driver\src\stm32l1xx_rtc.o
RTC_WKUP_IRQHandler                               src\startup_stm32l1xx_hd.o
RTC_WaitForSynchro                                Libraries\STM32L1xx_StdPeriph_Driver\src\stm32l1xx_rtc.o
RTC_WakeUpClockConfig                             Libraries\STM32L1xx_StdPeriph_Driver\src\stm32l1xx_rtc.o
RTC_WakeUpCmd                                     Libraries\STM32L1xx_StdPeriph_Driver\src\stm32l1xx_rtc.o
RTC_WriteBackupRegister                           Libraries\STM32L1xx_StdPeriph_Driver\src\stm32l1xx_rtc.o
RTC_WriteProtectionCmd                            Libraries\STM32L1xx_StdPeriph_Driver\src\stm32l1xx_rtc.o
Reset_Handler                                     src\startup_stm32l1xx_hd.o
SDIO_CEATAITCmd                                   Libraries\STM32L1xx_StdPeriph_Driver\src\stm32l1xx_sdio.o
SDIO_ClearFlag                                    Libraries\STM32L1xx_StdPeriph_Driver\src\stm32l1xx_sdio.o
SDIO_ClearITPendingBit                            Libraries\STM32L1xx_StdPeriph_Driver\src\stm32l1xx_sdio.o
SDIO_ClockCmd                                     Libraries\STM32L1xx_StdPeriph_Driver\src\stm32l1xx_sdio.o
SDIO_CmdStructInit                                Libraries\STM32L1xx_StdPeriph_Driver\src\stm32l1xx_sdio.o
SDIO_CommandCompletionCmd                         Libraries\STM32L1xx_StdPeriph_Driver\src\stm32l1xx_sdio.o
SDIO_DMACmd                                       Libraries\STM32L1xx_StdPeriph_Driver\src\stm32l1xx_sdio.o
SDIO_DataConfig                                   Libraries\STM32L1xx_StdPeriph_Driver\src\stm32l1xx_sdio.o
SDIO_DataStructInit                               Libraries\STM32L1xx_StdPeriph_Driver\src\stm32l1xx_sdio.o
SDIO_DeInit                                       Libraries\STM32L1xx_StdPeriph_Driver\src\stm32l1xx_sdio.o
SDIO_GetCommandResponse                           Libraries\STM32L1xx_StdPeriph_Driver\src\stm32l1xx_sdio.o
SDIO_GetDataCounter                               Libraries\STM32L1xx_StdPeriph_Driver\src\stm32l1xx_sdio.o
SDIO_GetFIFOCount                                 Libraries\STM32L1xx_StdPeriph_Driver\src\stm32l1xx_sdio.o
SDIO_GetFlagStatus                                Libraries\STM32L1xx_StdPeriph_Driver\src\stm32l1xx_sdio.o
SDIO_GetITStatus                                  Libraries\STM32L1xx_StdPeriph_Driver\src\stm32l1xx_sdio.o
SDIO_GetPowerState                                Libraries\STM32L1xx_StdPeriph_Driver\src\stm32l1xx_sdio.o
SDIO_GetResponse                                  Libraries\STM32L1xx_StdPeriph_Driver\src\stm32l1xx_sdio.o
SDIO_IRQHandler                                   src\startup_stm32l1xx_hd.o
SDIO_ITConfig                                     Libraries\STM32L1xx_StdPeriph_Driver\src\stm32l1xx_sdio.o
SDIO_Init                                         Libraries\STM32L1xx_StdPeriph_Driver\src\stm32l1xx_sdio.o
SDIO_ReadData                                     Libraries\STM32L1xx_StdPeriph_Driver\src\stm32l1xx_sdio.o
SDIO_SendCEATACmd                                 Libraries\STM32L1xx_StdPeriph_Driver\src\stm32l1xx_sdio.o
SDIO_SendCommand                                  Libraries\STM32L1xx_StdPeriph_Driver\src\stm32l1xx_sdio.o
SDIO_SendSDIOSuspendCmd                           Libraries\STM32L1xx_StdPeriph_Driver\src\stm32l1xx_sdio.o
SDIO_SetPowerState                                Libraries\STM32L1xx_StdPeriph_Driver\src\stm32l1xx_sdio.o
SDIO_SetSDIOOperation                             Libraries\STM32L1xx_StdPeriph_Driver\src\stm32l1xx_sdio.o
SDIO_SetSDIOReadWaitMode                          Libraries\STM32L1xx_StdPeriph_Driver\src\stm32l1xx_sdio.o
SDIO_StartSDIOReadWait                            Libraries\STM32L1xx_StdPeriph_Driver\src\stm32l1xx_sdio.o
SDIO_StopSDIOReadWait                             Libraries\STM32L1xx_StdPeriph_Driver\src\stm32l1xx_sdio.o
SDIO_StructInit                                   Libraries\STM32L1xx_StdPeriph_Driver\src\stm32l1xx_sdio.o
SDIO_WriteData                                    Libraries\STM32L1xx_StdPeriph_Driver\src\stm32l1xx_sdio.o
SPI1_IRQHandler                                   src\startup_stm32l1xx_hd.o
SPI2_IRQHandler                                   src\startup_stm32l1xx_hd.o
SPI3_IRQHandler                                   src\startup_stm32l1xx_hd.o
SPI_BiDirectionalLineConfig                       Libraries\STM32L1xx_StdPeriph_Driver\src\stm32l1xx_spi.o
SPI_CalculateCRC                                  Libraries\STM32L1xx_StdPeriph_Driver\src\stm32l1xx_spi.o
SPI_Cmd                                           Libraries\STM32L1xx_StdPeriph_Driver\src\stm32l1xx_spi.o
SPI_DataSizeConfig                                Libraries\STM32L1xx_StdPeriph_Driver\src\stm32l1xx_spi.o
SPI_GetCRC                                        Libraries\STM32L1xx_StdPeriph_Driver\src\stm32l1xx_spi.o
SPI_GetCRCPolynomial                              Libraries\STM32L1xx_StdPeriph_Driver\src\stm32l1xx_spi.o
SPI_I2S_ClearFlag                                 Libraries\STM32L1xx_StdPeriph_Driver\src\stm32l1xx_spi.o
SPI_I2S_ClearITPendingBit                         Libraries\STM32L1xx_StdPeriph_Driver\src\stm32l1xx_spi.o
SPI_I2S_DMACmd                                    Libraries\STM32L1xx_StdPeriph_Driver\src\stm32l1xx_spi.o
SPI_I2S_DeInit                                    Libraries\STM32L1xx_StdPeriph_Driver\src\stm32l1xx_spi.o
SPI_I2S_GetFlagStatus                             Libraries\STM32L1xx_StdPeriph_Driver\src\stm32l1xx_spi.o
SPI_I2S_GetITStatus                               Libraries\STM32L1xx_StdPeriph_Driver\src\stm32l1xx_spi.o
SPI_I2S_ITConfig                                  Libraries\STM32L1xx_StdPeriph_Driver\src\stm32l1xx_spi.o
SPI_I2S_ReceiveData                               Libraries\STM32L1xx_StdPeriph_Driver\src\stm32l1xx_spi.o
SPI_I2S_SendData                                  Libraries\STM32L1xx_StdPeriph_Driver\src\stm32l1xx_spi.o
SPI_Init                                          Libraries\STM32L1xx_StdPeriph_Driver\src\stm32l1xx_spi.o
SPI_NSSInternalSoftwareConfig                     Libraries\STM32L1xx_StdPeriph_Driver\src\stm32l1xx_spi.o
SPI_SSOutputCmd                                   Libraries\STM32L1xx_StdPeriph_Driver\src\stm32l1xx_spi.o
SPI_StructInit                                    Libraries\STM32L1xx_StdPeriph_Driver\src\stm32l1xx_spi.o
SPI_TransmitCRC                                   Libraries\STM32L1xx_StdPeriph_Driver\src\stm32l1xx_spi.o
SVC_Handler                                       src\stm32l1xx_it.o
                                                  src\startup_stm32l1xx_hd.o
SYSCFG_DeInit                                     Libraries\STM32L1xx_StdPeriph_Driver\src\stm32l1xx_syscfg.o
SYSCFG_EXTILineConfig                             Libraries\STM32L1xx_StdPeriph_Driver\src\stm32l1xx_syscfg.o
SYSCFG_GetBootMode                                Libraries\STM32L1xx_StdPeriph_Driver\src\stm32l1xx_syscfg.o
SYSCFG_MemoryRemapConfig                          Libraries\STM32L1xx_StdPeriph_Driver\src\stm32l1xx_syscfg.o
SYSCFG_RIChannelSpeedConfig                       Libraries\STM32L1xx_StdPeriph_Driver\src\stm32l1xx_syscfg.o
SYSCFG_RIDeInit                                   Libraries\STM32L1xx_StdPeriph_Driver\src\stm32l1xx_syscfg.o
SYSCFG_RIHysteresisConfig                         Libraries\STM32L1xx_StdPeriph_Driver\src\stm32l1xx_syscfg.o
SYSCFG_RIIOSwitchConfig                           Libraries\STM32L1xx_StdPeriph_Driver\src\stm32l1xx_syscfg.o
SYSCFG_RIResistorConfig                           Libraries\STM32L1xx_StdPeriph_Driver\src\stm32l1xx_syscfg.o
SYSCFG_RISwitchControlModeCmd                     Libraries\STM32L1xx_StdPeriph_Driver\src\stm32l1xx_syscfg.o
SYSCFG_RITIMInputCaptureConfig                    Libraries\STM32L1xx_StdPeriph_Driver\src\stm32l1xx_syscfg.o
SYSCFG_RITIMSelect                                Libraries\STM32L1xx_StdPeriph_Driver\src\stm32l1xx_syscfg.o
SYSCFG_USBPuCmd                                   Libraries\STM32L1xx_StdPeriph_Driver\src\stm32l1xx_syscfg.o
SysTick_CLKSourceConfig                           Libraries\STM32L1xx_StdPeriph_Driver\src\misc.o
SysTick_Handler                                   src\stm32l1xx_it.o
                                                  src\startup_stm32l1xx_hd.o
SystemCoreClock                                   src\system_stm32l1xx.o
SystemCoreClockUpdate                             src\system_stm32l1xx.o
SystemInit                                        src\system_stm32l1xx.o
                                                  src\startup_stm32l1xx_hd.o
TAMPER_STAMP_IRQHandler                           src\startup_stm32l1xx_hd.o
TIM10_IRQHandler                                  src\startup_stm32l1xx_hd.o
TIM11_IRQHandler                                  src\startup_stm32l1xx_hd.o
TIM2_IRQHandler                                   src\startup_stm32l1xx_hd.o
TIM3_IRQHandler                                   src\startup_stm32l1xx_hd.o
TIM4Freq                                          src\sensor.o
                                                  src\dialkomer.o
                                                  src\main.o
                                                  src\kontrolka.o
TIM4_IRQHandler                                   src\startup_stm32l1xx_hd.o
TIM5_IRQHandler                                   src\sensor.o
                                                  src\dialkomer.o
TIM6_IRQHandler                                   src\kontrolka.o
TIM7_IRQHandler                                   src\sensor.o
                                                  src\dialkomer.o
TIM9_IRQHandler                                   src\startup_stm32l1xx_hd.o
TIM_ARRPreloadConfig                              Libraries\STM32L1xx_StdPeriph_Driver\src\stm32l1xx_tim.o
TIM_CCxCmd                                        Libraries\STM32L1xx_StdPeriph_Driver\src\stm32l1xx_tim.o
TIM_ClearFlag                                     Libraries\STM32L1xx_StdPeriph_Driver\src\stm32l1xx_tim.o
TIM_ClearITPendingBit                             Libraries\STM32L1xx_StdPeriph_Driver\src\stm32l1xx_tim.o
                                                  src\sensor.o
                                                  src\kontrolka.o
                                                  src\dialkomer.o
TIM_ClearOC1Ref                                   Libraries\STM32L1xx_StdPeriph_Driver\src\stm32l1xx_tim.o
TIM_ClearOC2Ref                                   Libraries\STM32L1xx_StdPeriph_Driver\src\stm32l1xx_tim.o
TIM_ClearOC3Ref                                   Libraries\STM32L1xx_StdPeriph_Driver\src\stm32l1xx_tim.o
TIM_ClearOC4Ref                                   Libraries\STM32L1xx_StdPeriph_Driver\src\stm32l1xx_tim.o
TIM_Cmd                                           Libraries\STM32L1xx_StdPeriph_Driver\src\stm32l1xx_tim.o
                                                  src\sensor.o
                                                  src\kontrolka.o
                                                  src\dialkomer.o
TIM_CounterModeConfig                             Libraries\STM32L1xx_StdPeriph_Driver\src\stm32l1xx_tim.o
TIM_DMACmd                                        Libraries\STM32L1xx_StdPeriph_Driver\src\stm32l1xx_tim.o
TIM_DMAConfig                                     Libraries\STM32L1xx_StdPeriph_Driver\src\stm32l1xx_tim.o
TIM_DeInit                                        Libraries\STM32L1xx_StdPeriph_Driver\src\stm32l1xx_tim.o
TIM_ETRClockMode1Config                           Libraries\STM32L1xx_StdPeriph_Driver\src\stm32l1xx_tim.o
TIM_ETRClockMode2Config                           Libraries\STM32L1xx_StdPeriph_Driver\src\stm32l1xx_tim.o
TIM_ETRConfig                                     Libraries\STM32L1xx_StdPeriph_Driver\src\stm32l1xx_tim.o
TIM_EncoderInterfaceConfig                        Libraries\STM32L1xx_StdPeriph_Driver\src\stm32l1xx_tim.o
TIM_ForcedOC1Config                               Libraries\STM32L1xx_StdPeriph_Driver\src\stm32l1xx_tim.o
TIM_ForcedOC2Config                               Libraries\STM32L1xx_StdPeriph_Driver\src\stm32l1xx_tim.o
TIM_ForcedOC3Config                               Libraries\STM32L1xx_StdPeriph_Driver\src\stm32l1xx_tim.o
TIM_ForcedOC4Config                               Libraries\STM32L1xx_StdPeriph_Driver\src\stm32l1xx_tim.o
TIM_GenerateEvent                                 Libraries\STM32L1xx_StdPeriph_Driver\src\stm32l1xx_tim.o
TIM_GetCapture1                                   Libraries\STM32L1xx_StdPeriph_Driver\src\stm32l1xx_tim.o
TIM_GetCapture2                                   Libraries\STM32L1xx_StdPeriph_Driver\src\stm32l1xx_tim.o
                                                  src\sensor.o
                                                  src\dialkomer.o
TIM_GetCapture3                                   Libraries\STM32L1xx_StdPeriph_Driver\src\stm32l1xx_tim.o
TIM_GetCapture4                                   Libraries\STM32L1xx_StdPeriph_Driver\src\stm32l1xx_tim.o
TIM_GetCounter                                    Libraries\STM32L1xx_StdPeriph_Driver\src\stm32l1xx_tim.o
TIM_GetFlagStatus                                 Libraries\STM32L1xx_StdPeriph_Driver\src\stm32l1xx_tim.o
TIM_GetITStatus                                   Libraries\STM32L1xx_StdPeriph_Driver\src\stm32l1xx_tim.o
                                                  src\sensor.o
                                                  src\kontrolka.o
                                                  src\dialkomer.o
TIM_GetPrescaler                                  Libraries\STM32L1xx_StdPeriph_Driver\src\stm32l1xx_tim.o
TIM_ICInit                                        Libraries\STM32L1xx_StdPeriph_Driver\src\stm32l1xx_tim.o
                                                  src\sensor.o
                                                  src\dialkomer.o
TIM_ICInitStructure                               src\sensor.o
                                                  src\dialkomer.o
TIM_ICStructInit                                  Libraries\STM32L1xx_StdPeriph_Driver\src\stm32l1xx_tim.o
TIM_ITConfig                                      Libraries\STM32L1xx_StdPeriph_Driver\src\stm32l1xx_tim.o
                                                  src\sensor.o
                                                  src\kontrolka.o
                                                  src\dialkomer.o
TIM_ITRxExternalClockConfig                       Libraries\STM32L1xx_StdPeriph_Driver\src\stm32l1xx_tim.o
TIM_InternalClockConfig                           Libraries\STM32L1xx_StdPeriph_Driver\src\stm32l1xx_tim.o
TIM_OC1FastConfig                                 Libraries\STM32L1xx_StdPeriph_Driver\src\stm32l1xx_tim.o
TIM_OC1Init                                       Libraries\STM32L1xx_StdPeriph_Driver\src\stm32l1xx_tim.o
TIM_OC1PolarityConfig                             Libraries\STM32L1xx_StdPeriph_Driver\src\stm32l1xx_tim.o
TIM_OC1PreloadConfig                              Libraries\STM32L1xx_StdPeriph_Driver\src\stm32l1xx_tim.o
TIM_OC2FastConfig                                 Libraries\STM32L1xx_StdPeriph_Driver\src\stm32l1xx_tim.o
TIM_OC2Init                                       Libraries\STM32L1xx_StdPeriph_Driver\src\stm32l1xx_tim.o
TIM_OC2PolarityConfig                             Libraries\STM32L1xx_StdPeriph_Driver\src\stm32l1xx_tim.o
TIM_OC2PreloadConfig                              Libraries\STM32L1xx_StdPeriph_Driver\src\stm32l1xx_tim.o
TIM_OC3FastConfig                                 Libraries\STM32L1xx_StdPeriph_Driver\src\stm32l1xx_tim.o
TIM_OC3Init                                       Libraries\STM32L1xx_StdPeriph_Driver\src\stm32l1xx_tim.o
TIM_OC3PolarityConfig                             Libraries\STM32L1xx_StdPeriph_Driver\src\stm32l1xx_tim.o
TIM_OC3PreloadConfig                              Libraries\STM32L1xx_StdPeriph_Driver\src\stm32l1xx_tim.o
TIM_OC4FastConfig                                 Libraries\STM32L1xx_StdPeriph_Driver\src\stm32l1xx_tim.o
TIM_OC4Init                                       Libraries\STM32L1xx_StdPeriph_Driver\src\stm32l1xx_tim.o
TIM_OC4PolarityConfig                             Libraries\STM32L1xx_StdPeriph_Driver\src\stm32l1xx_tim.o
TIM_OC4PreloadConfig                              Libraries\STM32L1xx_StdPeriph_Driver\src\stm32l1xx_tim.o
TIM_OCStructInit                                  Libraries\STM32L1xx_StdPeriph_Driver\src\stm32l1xx_tim.o
TIM_PWMIConfig                                    Libraries\STM32L1xx_StdPeriph_Driver\src\stm32l1xx_tim.o
TIM_PrescalerConfig                               Libraries\STM32L1xx_StdPeriph_Driver\src\stm32l1xx_tim.o
TIM_RemapConfig                                   Libraries\STM32L1xx_StdPeriph_Driver\src\stm32l1xx_tim.o
TIM_SelectCCDMA                                   Libraries\STM32L1xx_StdPeriph_Driver\src\stm32l1xx_tim.o
TIM_SelectHallSensor                              Libraries\STM32L1xx_StdPeriph_Driver\src\stm32l1xx_tim.o
TIM_SelectInputTrigger                            Libraries\STM32L1xx_StdPeriph_Driver\src\stm32l1xx_tim.o
TIM_SelectMasterSlaveMode                         Libraries\STM32L1xx_StdPeriph_Driver\src\stm32l1xx_tim.o
TIM_SelectOCREFClear                              Libraries\STM32L1xx_StdPeriph_Driver\src\stm32l1xx_tim.o
TIM_SelectOCxM                                    Libraries\STM32L1xx_StdPeriph_Driver\src\stm32l1xx_tim.o
TIM_SelectOnePulseMode                            Libraries\STM32L1xx_StdPeriph_Driver\src\stm32l1xx_tim.o
TIM_SelectOutputTrigger                           Libraries\STM32L1xx_StdPeriph_Driver\src\stm32l1xx_tim.o
TIM_SelectSlaveMode                               Libraries\STM32L1xx_StdPeriph_Driver\src\stm32l1xx_tim.o
TIM_SetAutoreload                                 Libraries\STM32L1xx_StdPeriph_Driver\src\stm32l1xx_tim.o
TIM_SetClockDivision                              Libraries\STM32L1xx_StdPeriph_Driver\src\stm32l1xx_tim.o
TIM_SetCompare1                                   Libraries\STM32L1xx_StdPeriph_Driver\src\stm32l1xx_tim.o
TIM_SetCompare2                                   Libraries\STM32L1xx_StdPeriph_Driver\src\stm32l1xx_tim.o
TIM_SetCompare3                                   Libraries\STM32L1xx_StdPeriph_Driver\src\stm32l1xx_tim.o
TIM_SetCompare4                                   Libraries\STM32L1xx_StdPeriph_Driver\src\stm32l1xx_tim.o
TIM_SetCounter                                    Libraries\STM32L1xx_StdPeriph_Driver\src\stm32l1xx_tim.o
TIM_SetIC1Prescaler                               Libraries\STM32L1xx_StdPeriph_Driver\src\stm32l1xx_tim.o
TIM_SetIC2Prescaler                               Libraries\STM32L1xx_StdPeriph_Driver\src\stm32l1xx_tim.o
TIM_SetIC3Prescaler                               Libraries\STM32L1xx_StdPeriph_Driver\src\stm32l1xx_tim.o
TIM_SetIC4Prescaler                               Libraries\STM32L1xx_StdPeriph_Driver\src\stm32l1xx_tim.o
TIM_TIxExternalClockConfig                        Libraries\STM32L1xx_StdPeriph_Driver\src\stm32l1xx_tim.o
TIM_TimeBaseInit                                  Libraries\STM32L1xx_StdPeriph_Driver\src\stm32l1xx_tim.o
                                                  src\sensor.o
                                                  src\kontrolka.o
                                                  src\dialkomer.o
TIM_TimeBaseStructInit                            Libraries\STM32L1xx_StdPeriph_Driver\src\stm32l1xx_tim.o
TIM_UpdateDisableConfig                           Libraries\STM32L1xx_StdPeriph_Driver\src\stm32l1xx_tim.o
TIM_UpdateRequestConfig                           Libraries\STM32L1xx_StdPeriph_Driver\src\stm32l1xx_tim.o
UART4_IRQHandler                                  src\startup_stm32l1xx_hd.o
UART5_IRQHandler                                  src\startup_stm32l1xx_hd.o
USART1_IRQHandler                                 src\startup_stm32l1xx_hd.o
USART2_IRQHandler                                 src\startup_stm32l1xx_hd.o
USART3_IRQHandler                                 src\startup_stm32l1xx_hd.o
USART_ClearFlag                                   Libraries\STM32L1xx_StdPeriph_Driver\src\stm32l1xx_usart.o
USART_ClearITPendingBit                           Libraries\STM32L1xx_StdPeriph_Driver\src\stm32l1xx_usart.o
USART_ClockInit                                   Libraries\STM32L1xx_StdPeriph_Driver\src\stm32l1xx_usart.o
USART_ClockStructInit                             Libraries\STM32L1xx_StdPeriph_Driver\src\stm32l1xx_usart.o
USART_Cmd                                         Libraries\STM32L1xx_StdPeriph_Driver\src\stm32l1xx_usart.o
USART_DMACmd                                      Libraries\STM32L1xx_StdPeriph_Driver\src\stm32l1xx_usart.o
USART_DeInit                                      Libraries\STM32L1xx_StdPeriph_Driver\src\stm32l1xx_usart.o
USART_GetFlagStatus                               Libraries\STM32L1xx_StdPeriph_Driver\src\stm32l1xx_usart.o
USART_GetITStatus                                 Libraries\STM32L1xx_StdPeriph_Driver\src\stm32l1xx_usart.o
USART_HalfDuplexCmd                               Libraries\STM32L1xx_StdPeriph_Driver\src\stm32l1xx_usart.o
USART_ITConfig                                    Libraries\STM32L1xx_StdPeriph_Driver\src\stm32l1xx_usart.o
USART_Init                                        Libraries\STM32L1xx_StdPeriph_Driver\src\stm32l1xx_usart.o
USART_IrDACmd                                     Libraries\STM32L1xx_StdPeriph_Driver\src\stm32l1xx_usart.o
USART_IrDAConfig                                  Libraries\STM32L1xx_StdPeriph_Driver\src\stm32l1xx_usart.o
USART_LINBreakDetectLengthConfig                  Libraries\STM32L1xx_StdPeriph_Driver\src\stm32l1xx_usart.o
USART_LINCmd                                      Libraries\STM32L1xx_StdPeriph_Driver\src\stm32l1xx_usart.o
USART_OneBitMethodCmd                             Libraries\STM32L1xx_StdPeriph_Driver\src\stm32l1xx_usart.o
USART_OverSampling8Cmd                            Libraries\STM32L1xx_StdPeriph_Driver\src\stm32l1xx_usart.o
USART_ReceiveData                                 Libraries\STM32L1xx_StdPeriph_Driver\src\stm32l1xx_usart.o
USART_ReceiverWakeUpCmd                           Libraries\STM32L1xx_StdPeriph_Driver\src\stm32l1xx_usart.o
USART_SendBreak                                   Libraries\STM32L1xx_StdPeriph_Driver\src\stm32l1xx_usart.o